
TypeError: Object p2a: Gengar-Mega has no method 'Trap'
    at Tools.exports.BattleAbilities.shadowtag.onModifyPokemon (/Users/IcyVines/Desktop/Pokemon-Showdown/data/abilities.js:2350:13)
    at Tools.Battle.runEvent (/Users/IcyVines/Desktop/Pokemon-Showdown/battle-engine.js:2046:38)
    at BattlePokemon.update (/Users/IcyVines/Desktop/Pokemon-Showdown/battle-engine.js:421:15)
    at Tools.Battle.switchIn (/Users/IcyVines/Desktop/Pokemon-Showdown/battle-engine.js:2410:11)
    at Tools.Battle.runDecision (/Users/IcyVines/Desktop/Pokemon-Showdown/battle-engine.js:3320:9)
    at Tools.Battle.go (/Users/IcyVines/Desktop/Pokemon-Showdown/battle-engine.js:3409:9)
    at Tools.Battle.commitDecisions (/Users/IcyVines/Desktop/Pokemon-Showdown/battle-engine.js:3487:8)
    at Tools.Battle.choose (/Users/IcyVines/Desktop/Pokemon-Showdown/battle-engine.js:3469:9)
    at Tools.Battle.receive (/Users/IcyVines/Desktop/Pokemon-Showdown/battle-engine.js:3813:9)
    at process.BattlePokemon.side (/Users/IcyVines/Desktop/Pokemon-Showdown/battle-engine.js:144:12)

Additional information:
message = battle-customgame-89|choose|p1|move Flamethrower|10
currentRequest = move

Log:
|player|p1|asldfnjkasdf|265
|player|p2|askfbhjasf|266
|gametype|singles
|gen|6
|tier|Custom Game
|clearpoke
|poke|p1|Politoed, M
|poke|p1|Ninetales, F
|poke|p2|Politoed, F
|poke|p2|Gengar-Mega, M
|teampreview
|
|start
|split
|switch|p1a: Politoed|Politoed, M|321/321
|switch|p1a: Politoed|Politoed, M|321/321
|switch|p1a: Politoed|Politoed, M|321/321
|switch|p1a: Politoed|Politoed, M|321/321
|split
|switch|p2a: Politoed|Politoed, F|321/321
|switch|p2a: Politoed|Politoed, F|321/321
|switch|p2a: Politoed|Politoed, F|321/321
|switch|p2a: Politoed|Politoed, F|321/321
|-weather|RainDance
|turn|1
|
|move|p1a: Politoed|Hydro Pump|p2a: Politoed
|-immune|p2a: Politoed|[msg]
|-boost|p2a: Politoed|spd|1|[from] ability: Damp
|-boost|p2a: Politoed|def|1|[from] ability: Damp
|-unboost|p2a: Politoed|spe|1|[from] ability: Damp
|debug|randBW(16) = 1
|debug|rain water boost
|debug|randBW(16) = 3
|-resisted|p2a: Politoed
|split
|-damage|p2a: Politoed|273/321
|-damage|p2a: Politoed|273/321
|-damage|p2a: Politoed|273/321
|-damage|p2a: Politoed|273/321
|move|p2a: Politoed|Refresh|p2a: Politoed
|
|-weather|RainDance|[upkeep]
|turn|2
|
|move|p1a: Politoed|Hydro Pump|p2a: Politoed
|-immune|p2a: Politoed|[msg]
|-boost|p2a: Politoed|spd|1|[from] ability: Damp
|-boost|p2a: Politoed|def|1|[from] ability: Damp
|-unboost|p2a: Politoed|spe|1|[from] ability: Damp
|debug|randBW(16) = 5
|debug|rain water boost
|debug|randBW(16) = 8
|-resisted|p2a: Politoed
|split
|-damage|p2a: Politoed|238/321
|-damage|p2a: Politoed|238/321
|-damage|p2a: Politoed|238/321
|-damage|p2a: Politoed|238/321
|move|p2a: Politoed|Refresh|p2a: Politoed
|
|-weather|RainDance|[upkeep]
|turn|3
|
|move|p1a: Politoed|Hydro Pump|p2a: Politoed
|-immune|p2a: Politoed|[msg]
|-boost|p2a: Politoed|spd|1|[from] ability: Damp
|-boost|p2a: Politoed|def|1|[from] ability: Damp
|-unboost|p2a: Politoed|spe|1|[from] ability: Damp
|debug|randBW(16) = 10
|debug|rain water boost
|debug|randBW(16) = 11
|-resisted|p2a: Politoed
|split
|-damage|p2a: Politoed|211/321
|-damage|p2a: Politoed|211/321
|-damage|p2a: Politoed|211/321
|-damage|p2a: Politoed|211/321
|move|p2a: Politoed|Refresh|p2a: Politoed
|
|-weather|RainDance|[upkeep]
|turn|4
|
|move|p1a: Politoed|Hydro Pump|p2a: Politoed
|-immune|p2a: Politoed|[msg]
|-boost|p2a: Politoed|spd|1|[from] ability: Damp
|-boost|p2a: Politoed|def|1|[from] ability: Damp
|-unboost|p2a: Politoed|spe|1|[from] ability: Damp
|debug|randBW(16) = 14
|debug|rain water boost
|debug|randBW(16) = 1
|-resisted|p2a: Politoed
|split
|-damage|p2a: Politoed|186/321
|-damage|p2a: Politoed|186/321
|-damage|p2a: Politoed|186/321
|-damage|p2a: Politoed|186/321
|move|p2a: Politoed|Recover|p2a: Politoed
|split
|-heal|p2a: Politoed|321/321
|-heal|p2a: Politoed|321/321
|-heal|p2a: Politoed|321/321
|-heal|p2a: Politoed|321/321
|
|-weather|RainDance|[upkeep]
|turn|5
|
|move|p1a: Politoed|Hydro Pump|p2a: Politoed
|-immune|p2a: Politoed|[msg]
|-boost|p2a: Politoed|spd|1|[from] ability: Damp
|-boost|p2a: Politoed|def|1|[from] ability: Damp
|-unboost|p2a: Politoed|spe|1|[from] ability: Damp
|debug|randBW(16) = 4
|debug|rain water boost
|debug|randBW(16) = 2
|-resisted|p2a: Politoed
|split
|-damage|p2a: Politoed|300/321
|-damage|p2a: Politoed|300/321
|-damage|p2a: Politoed|300/321
|-damage|p2a: Politoed|300/321
|move|p2a: Politoed|Rest|p2a: Politoed
|-status|p2a: Politoed|slp
|debug|randBW(2,5) = 3
|split
|-heal|p2a: Politoed|321/321 slp|[silent]
|-heal|p2a: Politoed|321/321 slp|[silent]
|-heal|p2a: Politoed|321/321 slp|[silent]
|-heal|p2a: Politoed|321/321 slp|[silent]
|-status|p2a: Politoed|slp|[from] move: Rest
|
|-weather|RainDance|[upkeep]
|turn|6
|
|split
|switch|p1a: Ninetales|Ninetales, F|287/287
|switch|p1a: Ninetales|Ninetales, F|287/287
|switch|p1a: Ninetales|Ninetales, F|287/287
|switch|p1a: Ninetales|Ninetales, F|287/287
|-weather|SunnyDay
|cant|p2a: Politoed|slp
|
|-weather|SunnyDay|[upkeep]
|turn|7
|
|move|p1a: Ninetales|Flamethrower|p2a: Politoed
|debug|randBW(100) = 14
|debug|randBW(16) = 11
|debug|Sunny Day fire boost
|debug|randBW(16) = 2
|-resisted|p2a: Politoed
|split
|-damage|p2a: Politoed|313/321 slp
|-damage|p2a: Politoed|313/321 slp
|-damage|p2a: Politoed|313/321 slp
|-damage|p2a: Politoed|313/321 slp
|debug|randBW(100) = 92
|cant|p2a: Politoed|slp
|
|-weather|SunnyDay|[upkeep]
|turn|8
|
|move|p1a: Ninetales|Flamethrower|p2a: Politoed
|debug|randBW(100) = 36
|debug|randBW(16) = 8
|debug|Sunny Day fire boost
|debug|randBW(16) = 1
|-resisted|p2a: Politoed
|split
|-damage|p2a: Politoed|305/321 slp
|-damage|p2a: Politoed|305/321 slp
|-damage|p2a: Politoed|305/321 slp
|-damage|p2a: Politoed|305/321 slp
|debug|randBW(100) = 0
|debug|move failed because it did nothing
|-curestatus|p2a: Politoed|slp
|move|p2a: Politoed|Refresh|p2a: Politoed
|
|-weather|SunnyDay|[upkeep]
|turn|9
|
|split
|switch|p2a: Gengar-Mega|Gengar-Mega, M|261/261
|switch|p2a: Gengar-Mega|Gengar-Mega, M|261/261
|switch|p2a: Gengar-Mega|Gengar-Mega, M|261/261
|switch|p2a: Gengar-Mega|Gengar-Mega, M|261/261
|-formechange|p2a: Gengar-Mega|Gengar-Mega
|debug|natural immunity
|debug|natural immunity
|debug|natural immunity

TypeError: Object p2a: Gengar-Mega has no method 'Trap'
    at Tools.exports.BattleAbilities.shadowtag.onModifyPokemon (/Users/IcyVines/Desktop/Pokemon-Showdown/data/abilities.js:2350:13)
    at Tools.Battle.runEvent (/Users/IcyVines/Desktop/Pokemon-Showdown/battle-engine.js:2046:38)
    at BattlePokemon.update (/Users/IcyVines/Desktop/Pokemon-Showdown/battle-engine.js:421:15)
    at Tools.Battle.update (/Users/IcyVines/Desktop/Pokemon-Showdown/battle-engine.js:1720:31)
    at Tools.Battle.makeRequest (/Users/IcyVines/Desktop/Pokemon-Showdown/battle-engine.js:2247:8)
    at process.BattlePokemon.side (/Users/IcyVines/Desktop/Pokemon-Showdown/battle-engine.js:158:13)
    at process.EventEmitter.emit (events.js:98:17)
    at handleMessage (child_process.js:318:10)
    at Pipe.channel.onread (child_process.js:345:11)

TypeError: Object p2a: Alakazam has no method 'Trap'
    at Tools.exports.BattleAbilities.shadowtag.onModifyPokemon (/Users/IcyVines/Desktop/Pokemon-Showdown/data/abilities.js:2350:13)
    at Tools.Battle.runEvent (/Users/IcyVines/Desktop/Pokemon-Showdown/battle-engine.js:2046:38)
    at BattlePokemon.update (/Users/IcyVines/Desktop/Pokemon-Showdown/battle-engine.js:421:15)
    at Tools.Battle.switchIn (/Users/IcyVines/Desktop/Pokemon-Showdown/battle-engine.js:2410:11)
    at Tools.Battle.runDecision (/Users/IcyVines/Desktop/Pokemon-Showdown/battle-engine.js:3320:9)
    at Tools.Battle.go (/Users/IcyVines/Desktop/Pokemon-Showdown/battle-engine.js:3409:9)
    at Tools.Battle.commitDecisions (/Users/IcyVines/Desktop/Pokemon-Showdown/battle-engine.js:3487:8)
    at Tools.Battle.choose (/Users/IcyVines/Desktop/Pokemon-Showdown/battle-engine.js:3469:9)
    at Tools.Battle.receive (/Users/IcyVines/Desktop/Pokemon-Showdown/battle-engine.js:3813:9)
    at process.BattlePokemon.side (/Users/IcyVines/Desktop/Pokemon-Showdown/battle-engine.js:144:12)

Additional information:
message = battle-customgame-90|choose|p1|switch 2|7
currentRequest = move

Log:
|player|p1|asldfnjkasdf|265
|player|p2|askfbhjasf|266
|gametype|singles
|gen|6
|tier|Custom Game
|clearpoke
|poke|p1|Politoed, F
|poke|p1|Ninetales, F
|poke|p2|Politoed, M
|poke|p2|Parasect, F
|poke|p2|Alakazam, M
|teampreview
|
|start
|split
|switch|p1a: Ninetales|Ninetales, F|287/287
|switch|p1a: Ninetales|Ninetales, F|287/287
|switch|p1a: Ninetales|Ninetales, F|287/287
|switch|p1a: Ninetales|Ninetales, F|287/287
|split
|switch|p2a: Parasect|Parasect, F|261/261
|switch|p2a: Parasect|Parasect, F|261/261
|switch|p2a: Parasect|Parasect, F|261/261
|switch|p2a: Parasect|Parasect, F|261/261
|-weather|SunnyDay
|turn|1
|
|move|p1a: Ninetales|Flamethrower|p2a: Parasect
|debug|randBW(100) = 72
|debug|randBW(16) = 1
|debug|Sunny Day fire boost
|debug|randBW(16) = 7
|-supereffective|p2a: Parasect
|split
|-damage|p2a: Parasect|17/261
|-damage|p2a: Parasect|17/261
|-damage|p2a: Parasect|17/261
|-damage|p2a: Parasect|17/261
|debug|randBW(100) = 8
|-status|p2a: Parasect|brn
|move|p2a: Parasect|Synthesis|p2a: Parasect
|split
|-heal|p2a: Parasect|191/261 brn
|-heal|p2a: Parasect|191/261 brn
|-heal|p2a: Parasect|191/261 brn
|-heal|p2a: Parasect|191/261 brn
|
|-weather|SunnyDay|[upkeep]
|split
|-damage|p2a: Parasect|159/261 brn|[from] brn
|-damage|p2a: Parasect|159/261 brn|[from] brn
|-damage|p2a: Parasect|159/261 brn|[from] brn
|-damage|p2a: Parasect|159/261 brn|[from] brn
|turn|2
|
|move|p1a: Ninetales|Flamethrower|p2a: Parasect
|debug|randBW(100) = 50
|debug|randBW(16) = 14
|debug|Sunny Day fire boost
|debug|randBW(16) = 14
|-supereffective|p2a: Parasect
|split
|-damage|p2a: Parasect|0 fnt
|-damage|p2a: Parasect|0 fnt
|-damage|p2a: Parasect|0 fnt
|-damage|p2a: Parasect|0 fnt
|debug|randBW(100) = 16
|faint|p2a: Parasect
|
|-weather|SunnyDay|[upkeep]
|
|split
|switch|p2a: Politoed|Politoed, M|321/321
|switch|p2a: Politoed|Politoed, M|321/321
|switch|p2a: Politoed|Politoed, M|321/321
|switch|p2a: Politoed|Politoed, M|321/321
|turn|3
|
|move|p1a: Ninetales|Flamethrower|p2a: Politoed
|debug|randBW(100) = 46
|debug|randBW(16) = 5
|debug|Sunny Day fire boost
|debug|randBW(16) = 10
|-resisted|p2a: Politoed
|split
|-damage|p2a: Politoed|295/321
|-damage|p2a: Politoed|295/321
|-damage|p2a: Politoed|295/321
|-damage|p2a: Politoed|295/321
|debug|randBW(100) = 30
|move|p2a: Politoed|Refresh|p2a: Politoed
|
|-weather|SunnyDay|[upkeep]
|turn|4
|
|move|p1a: Ninetales|Flamethrower|p2a: Politoed
|debug|randBW(100) = 27
|debug|randBW(16) = 1
|debug|Sunny Day fire boost
|debug|randBW(16) = 12
|-resisted|p2a: Politoed
|split
|-damage|p2a: Politoed|270/321
|-damage|p2a: Politoed|270/321
|-damage|p2a: Politoed|270/321
|-damage|p2a: Politoed|270/321
|debug|randBW(100) = 83
|move|p2a: Politoed|Refresh|p2a: Politoed
|
|-weather|SunnyDay|[upkeep]
|turn|5
|
|split
|switch|p1a: Politoed|Politoed, F|321/321
|switch|p1a: Politoed|Politoed, F|321/321
|switch|p1a: Politoed|Politoed, F|321/321
|switch|p1a: Politoed|Politoed, F|321/321
|-weather|RainDance
|split
|switch|p2a: Alakazam|Alakazam, M|251/251
|switch|p2a: Alakazam|Alakazam, M|251/251
|switch|p2a: Alakazam|Alakazam, M|251/251
|switch|p2a: Alakazam|Alakazam, M|251/251

TypeError: Object p2a: Alakazam has no method 'Trap'
    at Tools.exports.BattleAbilities.shadowtag.onModifyPokemon (/Users/IcyVines/Desktop/Pokemon-Showdown/data/abilities.js:2350:13)
    at Tools.Battle.runEvent (/Users/IcyVines/Desktop/Pokemon-Showdown/battle-engine.js:2046:38)
    at BattlePokemon.update (/Users/IcyVines/Desktop/Pokemon-Showdown/battle-engine.js:421:15)
    at Tools.Battle.update (/Users/IcyVines/Desktop/Pokemon-Showdown/battle-engine.js:1720:31)
    at Tools.Battle.makeRequest (/Users/IcyVines/Desktop/Pokemon-Showdown/battle-engine.js:2247:8)
    at process.BattlePokemon.side (/Users/IcyVines/Desktop/Pokemon-Showdown/battle-engine.js:158:13)
    at process.EventEmitter.emit (events.js:98:17)
    at handleMessage (child_process.js:318:10)
    at Pipe.channel.onread (child_process.js:345:11)

Error: channel closed
    at ChildProcess.target.send (child_process.js:402:26)
    at Simulator.send (/Users/IcyVines/Desktop/Pokemon-Showdown-Client/simulator.js:118:16)
    at new Simulator (/Users/IcyVines/Desktop/Pokemon-Showdown-Client/simulator.js:92:8)
    at Object.exports.create (/Users/IcyVines/Desktop/Pokemon-Showdown-Client/simulator.js:330:9)
    at new BattleRoom (/Users/IcyVines/Desktop/Pokemon-Showdown-Client/rooms.js:535:27)
    at newRoom (/Users/IcyVines/Desktop/Pokemon-Showdown-Client/rooms.js:1523:19)
    at GlobalRoom.addRoom (/Users/IcyVines/Desktop/Pokemon-Showdown-Client/rooms.js:481:10)
    at GlobalRoom.startBattle (/Users/IcyVines/Desktop/Pokemon-Showdown-Client/rooms.js:469:18)
    at User.acceptChallengeFrom (/Users/IcyVines/Desktop/Pokemon-Showdown-Client/users.js:1210:16)
    at /Users/IcyVines/Desktop/Pokemon-Showdown-Client/commands.js:1619:21

ReferenceError: move is not defined
    at Tools.exports.BattleAbilities.unsheathed.onBasePower (/Users/IcyVines/Desktop/Pokemon-Client/data/abilities.js:3535:7)
    at Tools.Battle.runEvent (/Users/IcyVines/Desktop/Pokemon-Client/battle-engine.js:2046:38)
    at Tools.Battle.getDamage (/Users/IcyVines/Desktop/Pokemon-Client/battle-engine.js:2844:20)
    at Tools.exports.BattleScripts.moveHit (/Users/IcyVines/Desktop/Pokemon-Client/data/scripts.js:355:18)
    at Tools.exports.BattleScripts.tryMoveHit (/Users/IcyVines/Desktop/Pokemon-Client/data/scripts.js:274:18)
    at Tools.exports.BattleScripts.useMove (/Users/IcyVines/Desktop/Pokemon-Client/data/scripts.js:164:18)
    at Tools.exports.BattleScripts.runMove (/Users/IcyVines/Desktop/Pokemon-Client/data/scripts.js:45:8)
    at Tools.Battle.runDecision (/Users/IcyVines/Desktop/Pokemon-Client/battle-engine.js:3248:9)
    at Tools.Battle.go (/Users/IcyVines/Desktop/Pokemon-Client/battle-engine.js:3413:9)
    at Tools.Battle.commitDecisions (/Users/IcyVines/Desktop/Pokemon-Client/battle-engine.js:3491:8)

Additional information:
message = battle-customgame-508|choose|p2|move Earthquake|9
currentRequest = move

Log:
|player|p1|IcyVines|266
|player|p2|Brendan0207|99
|gametype|singles
|gen|6
|tier|Custom Game
|clearpoke
|poke|p1|Azurill, F
|poke|p1|Flareon, F
|poke|p1|Espeon, F
|poke|p1|Typhlosion, F
|poke|p1|Leafeon, F
|poke|p1|Glaceon, F
|poke|p2|Dragonite, F
|poke|p2|Lucario, M, shiny
|poke|p2|Alakazam, M, shiny
|teampreview
|
|start
|split
|switch|p1a: Espeon|Espeon, F|282/282
|switch|p1a: Espeon|Espeon, F|282/282
|switch|p1a: Espeon|Espeon, F|282/282
|switch|p1a: Espeon|Espeon, F|282/282
|split
|switch|p2a: Everything else Ra|Alakazam, M, shiny|251/251
|switch|p2a: Everything else Ra|Alakazam, M, shiny|251/251
|switch|p2a: Everything else Ra|Alakazam, M, shiny|251/251
|switch|p2a: Everything else Ra|Alakazam, M, shiny|251/251
|turn|1
|
|-formechange|p2a: Everything else Ra|Alakazam-Mega
|message|Alakazam has Mega Evolved into Mega Alakazam!
|-ability|p2a: Everything else Ra|Applied Knowledge|[from] ability: Trace|[of] p1a: Espeon
|move|p2a: Everything else Ra|Psyshock|p1a: Espeon
|debug|randBW(100) = 4
|debug|randBW(16) = 9
|debug|randBW(16) = 15
|-resisted|p1a: Espeon
|split
|-damage|p1a: Espeon|166/282
|-damage|p1a: Espeon|166/282
|-damage|p1a: Espeon|166/282
|-damage|p1a: Espeon|166/282
|move|p1a: Espeon|Signal Beam|p2a: Everything else Ra
|debug|randBW(100) = 67
|debug|randBW(16) = 6
|debug|randBW(16) = 0
|-supereffective|p2a: Everything else Ra
|split
|-damage|p2a: Everything else Ra|43/251
|-damage|p2a: Everything else Ra|43/251
|-damage|p2a: Everything else Ra|43/251
|-damage|p2a: Everything else Ra|43/251
|debug|randBW(100) = 97
|
|turn|2
|
|move|p2a: Everything else Ra|Psyshock|p1a: Espeon
|debug|randBW(100) = 46
|debug|randBW(16) = 4
|debug|randBW(16) = 15
|-resisted|p1a: Espeon
|split
|-damage|p1a: Espeon|50/282
|-damage|p1a: Espeon|50/282
|-damage|p1a: Espeon|50/282
|-damage|p1a: Espeon|50/282
|move|p1a: Espeon|Signal Beam|p2a: Everything else Ra
|debug|randBW(100) = 9
|debug|randBW(16) = 14
|debug|randBW(16) = 1
|-supereffective|p2a: Everything else Ra
|split
|-damage|p2a: Everything else Ra|0 fnt
|-damage|p2a: Everything else Ra|0 fnt
|-damage|p2a: Everything else Ra|0 fnt
|-damage|p2a: Everything else Ra|0 fnt
|debug|randBW(100) = 97
|faint|p2a: Everything else Ra
|-boost|p1a: Espeon|spa|1|[from] ability: Applied Knowledge
|
|
|split
|switch|p2a: Fairy Rape|Lucario, M, shiny|281/281
|switch|p2a: Fairy Rape|Lucario, M, shiny|281/281
|switch|p2a: Fairy Rape|Lucario, M, shiny|281/281
|switch|p2a: Fairy Rape|Lucario, M, shiny|281/281
|turn|3
|
|move|p1a: Espeon|Hidden Power|p2a: Fairy Rape
|debug|randBW(100) = 13
|debug|randBW(16) = 11
|debug|randBW(16) = 4
|-supereffective|p2a: Fairy Rape
|split
|-damage|p2a: Fairy Rape|0 fnt
|-damage|p2a: Fairy Rape|0 fnt
|-damage|p2a: Fairy Rape|0 fnt
|-damage|p2a: Fairy Rape|0 fnt
|faint|p2a: Fairy Rape
|-boost|p1a: Espeon|spa|1|[from] ability: Applied Knowledge
|
|
|split
|switch|p2a: Most things Rape|Dragonite, F|386/386
|switch|p2a: Most things Rape|Dragonite, F|386/386
|switch|p2a: Most things Rape|Dragonite, F|386/386
|switch|p2a: Most things Rape|Dragonite, F|386/386
|turn|4
|
|move|p2a: Most things Rape|Dragoon|p1a: Espeon
|debug|randBW(100) = 64
|debug|randBW(16) = 0
|-crit|p1a: Espeon
|debug|randBW(16) = 9
|split
|-damage|p1a: Espeon|0 fnt
|-damage|p1a: Espeon|0 fnt
|-damage|p1a: Espeon|0 fnt
|-damage|p1a: Espeon|0 fnt
|faint|p1a: Espeon
|
|
|split
|switch|p1a: Leafeon|Leafeon, F|282/282
|switch|p1a: Leafeon|Leafeon, F|282/282
|switch|p1a: Leafeon|Leafeon, F|282/282
|switch|p1a: Leafeon|Leafeon, F|282/282
|turn|5
|
|move|p1a: Leafeon|Leaf Blade|p2a: Most things Rape
|debug|randBW(100) = 33
|debug|randBW(8) = 1

ReferenceError: move is not defined
    at Tools.exports.BattleAbilities.unsheathed.onBasePower (/Users/IcyVines/Desktop/Pokemon-Client/data/abilities.js:3536:7)
    at Tools.Battle.runEvent (/Users/IcyVines/Desktop/Pokemon-Client/battle-engine.js:2046:38)
    at Tools.Battle.getDamage (/Users/IcyVines/Desktop/Pokemon-Client/battle-engine.js:2844:20)
    at Tools.exports.BattleScripts.moveHit (/Users/IcyVines/Desktop/Pokemon-Client/data/scripts.js:355:18)
    at Tools.exports.BattleScripts.tryMoveHit (/Users/IcyVines/Desktop/Pokemon-Client/data/scripts.js:274:18)
    at Tools.exports.BattleScripts.useMove (/Users/IcyVines/Desktop/Pokemon-Client/data/scripts.js:164:18)
    at Tools.exports.BattleScripts.runMove (/Users/IcyVines/Desktop/Pokemon-Client/data/scripts.js:45:8)
    at Tools.Battle.runDecision (/Users/IcyVines/Desktop/Pokemon-Client/battle-engine.js:3248:9)
    at Tools.Battle.go (/Users/IcyVines/Desktop/Pokemon-Client/battle-engine.js:3413:9)
    at Tools.Battle.commitDecisions (/Users/IcyVines/Desktop/Pokemon-Client/battle-engine.js:3491:8)

Additional information:
message = battle-customgame-518|choose|p1|move Haze|2
currentRequest = move

Log:
|player|p1|SirDanMan|1
|player|p2|IcyVines|266
|gametype|singles
|gen|6
|tier|Custom Game
|clearpoke
|poke|p1|Abra, M
|poke|p1|Kadabra, M
|poke|p1|Alakazam, F
|poke|p1|Magikarp, F
|poke|p1|Dragonite, F
|poke|p2|Flareon, M
|poke|p2|Leafeon, M
|poke|p2|Leafeon, F
|poke|p2|Dragonite, M
|teampreview
|
|start
|split
|switch|p1a: Dragonite|Dragonite, F|323/323
|switch|p1a: Dragonite|Dragonite, F|323/323
|switch|p1a: Dragonite|Dragonite, F|323/323
|switch|p1a: Dragonite|Dragonite, F|323/323
|split
|switch|p2a: Leafeon|Leafeon, M|282/282
|switch|p2a: Leafeon|Leafeon, M|282/282
|switch|p2a: Leafeon|Leafeon, M|282/282
|switch|p2a: Leafeon|Leafeon, M|282/282
|turn|1
|
|move|p2a: Leafeon|Leaf Blade|p1a: Dragonite
|debug|randBW(100) = 28
|debug|randBW(8) = 0

ReferenceError: move is not defined
    at Tools.exports.BattleAbilities.unsheathed.onBasePower (/Users/IcyVines/Desktop/Pokemon-Client/data/abilities.js:3536:7)
    at Tools.Battle.runEvent (/Users/IcyVines/Desktop/Pokemon-Client/battle-engine.js:2046:38)
    at Tools.Battle.getDamage (/Users/IcyVines/Desktop/Pokemon-Client/battle-engine.js:2844:20)
    at Tools.exports.BattleScripts.moveHit (/Users/IcyVines/Desktop/Pokemon-Client/data/scripts.js:355:18)
    at Tools.exports.BattleScripts.tryMoveHit (/Users/IcyVines/Desktop/Pokemon-Client/data/scripts.js:274:18)
    at Tools.exports.BattleScripts.useMove (/Users/IcyVines/Desktop/Pokemon-Client/data/scripts.js:164:18)
    at Tools.exports.BattleScripts.runMove (/Users/IcyVines/Desktop/Pokemon-Client/data/scripts.js:45:8)
    at Tools.Battle.runDecision (/Users/IcyVines/Desktop/Pokemon-Client/battle-engine.js:3248:9)
    at Tools.Battle.go (/Users/IcyVines/Desktop/Pokemon-Client/battle-engine.js:3413:9)
    at Tools.Battle.commitDecisions (/Users/IcyVines/Desktop/Pokemon-Client/battle-engine.js:3491:8)

Additional information:
message = battle-customgame-518|choose|p1|move Recover|5
currentRequest = move

Log:
|player|p1|SirDanMan|1
|player|p2|IcyVines|266
|gametype|singles
|gen|6
|tier|Custom Game
|clearpoke
|poke|p1|Abra, M
|poke|p1|Kadabra, M
|poke|p1|Alakazam, F
|poke|p1|Magikarp, F
|poke|p1|Dragonite, F
|poke|p2|Flareon, M
|poke|p2|Leafeon, M
|poke|p2|Leafeon, F
|poke|p2|Dragonite, M
|teampreview
|
|start
|split
|switch|p1a: Dragonite|Dragonite, F|323/323
|switch|p1a: Dragonite|Dragonite, F|323/323
|switch|p1a: Dragonite|Dragonite, F|323/323
|switch|p1a: Dragonite|Dragonite, F|323/323
|split
|switch|p2a: Leafeon|Leafeon, M|282/282
|switch|p2a: Leafeon|Leafeon, M|282/282
|switch|p2a: Leafeon|Leafeon, M|282/282
|switch|p2a: Leafeon|Leafeon, M|282/282
|turn|1
|
|move|p2a: Leafeon|Leaf Blade|p1a: Dragonite
|debug|randBW(100) = 28
|debug|randBW(8) = 0
|html|<div class="broadcast-red"><b>The battle crashed</b><br />You can keep playing but it might crash again.</div>
|
|debug|p2: Leafeon INCONSISTENT STATE, ALREADY MOVED: leafblade
|move|p1a: Dragonite|Haze|p1a: Dragonite|[from]Unsheathed
|-clearallboost
|debug|p1: Dragonite INCONSISTENT STATE, ALREADY MOVED: haze
|
|turn|2
|
|move|p2a: Leafeon|Synthesis|p2a: Leafeon|[from]Unsheathed
|move|p1a: Dragonite|Heal Bell|p1a: Dragonite|[from]Unsheathed
|-cureteam|p1a: Dragonite|[from] move: HealBell
|
|turn|3
|
|move|p2a: Leafeon|Aerial Ace|p1a: Dragonite|[from]Unsheathed
|debug|randBW(16) = 14

undefined

Additional information:
user = icyvines
ip = 127.0.0.1
roomid = staff
message = staff|!data Passive-Aggressive

undefined

Additional information:
user = icyvines
ip = 127.0.0.1
roomid = staff
message = staff|!data Passive-Aggressive

undefined

Additional information:
user = icyvines
ip = 96.242.217.238
roomid = 
message = |!data passive-aggress

TypeError: Cannot read property 'length' of undefined
    at Tools.module.exports.Tools.getEffectiveness (/Users/IcyVines/Desktop/Pokemon-Client/tools.js:140:30)
    at Tools.exports.BattleAbilities.fightingspirit.onBasePower (/Users/IcyVines/Desktop/Pokemon-Client/data/abilities.js:866:18)
    at Tools.Battle.runEvent (/Users/IcyVines/Desktop/Pokemon-Client/battle-engine.js:2046:38)
    at Tools.Battle.getDamage (/Users/IcyVines/Desktop/Pokemon-Client/battle-engine.js:2844:20)
    at Tools.exports.BattleScripts.moveHit (/Users/IcyVines/Desktop/Pokemon-Client/data/scripts.js:355:18)
    at Tools.exports.BattleScripts.tryMoveHit (/Users/IcyVines/Desktop/Pokemon-Client/data/scripts.js:274:18)
    at Tools.exports.BattleScripts.useMove (/Users/IcyVines/Desktop/Pokemon-Client/data/scripts.js:164:18)
    at Tools.exports.BattleScripts.runMove (/Users/IcyVines/Desktop/Pokemon-Client/data/scripts.js:45:8)
    at Tools.Battle.runDecision (/Users/IcyVines/Desktop/Pokemon-Client/battle-engine.js:3248:9)
    at Tools.Battle.go (/Users/IcyVines/Desktop/Pokemon-Client/battle-engine.js:3413:9)

Additional information:
message = battle-customgame-551|choose|p2|move Hidden Power Flying|31
currentRequest = move

Log:
|player|p1|Brendan0207|2
|player|p2|IcyVines|266
|gametype|singles
|gen|6
|tier|Custom Game
|clearpoke
|poke|p1|Charizard, M, shiny
|poke|p1|Talonflame, M, shiny
|poke|p1|Aegislash, M, shiny
|poke|p1|Galvantula, M, shiny
|poke|p1|Carbink
|poke|p1|Lucario, M
|poke|p2|Donphan, M
|poke|p2|Heracross, M
|poke|p2|Gliscor, F
|poke|p2|Ferrothorn, M
|poke|p2|Octillery, M
|poke|p2|Sableye, M
|teampreview
|
|start
|split
|switch|p1a: Carbink|Carbink|304/304
|switch|p1a: Carbink|Carbink|304/304
|switch|p1a: Carbink|Carbink|304/304
|switch|p1a: Carbink|Carbink|304/304
|split
|switch|p2a: Donphan|Donphan, M|320/320
|switch|p2a: Donphan|Donphan, M|320/320
|switch|p2a: Donphan|Donphan, M|320/320
|switch|p2a: Donphan|Donphan, M|320/320
|turn|1
|
|move|p1a: Carbink|Rest|p1a: Carbink
|-fail|p1a: Carbink
|debug|move failed because it did nothing
|move|p2a: Donphan|Bubble Beam|p1a: Carbink
|debug|randBW(100) = 94
|debug|randBW(16) = 12
|debug|randBW(16) = 1
|-supereffective|p1a: Carbink
|split
|-damage|p1a: Carbink|264/304
|-damage|p1a: Carbink|264/304
|-damage|p1a: Carbink|264/304
|-damage|p1a: Carbink|264/304
|debug|randBW(100) = 71
|
|split
|-heal|p1a: Carbink|283/304|[from] item: Leftovers
|-heal|p1a: Carbink|283/304|[from] item: Leftovers
|-heal|p1a: Carbink|283/304|[from] item: Leftovers
|-heal|p1a: Carbink|283/304|[from] item: Leftovers
|-activate|p2a: Donphan|item: Flame Orb
|-status|p2a: Donphan|brn|[from] item: Flame Orb
|turn|2
|
|move|p2a: Donphan|Bubble Beam|p1a: Carbink
|debug|randBW(100) = 90
|debug|randBW(16) = 6
|debug|randBW(16) = 13
|-supereffective|p1a: Carbink
|split
|-damage|p1a: Carbink|231/304
|-damage|p1a: Carbink|231/304
|-damage|p1a: Carbink|231/304
|-damage|p1a: Carbink|231/304
|debug|randBW(100) = 95
|move|p1a: Carbink|Rest|p1a: Carbink
|-status|p1a: Carbink|slp
|debug|randBW(2,5) = 2
|split
|-heal|p1a: Carbink|304/304 slp|[silent]
|-heal|p1a: Carbink|304/304 slp|[silent]
|-heal|p1a: Carbink|304/304 slp|[silent]
|-heal|p1a: Carbink|304/304 slp|[silent]
|-status|p1a: Carbink|slp|[from] move: Rest
|
|split
|-damage|p2a: Donphan|280/320 brn|[from] brn
|-damage|p2a: Donphan|280/320 brn|[from] brn
|-damage|p2a: Donphan|280/320 brn|[from] brn
|-damage|p2a: Donphan|280/320 brn|[from] brn
|turn|3
|
|cant|p1a: Carbink|slp
|move|p2a: Donphan|Bubble Beam|p1a: Carbink
|debug|randBW(100) = 24
|debug|randBW(16) = 10
|debug|randBW(16) = 2
|-supereffective|p1a: Carbink
|split
|-damage|p1a: Carbink|246/304 slp
|-damage|p1a: Carbink|246/304 slp
|-damage|p1a: Carbink|246/304 slp
|-damage|p1a: Carbink|246/304 slp
|debug|randBW(100) = 61
|
|split
|-heal|p1a: Carbink|265/304 slp|[from] item: Leftovers
|-heal|p1a: Carbink|265/304 slp|[from] item: Leftovers
|-heal|p1a: Carbink|265/304 slp|[from] item: Leftovers
|-heal|p1a: Carbink|265/304 slp|[from] item: Leftovers
|split
|-damage|p2a: Donphan|240/320 brn|[from] brn
|-damage|p2a: Donphan|240/320 brn|[from] brn
|-damage|p2a: Donphan|240/320 brn|[from] brn
|-damage|p2a: Donphan|240/320 brn|[from] brn
|turn|4
|
|move|p2a: Donphan|Earth Power|p1a: Carbink
|debug|randBW(100) = 39
|debug|randBW(16) = 14
|debug|randBW(16) = 7
|split
|-damage|p1a: Carbink|207/304 slp
|-damage|p1a: Carbink|207/304 slp
|-damage|p1a: Carbink|207/304 slp
|-damage|p1a: Carbink|207/304 slp
|debug|randBW(100) = 45
|cant|p1a: Carbink|slp
|
|split
|-heal|p1a: Carbink|226/304 slp|[from] item: Leftovers
|-heal|p1a: Carbink|226/304 slp|[from] item: Leftovers
|-heal|p1a: Carbink|226/304 slp|[from] item: Leftovers
|-heal|p1a: Carbink|226/304 slp|[from] item: Leftovers
|split
|-damage|p2a: Donphan|200/320 brn|[from] brn
|-damage|p2a: Donphan|200/320 brn|[from] brn
|-damage|p2a: Donphan|200/320 brn|[from] brn
|-damage|p2a: Donphan|200/320 brn|[from] brn
|turn|5
|
|move|p2a: Donphan|Recover|p2a: Donphan
|split
|-heal|p2a: Donphan|320/320 brn
|-heal|p2a: Donphan|320/320 brn
|-heal|p2a: Donphan|320/320 brn
|-heal|p2a: Donphan|320/320 brn
|-curestatus|p1a: Carbink|slp
|move|p1a: Carbink|Rest|p1a: Carbink
|-status|p1a: Carbink|slp
|debug|randBW(2,5) = 3
|split
|-heal|p1a: Carbink|304/304 slp|[silent]
|-heal|p1a: Carbink|304/304 slp|[silent]
|-heal|p1a: Carbink|304/304 slp|[silent]
|-heal|p1a: Carbink|304/304 slp|[silent]
|-status|p1a: Carbink|slp|[from] move: Rest
|
|split
|-damage|p2a: Donphan|280/320 brn|[from] brn
|-damage|p2a: Donphan|280/320 brn|[from] brn
|-damage|p2a: Donphan|280/320 brn|[from] brn
|-damage|p2a: Donphan|280/320 brn|[from] brn
|turn|6
|
|split
|switch|p2a: Gliscor|Gliscor, F|291/291
|switch|p2a: Gliscor|Gliscor, F|291/291
|switch|p2a: Gliscor|Gliscor, F|291/291
|switch|p2a: Gliscor|Gliscor, F|291/291
|cant|p1a: Carbink|slp
|
|turn|7
|
|move|p2a: Gliscor|Metal Claw|p1a: Carbink
|debug|randBW(100) = 16
|debug|randBW(16) = 7
|debug|Guardian weaken
|debug|randBW(16) = 5
|-supereffective|p1a: Carbink
|split
|-damage|p1a: Carbink|244/304 slp
|-damage|p1a: Carbink|244/304 slp
|-damage|p1a: Carbink|244/304 slp
|-damage|p1a: Carbink|244/304 slp
|debug|randBW(100) = 94
|cant|p1a: Carbink|slp
|
|split
|-heal|p1a: Carbink|263/304 slp|[from] item: Leftovers
|-heal|p1a: Carbink|263/304 slp|[from] item: Leftovers
|-heal|p1a: Carbink|263/304 slp|[from] item: Leftovers
|-heal|p1a: Carbink|263/304 slp|[from] item: Leftovers
|turn|8
|
|move|p2a: Gliscor|Metal Claw|p1a: Carbink
|debug|randBW(100) = 50
|debug|randBW(16) = 12
|debug|Guardian weaken
|debug|randBW(16) = 8
|-supereffective|p1a: Carbink
|split
|-damage|p1a: Carbink|207/304 slp
|-damage|p1a: Carbink|207/304 slp
|-damage|p1a: Carbink|207/304 slp
|-damage|p1a: Carbink|207/304 slp
|debug|randBW(100) = 62
|-curestatus|p1a: Carbink|slp
|move|p1a: Carbink|Recover|p1a: Carbink
|split
|-heal|p1a: Carbink|304/304
|-heal|p1a: Carbink|304/304
|-heal|p1a: Carbink|304/304
|-heal|p1a: Carbink|304/304
|
|turn|9
|
|move|p2a: Gliscor|Poison Tail|p1a: Carbink
|debug|randBW(100) = 6
|debug|randBW(8) = 3
|debug|Guardian weaken
|debug|randBW(16) = 0
|split
|-damage|p1a: Carbink|288/304
|-damage|p1a: Carbink|288/304
|-damage|p1a: Carbink|288/304
|-damage|p1a: Carbink|288/304
|debug|randBW(100) = 31
|move|p1a: Carbink|Skill Swap|p2a: Gliscor
|-activate|p1a: Carbink|move: Skill Swap|Prioritize|Guardian|[of] p2a: Gliscor
|
|split
|-heal|p1a: Carbink|304/304|[from] item: Leftovers
|-heal|p1a: Carbink|304/304|[from] item: Leftovers
|-heal|p1a: Carbink|304/304|[from] item: Leftovers
|-heal|p1a: Carbink|304/304|[from] item: Leftovers
|turn|10
|
|move|p1a: Carbink|Recover|p1a: Carbink
|-fail|p1a: Carbink
|debug|heal interrupted
|move|p2a: Gliscor|Metal Claw|p1a: Carbink
|debug|randBW(100) = 73
|debug|randBW(16) = 1
|debug|randBW(16) = 12
|-supereffective|p1a: Carbink
|split
|-damage|p1a: Carbink|200/304
|-damage|p1a: Carbink|200/304
|-damage|p1a: Carbink|200/304
|-damage|p1a: Carbink|200/304
|debug|randBW(100) = 31
|
|split
|-heal|p1a: Carbink|219/304|[from] item: Leftovers
|-heal|p1a: Carbink|219/304|[from] item: Leftovers
|-heal|p1a: Carbink|219/304|[from] item: Leftovers
|-heal|p1a: Carbink|219/304|[from] item: Leftovers
|turn|11
|
|move|p1a: Carbink|Recover|p1a: Carbink
|split
|-heal|p1a: Carbink|304/304
|-heal|p1a: Carbink|304/304
|-heal|p1a: Carbink|304/304
|-heal|p1a: Carbink|304/304
|move|p2a: Gliscor|Poison Tail|p1a: Carbink
|debug|randBW(100) = 81
|debug|randBW(8) = 0
|-crit|p1a: Carbink
|debug|randBW(16) = 4
|split
|-damage|p1a: Carbink|261/304
|-damage|p1a: Carbink|261/304
|-damage|p1a: Carbink|261/304
|-damage|p1a: Carbink|261/304
|debug|randBW(100) = 95
|
|split
|-heal|p1a: Carbink|280/304|[from] item: Leftovers
|-heal|p1a: Carbink|280/304|[from] item: Leftovers
|-heal|p1a: Carbink|280/304|[from] item: Leftovers
|-heal|p1a: Carbink|280/304|[from] item: Leftovers
|turn|12
|
|move|p1a: Carbink|Recover|p1a: Carbink
|split
|-heal|p1a: Carbink|304/304
|-heal|p1a: Carbink|304/304
|-heal|p1a: Carbink|304/304
|-heal|p1a: Carbink|304/304
|move|p2a: Gliscor|Poison Tail|p1a: Carbink
|debug|randBW(100) = 22
|debug|randBW(8) = 4
|debug|randBW(16) = 9
|split
|-damage|p1a: Carbink|277/304
|-damage|p1a: Carbink|277/304
|-damage|p1a: Carbink|277/304
|-damage|p1a: Carbink|277/304
|debug|randBW(100) = 60
|
|split
|-heal|p1a: Carbink|296/304|[from] item: Leftovers
|-heal|p1a: Carbink|296/304|[from] item: Leftovers
|-heal|p1a: Carbink|296/304|[from] item: Leftovers
|-heal|p1a: Carbink|296/304|[from] item: Leftovers
|turn|13
|
|move|p1a: Carbink|Skill Swap|p2a: Gliscor
|-activate|p1a: Carbink|move: Skill Swap|Guardian|Prioritize|[of] p2a: Gliscor
|move|p2a: Gliscor|Bulldoze|p1a: Carbink
|debug|randBW(100) = 82
|debug|randBW(16) = 7
|debug|randBW(16) = 6
|split
|-damage|p1a: Carbink|248/304
|-damage|p1a: Carbink|248/304
|-damage|p1a: Carbink|248/304
|-damage|p1a: Carbink|248/304
|debug|randBW(100) = 99
|-unboost|p1a: Carbink|spe|1
|
|split
|-heal|p1a: Carbink|267/304|[from] item: Leftovers
|-heal|p1a: Carbink|267/304|[from] item: Leftovers
|-heal|p1a: Carbink|267/304|[from] item: Leftovers
|-heal|p1a: Carbink|267/304|[from] item: Leftovers
|turn|14
|
|split
|switch|p2a: Ferrothorn|Ferrothorn, M|351/351
|switch|p2a: Ferrothorn|Ferrothorn, M|351/351
|switch|p2a: Ferrothorn|Ferrothorn, M|351/351
|switch|p2a: Ferrothorn|Ferrothorn, M|351/351
|split
|switch|p1a: Galvantula|Galvantula, M, shiny|344/344
|switch|p1a: Galvantula|Galvantula, M, shiny|344/344
|switch|p1a: Galvantula|Galvantula, M, shiny|344/344
|switch|p1a: Galvantula|Galvantula, M, shiny|344/344
|
|turn|15
|
|move|p1a: Galvantula|Bug Buzz|p2a: Ferrothorn
|debug|randBW(100) = 58
|debug|randBW(16) = 2
|debug|randBW(16) = 0
|split
|-damage|p2a: Ferrothorn|264/351
|-damage|p2a: Ferrothorn|264/351
|-damage|p2a: Ferrothorn|264/351
|-damage|p2a: Ferrothorn|264/351
|debug|randBW(100) = 56
|move|p2a: Ferrothorn|Reflect|p2a: Ferrothorn
|-sidestart|p2: IcyVines|Reflect
|
|split
|-heal|p2a: Ferrothorn|299/351|[from] ability: Rapid Growth
|-heal|p2a: Ferrothorn|299/351|[from] ability: Rapid Growth
|-heal|p2a: Ferrothorn|299/351|[from] ability: Rapid Growth
|-heal|p2a: Ferrothorn|299/351|[from] ability: Rapid Growth
|split
|-heal|p2a: Ferrothorn|320/351|[from] item: Leftovers
|-heal|p2a: Ferrothorn|320/351|[from] item: Leftovers
|-heal|p2a: Ferrothorn|320/351|[from] item: Leftovers
|-heal|p2a: Ferrothorn|320/351|[from] item: Leftovers
|turn|16
|
|move|p1a: Galvantula|Cross Poison|p2a: Ferrothorn
|debug|randBW(100) = 70
|debug|randBW(8) = 6
|debug|randBW(16) = 3
|-supereffective|p2a: Ferrothorn
|debug|Reflect weaken
|split
|-damage|p2a: Ferrothorn|288/351
|-damage|p2a: Ferrothorn|288/351
|-damage|p2a: Ferrothorn|288/351
|-damage|p2a: Ferrothorn|288/351
|debug|randBW(100) = 39
|move|p2a: Ferrothorn|Light Screen|p2a: Ferrothorn
|-sidestart|p2: IcyVines|move: Light Screen
|
|split
|-heal|p2a: Ferrothorn|323/351|[from] ability: Rapid Growth
|-heal|p2a: Ferrothorn|323/351|[from] ability: Rapid Growth
|-heal|p2a: Ferrothorn|323/351|[from] ability: Rapid Growth
|-heal|p2a: Ferrothorn|323/351|[from] ability: Rapid Growth
|split
|-heal|p2a: Ferrothorn|344/351|[from] item: Leftovers
|-heal|p2a: Ferrothorn|344/351|[from] item: Leftovers
|-heal|p2a: Ferrothorn|344/351|[from] item: Leftovers
|-heal|p2a: Ferrothorn|344/351|[from] item: Leftovers
|turn|17
|
|split
|switch|p2a: Gliscor|Gliscor, F|291/291
|switch|p2a: Gliscor|Gliscor, F|291/291
|switch|p2a: Gliscor|Gliscor, F|291/291
|switch|p2a: Gliscor|Gliscor, F|291/291
|move|p1a: Galvantula|Cross Poison|p2a: Gliscor
|debug|randBW(100) = 52
|debug|randBW(8) = 5
|debug|randBW(16) = 9
|-resisted|p2a: Gliscor
|debug|Reflect weaken
|split
|-damage|p2a: Gliscor|282/291
|-damage|p2a: Gliscor|282/291
|-damage|p2a: Gliscor|282/291
|-damage|p2a: Gliscor|282/291
|debug|randBW(100) = 29
|
|split
|-heal|p2a: Gliscor|291/291|[from] item: Leftovers
|-heal|p2a: Gliscor|291/291|[from] item: Leftovers
|-heal|p2a: Gliscor|291/291|[from] item: Leftovers
|-heal|p2a: Gliscor|291/291|[from] item: Leftovers
|turn|18
|
|split
|switch|p1a: Charizard|Charizard, M, shiny|360/360
|switch|p1a: Charizard|Charizard, M, shiny|360/360
|switch|p1a: Charizard|Charizard, M, shiny|360/360
|switch|p1a: Charizard|Charizard, M, shiny|360/360
|split
|switch|p2a: Ferrothorn|Ferrothorn, M|344/351
|switch|p2a: Ferrothorn|Ferrothorn, M|344/351
|switch|p2a: Ferrothorn|Ferrothorn, M|344/351
|switch|p2a: Ferrothorn|Ferrothorn, M|344/351
|
|split
|-heal|p2a: Ferrothorn|351/351|[from] ability: Rapid Growth
|-heal|p2a: Ferrothorn|351/351|[from] ability: Rapid Growth
|-heal|p2a: Ferrothorn|351/351|[from] ability: Rapid Growth
|-heal|p2a: Ferrothorn|351/351|[from] ability: Rapid Growth
|turn|19
|
|move|p1a: Charizard|Fire Punch|p2a: Ferrothorn
|debug|randBW(100) = 15
|debug|randBW(16) = 10
|debug|randBW(16) = 3
|-supereffective|p2a: Ferrothorn
|debug|Reflect weaken
|split
|-damage|p2a: Ferrothorn|243/351
|-damage|p2a: Ferrothorn|243/351
|-damage|p2a: Ferrothorn|243/351
|-damage|p2a: Ferrothorn|243/351
|debug|randBW(100) = 98
|move|p2a: Ferrothorn|Reflect|p2a: Ferrothorn
|-fail|p2a: Ferrothorn
|debug|move failed because it did nothing
|
|split
|-heal|p2a: Ferrothorn|278/351|[from] ability: Rapid Growth
|-heal|p2a: Ferrothorn|278/351|[from] ability: Rapid Growth
|-heal|p2a: Ferrothorn|278/351|[from] ability: Rapid Growth
|-heal|p2a: Ferrothorn|278/351|[from] ability: Rapid Growth
|split
|-heal|p2a: Ferrothorn|299/351|[from] item: Leftovers
|-heal|p2a: Ferrothorn|299/351|[from] item: Leftovers
|-heal|p2a: Ferrothorn|299/351|[from] item: Leftovers
|-heal|p2a: Ferrothorn|299/351|[from] item: Leftovers
|-sideend|p2: IcyVines|Reflect
|turn|20
|
|split
|switch|p2a: Octillery|Octillery, M|291/291
|switch|p2a: Octillery|Octillery, M|291/291
|switch|p2a: Octillery|Octillery, M|291/291
|switch|p2a: Octillery|Octillery, M|291/291
|move|p1a: Charizard|Fire Punch|p2a: Octillery
|debug|randBW(100) = 66
|debug|randBW(16) = 4
|debug|randBW(16) = 14
|-resisted|p2a: Octillery
|split
|-damage|p2a: Octillery|246/291
|-damage|p2a: Octillery|246/291
|-damage|p2a: Octillery|246/291
|-damage|p2a: Octillery|246/291
|debug|randBW(100) = 82
|
|split
|-heal|p2a: Octillery|264/291|[from] item: Leftovers
|-heal|p2a: Octillery|264/291|[from] item: Leftovers
|-heal|p2a: Octillery|264/291|[from] item: Leftovers
|-heal|p2a: Octillery|264/291|[from] item: Leftovers
|-sideend|p2: IcyVines|move: Light Screen
|turn|21
|
|move|p1a: Charizard|Fire Punch|p2a: Octillery
|debug|randBW(100) = 80
|debug|randBW(16) = 9
|debug|randBW(16) = 4
|-resisted|p2a: Octillery
|split
|-damage|p2a: Octillery|213/291
|-damage|p2a: Octillery|213/291
|-damage|p2a: Octillery|213/291
|-damage|p2a: Octillery|213/291
|debug|randBW(100) = 0
|-status|p2a: Octillery|brn
|move|p2a: Octillery|Octazooka|p1a: Charizard
|-immune|p1a: Charizard|[msg]
|
|split
|-heal|p2a: Octillery|231/291 brn|[from] item: Leftovers
|-heal|p2a: Octillery|231/291 brn|[from] item: Leftovers
|-heal|p2a: Octillery|231/291 brn|[from] item: Leftovers
|-heal|p2a: Octillery|231/291 brn|[from] item: Leftovers
|split
|-damage|p2a: Octillery|195/291 brn|[from] brn
|-damage|p2a: Octillery|195/291 brn|[from] brn
|-damage|p2a: Octillery|195/291 brn|[from] brn
|-damage|p2a: Octillery|195/291 brn|[from] brn
|turn|22
|
|move|p1a: Charizard|Fire Punch|p2a: Octillery
|debug|randBW(100) = 27
|debug|randBW(16) = 1
|debug|randBW(16) = 6
|-resisted|p2a: Octillery
|split
|-damage|p2a: Octillery|146/291 brn
|-damage|p2a: Octillery|146/291 brn
|-damage|p2a: Octillery|146/291 brn
|-damage|p2a: Octillery|146/291 brn
|debug|randBW(100) = 18
|move|p2a: Octillery|Sludge Bomb|p1a: Charizard
|
|split
|-heal|p2a: Octillery|164/291 brn|[from] item: Leftovers
|-heal|p2a: Octillery|164/291 brn|[from] item: Leftovers
|-heal|p2a: Octillery|164/291 brn|[from] item: Leftovers
|-heal|p2a: Octillery|164/291 brn|[from] item: Leftovers
|split
|-damage|p2a: Octillery|128/291 brn|[from] brn
|-damage|p2a: Octillery|128/291 brn|[from] brn
|-damage|p2a: Octillery|128/291 brn|[from] brn
|-damage|p2a: Octillery|128/291 brn|[from] brn
|turn|23
|
|move|p1a: Charizard|Fire Punch|p2a: Octillery
|debug|randBW(100) = 11
|debug|randBW(16) = 1
|debug|randBW(16) = 6
|-resisted|p2a: Octillery
|split
|-damage|p2a: Octillery|79/291 brn
|-damage|p2a: Octillery|79/291 brn
|-damage|p2a: Octillery|79/291 brn
|-damage|p2a: Octillery|79/291 brn
|debug|randBW(100) = 98
|move|p2a: Octillery|Bullet Seed|p1a: Charizard
|
|split
|-heal|p2a: Octillery|97/291 brn|[from] item: Leftovers
|-heal|p2a: Octillery|97/291 brn|[from] item: Leftovers
|-heal|p2a: Octillery|97/291 brn|[from] item: Leftovers
|-heal|p2a: Octillery|97/291 brn|[from] item: Leftovers
|split
|-damage|p2a: Octillery|61/291 brn|[from] brn
|-damage|p2a: Octillery|61/291 brn|[from] brn
|-damage|p2a: Octillery|61/291 brn|[from] brn
|-damage|p2a: Octillery|61/291 brn|[from] brn
|turn|24
|
|split
|switch|p1a: Carbink|Carbink|267/304
|switch|p1a: Carbink|Carbink|267/304
|switch|p1a: Carbink|Carbink|267/304
|switch|p1a: Carbink|Carbink|267/304
|move|p2a: Octillery|Sludge Bomb|p1a: Carbink
|debug|randBW(100) = 77
|debug|randBW(16) = 4
|debug|Guardian weaken
|debug|randBW(16) = 9
|split
|-damage|p1a: Carbink|247/304
|-damage|p1a: Carbink|247/304
|-damage|p1a: Carbink|247/304
|-damage|p1a: Carbink|247/304
|debug|randBW(100) = 84
|
|split
|-heal|p1a: Carbink|266/304|[from] item: Leftovers
|-heal|p1a: Carbink|266/304|[from] item: Leftovers
|-heal|p1a: Carbink|266/304|[from] item: Leftovers
|-heal|p1a: Carbink|266/304|[from] item: Leftovers
|split
|-heal|p2a: Octillery|79/291 brn|[from] item: Leftovers
|-heal|p2a: Octillery|79/291 brn|[from] item: Leftovers
|-heal|p2a: Octillery|79/291 brn|[from] item: Leftovers
|-heal|p2a: Octillery|79/291 brn|[from] item: Leftovers
|split
|-damage|p2a: Octillery|43/291 brn|[from] brn
|-damage|p2a: Octillery|43/291 brn|[from] brn
|-damage|p2a: Octillery|43/291 brn|[from] brn
|-damage|p2a: Octillery|43/291 brn|[from] brn
|turn|25
|
|split
|switch|p1a: Charizard|Charizard, M, shiny|360/360
|switch|p1a: Charizard|Charizard, M, shiny|360/360
|switch|p1a: Charizard|Charizard, M, shiny|360/360
|switch|p1a: Charizard|Charizard, M, shiny|360/360
|move|p2a: Octillery|Sludge Bomb|p1a: Charizard
|
|split
|-heal|p2a: Octillery|61/291 brn|[from] item: Leftovers
|-heal|p2a: Octillery|61/291 brn|[from] item: Leftovers
|-heal|p2a: Octillery|61/291 brn|[from] item: Leftovers
|-heal|p2a: Octillery|61/291 brn|[from] item: Leftovers
|split
|-damage|p2a: Octillery|25/291 brn|[from] brn
|-damage|p2a: Octillery|25/291 brn|[from] brn
|-damage|p2a: Octillery|25/291 brn|[from] brn
|-damage|p2a: Octillery|25/291 brn|[from] brn
|turn|26
|
|move|p1a: Charizard|Fire Punch|p2a: Octillery
|debug|randBW(100) = 67
|debug|randBW(16) = 7
|debug|randBW(16) = 10
|-resisted|p2a: Octillery
|split
|-damage|p2a: Octillery|0 fnt
|-damage|p2a: Octillery|0 fnt
|-damage|p2a: Octillery|0 fnt
|-damage|p2a: Octillery|0 fnt
|debug|randBW(100) = 75
|faint|p2a: Octillery
|
|
|split
|switch|p2a: Donphan|Donphan, M|280/320 brn
|switch|p2a: Donphan|Donphan, M|280/320 brn
|switch|p2a: Donphan|Donphan, M|280/320 brn
|switch|p2a: Donphan|Donphan, M|280/320 brn
|turn|27
|
|move|p1a: Charizard|Fire Punch|p2a: Donphan
|debug|randBW(100) = 66
|debug|randBW(16) = 10
|debug|randBW(16) = 3
|split
|-damage|p2a: Donphan|211/320 brn
|-damage|p2a: Donphan|211/320 brn
|-damage|p2a: Donphan|211/320 brn
|-damage|p2a: Donphan|211/320 brn
|debug|randBW(100) = 74
|move|p2a: Donphan|Hidden Power|p1a: Charizard
|
|split
|-damage|p2a: Donphan|171/320 brn|[from] brn
|-damage|p2a: Donphan|171/320 brn|[from] brn
|-damage|p2a: Donphan|171/320 brn|[from] brn
|-damage|p2a: Donphan|171/320 brn|[from] brn
|turn|28
|
|split
|switch|p1a: Lucario|Lucario, M|281/281
|switch|p1a: Lucario|Lucario, M|281/281
|switch|p1a: Lucario|Lucario, M|281/281
|switch|p1a: Lucario|Lucario, M|281/281
|move|p2a: Donphan|Recover|p2a: Donphan
|split
|-heal|p2a: Donphan|320/320 brn
|-heal|p2a: Donphan|320/320 brn
|-heal|p2a: Donphan|320/320 brn
|-heal|p2a: Donphan|320/320 brn
|
|split
|-damage|p2a: Donphan|280/320 brn|[from] brn
|-damage|p2a: Donphan|280/320 brn|[from] brn
|-damage|p2a: Donphan|280/320 brn|[from] brn
|-damage|p2a: Donphan|280/320 brn|[from] brn
|turn|29
|
|move|p1a: Lucario|Aura Sphere|p2a: Donphan
|debug|randBW(16) = 9

TypeError: Cannot read property 'length' of undefined
    at Tools.module.exports.Tools.getEffectiveness (/Users/IcyVines/Desktop/Pokemon-Client/tools.js:140:30)
    at Tools.exports.BattleAbilities.fightingspirit.onBasePower (/Users/IcyVines/Desktop/Pokemon-Client/data/abilities.js:866:18)
    at Tools.Battle.runEvent (/Users/IcyVines/Desktop/Pokemon-Client/battle-engine.js:2046:38)
    at Tools.Battle.getDamage (/Users/IcyVines/Desktop/Pokemon-Client/battle-engine.js:2844:20)
    at Tools.exports.BattleScripts.moveHit (/Users/IcyVines/Desktop/Pokemon-Client/data/scripts.js:355:18)
    at Tools.exports.BattleScripts.tryMoveHit (/Users/IcyVines/Desktop/Pokemon-Client/data/scripts.js:274:18)
    at Tools.exports.BattleScripts.useMove (/Users/IcyVines/Desktop/Pokemon-Client/data/scripts.js:164:18)
    at Tools.exports.BattleScripts.runMove (/Users/IcyVines/Desktop/Pokemon-Client/data/scripts.js:45:8)
    at Tools.Battle.runDecision (/Users/IcyVines/Desktop/Pokemon-Client/battle-engine.js:3248:9)
    at Tools.Battle.go (/Users/IcyVines/Desktop/Pokemon-Client/battle-engine.js:3413:9)

Additional information:
message = battle-customgame-551|choose|p2|move Reflect|33
currentRequest = move

Log:
|player|p1|Brendan0207|2
|player|p2|IcyVines|266
|gametype|singles
|gen|6
|tier|Custom Game
|clearpoke
|poke|p1|Charizard, M, shiny
|poke|p1|Talonflame, M, shiny
|poke|p1|Aegislash, M, shiny
|poke|p1|Galvantula, M, shiny
|poke|p1|Carbink
|poke|p1|Lucario, M
|poke|p2|Donphan, M
|poke|p2|Heracross, M
|poke|p2|Gliscor, F
|poke|p2|Ferrothorn, M
|poke|p2|Octillery, M
|poke|p2|Sableye, M
|teampreview
|
|start
|split
|switch|p1a: Carbink|Carbink|304/304
|switch|p1a: Carbink|Carbink|304/304
|switch|p1a: Carbink|Carbink|304/304
|switch|p1a: Carbink|Carbink|304/304
|split
|switch|p2a: Donphan|Donphan, M|320/320
|switch|p2a: Donphan|Donphan, M|320/320
|switch|p2a: Donphan|Donphan, M|320/320
|switch|p2a: Donphan|Donphan, M|320/320
|turn|1
|
|move|p1a: Carbink|Rest|p1a: Carbink
|-fail|p1a: Carbink
|debug|move failed because it did nothing
|move|p2a: Donphan|Bubble Beam|p1a: Carbink
|debug|randBW(100) = 94
|debug|randBW(16) = 12
|debug|randBW(16) = 1
|-supereffective|p1a: Carbink
|split
|-damage|p1a: Carbink|264/304
|-damage|p1a: Carbink|264/304
|-damage|p1a: Carbink|264/304
|-damage|p1a: Carbink|264/304
|debug|randBW(100) = 71
|
|split
|-heal|p1a: Carbink|283/304|[from] item: Leftovers
|-heal|p1a: Carbink|283/304|[from] item: Leftovers
|-heal|p1a: Carbink|283/304|[from] item: Leftovers
|-heal|p1a: Carbink|283/304|[from] item: Leftovers
|-activate|p2a: Donphan|item: Flame Orb
|-status|p2a: Donphan|brn|[from] item: Flame Orb
|turn|2
|
|move|p2a: Donphan|Bubble Beam|p1a: Carbink
|debug|randBW(100) = 90
|debug|randBW(16) = 6
|debug|randBW(16) = 13
|-supereffective|p1a: Carbink
|split
|-damage|p1a: Carbink|231/304
|-damage|p1a: Carbink|231/304
|-damage|p1a: Carbink|231/304
|-damage|p1a: Carbink|231/304
|debug|randBW(100) = 95
|move|p1a: Carbink|Rest|p1a: Carbink
|-status|p1a: Carbink|slp
|debug|randBW(2,5) = 2
|split
|-heal|p1a: Carbink|304/304 slp|[silent]
|-heal|p1a: Carbink|304/304 slp|[silent]
|-heal|p1a: Carbink|304/304 slp|[silent]
|-heal|p1a: Carbink|304/304 slp|[silent]
|-status|p1a: Carbink|slp|[from] move: Rest
|
|split
|-damage|p2a: Donphan|280/320 brn|[from] brn
|-damage|p2a: Donphan|280/320 brn|[from] brn
|-damage|p2a: Donphan|280/320 brn|[from] brn
|-damage|p2a: Donphan|280/320 brn|[from] brn
|turn|3
|
|cant|p1a: Carbink|slp
|move|p2a: Donphan|Bubble Beam|p1a: Carbink
|debug|randBW(100) = 24
|debug|randBW(16) = 10
|debug|randBW(16) = 2
|-supereffective|p1a: Carbink
|split
|-damage|p1a: Carbink|246/304 slp
|-damage|p1a: Carbink|246/304 slp
|-damage|p1a: Carbink|246/304 slp
|-damage|p1a: Carbink|246/304 slp
|debug|randBW(100) = 61
|
|split
|-heal|p1a: Carbink|265/304 slp|[from] item: Leftovers
|-heal|p1a: Carbink|265/304 slp|[from] item: Leftovers
|-heal|p1a: Carbink|265/304 slp|[from] item: Leftovers
|-heal|p1a: Carbink|265/304 slp|[from] item: Leftovers
|split
|-damage|p2a: Donphan|240/320 brn|[from] brn
|-damage|p2a: Donphan|240/320 brn|[from] brn
|-damage|p2a: Donphan|240/320 brn|[from] brn
|-damage|p2a: Donphan|240/320 brn|[from] brn
|turn|4
|
|move|p2a: Donphan|Earth Power|p1a: Carbink
|debug|randBW(100) = 39
|debug|randBW(16) = 14
|debug|randBW(16) = 7
|split
|-damage|p1a: Carbink|207/304 slp
|-damage|p1a: Carbink|207/304 slp
|-damage|p1a: Carbink|207/304 slp
|-damage|p1a: Carbink|207/304 slp
|debug|randBW(100) = 45
|cant|p1a: Carbink|slp
|
|split
|-heal|p1a: Carbink|226/304 slp|[from] item: Leftovers
|-heal|p1a: Carbink|226/304 slp|[from] item: Leftovers
|-heal|p1a: Carbink|226/304 slp|[from] item: Leftovers
|-heal|p1a: Carbink|226/304 slp|[from] item: Leftovers
|split
|-damage|p2a: Donphan|200/320 brn|[from] brn
|-damage|p2a: Donphan|200/320 brn|[from] brn
|-damage|p2a: Donphan|200/320 brn|[from] brn
|-damage|p2a: Donphan|200/320 brn|[from] brn
|turn|5
|
|move|p2a: Donphan|Recover|p2a: Donphan
|split
|-heal|p2a: Donphan|320/320 brn
|-heal|p2a: Donphan|320/320 brn
|-heal|p2a: Donphan|320/320 brn
|-heal|p2a: Donphan|320/320 brn
|-curestatus|p1a: Carbink|slp
|move|p1a: Carbink|Rest|p1a: Carbink
|-status|p1a: Carbink|slp
|debug|randBW(2,5) = 3
|split
|-heal|p1a: Carbink|304/304 slp|[silent]
|-heal|p1a: Carbink|304/304 slp|[silent]
|-heal|p1a: Carbink|304/304 slp|[silent]
|-heal|p1a: Carbink|304/304 slp|[silent]
|-status|p1a: Carbink|slp|[from] move: Rest
|
|split
|-damage|p2a: Donphan|280/320 brn|[from] brn
|-damage|p2a: Donphan|280/320 brn|[from] brn
|-damage|p2a: Donphan|280/320 brn|[from] brn
|-damage|p2a: Donphan|280/320 brn|[from] brn
|turn|6
|
|split
|switch|p2a: Gliscor|Gliscor, F|291/291
|switch|p2a: Gliscor|Gliscor, F|291/291
|switch|p2a: Gliscor|Gliscor, F|291/291
|switch|p2a: Gliscor|Gliscor, F|291/291
|cant|p1a: Carbink|slp
|
|turn|7
|
|move|p2a: Gliscor|Metal Claw|p1a: Carbink
|debug|randBW(100) = 16
|debug|randBW(16) = 7
|debug|Guardian weaken
|debug|randBW(16) = 5
|-supereffective|p1a: Carbink
|split
|-damage|p1a: Carbink|244/304 slp
|-damage|p1a: Carbink|244/304 slp
|-damage|p1a: Carbink|244/304 slp
|-damage|p1a: Carbink|244/304 slp
|debug|randBW(100) = 94
|cant|p1a: Carbink|slp
|
|split
|-heal|p1a: Carbink|263/304 slp|[from] item: Leftovers
|-heal|p1a: Carbink|263/304 slp|[from] item: Leftovers
|-heal|p1a: Carbink|263/304 slp|[from] item: Leftovers
|-heal|p1a: Carbink|263/304 slp|[from] item: Leftovers
|turn|8
|
|move|p2a: Gliscor|Metal Claw|p1a: Carbink
|debug|randBW(100) = 50
|debug|randBW(16) = 12
|debug|Guardian weaken
|debug|randBW(16) = 8
|-supereffective|p1a: Carbink
|split
|-damage|p1a: Carbink|207/304 slp
|-damage|p1a: Carbink|207/304 slp
|-damage|p1a: Carbink|207/304 slp
|-damage|p1a: Carbink|207/304 slp
|debug|randBW(100) = 62
|-curestatus|p1a: Carbink|slp
|move|p1a: Carbink|Recover|p1a: Carbink
|split
|-heal|p1a: Carbink|304/304
|-heal|p1a: Carbink|304/304
|-heal|p1a: Carbink|304/304
|-heal|p1a: Carbink|304/304
|
|turn|9
|
|move|p2a: Gliscor|Poison Tail|p1a: Carbink
|debug|randBW(100) = 6
|debug|randBW(8) = 3
|debug|Guardian weaken
|debug|randBW(16) = 0
|split
|-damage|p1a: Carbink|288/304
|-damage|p1a: Carbink|288/304
|-damage|p1a: Carbink|288/304
|-damage|p1a: Carbink|288/304
|debug|randBW(100) = 31
|move|p1a: Carbink|Skill Swap|p2a: Gliscor
|-activate|p1a: Carbink|move: Skill Swap|Prioritize|Guardian|[of] p2a: Gliscor
|
|split
|-heal|p1a: Carbink|304/304|[from] item: Leftovers
|-heal|p1a: Carbink|304/304|[from] item: Leftovers
|-heal|p1a: Carbink|304/304|[from] item: Leftovers
|-heal|p1a: Carbink|304/304|[from] item: Leftovers
|turn|10
|
|move|p1a: Carbink|Recover|p1a: Carbink
|-fail|p1a: Carbink
|debug|heal interrupted
|move|p2a: Gliscor|Metal Claw|p1a: Carbink
|debug|randBW(100) = 73
|debug|randBW(16) = 1
|debug|randBW(16) = 12
|-supereffective|p1a: Carbink
|split
|-damage|p1a: Carbink|200/304
|-damage|p1a: Carbink|200/304
|-damage|p1a: Carbink|200/304
|-damage|p1a: Carbink|200/304
|debug|randBW(100) = 31
|
|split
|-heal|p1a: Carbink|219/304|[from] item: Leftovers
|-heal|p1a: Carbink|219/304|[from] item: Leftovers
|-heal|p1a: Carbink|219/304|[from] item: Leftovers
|-heal|p1a: Carbink|219/304|[from] item: Leftovers
|turn|11
|
|move|p1a: Carbink|Recover|p1a: Carbink
|split
|-heal|p1a: Carbink|304/304
|-heal|p1a: Carbink|304/304
|-heal|p1a: Carbink|304/304
|-heal|p1a: Carbink|304/304
|move|p2a: Gliscor|Poison Tail|p1a: Carbink
|debug|randBW(100) = 81
|debug|randBW(8) = 0
|-crit|p1a: Carbink
|debug|randBW(16) = 4
|split
|-damage|p1a: Carbink|261/304
|-damage|p1a: Carbink|261/304
|-damage|p1a: Carbink|261/304
|-damage|p1a: Carbink|261/304
|debug|randBW(100) = 95
|
|split
|-heal|p1a: Carbink|280/304|[from] item: Leftovers
|-heal|p1a: Carbink|280/304|[from] item: Leftovers
|-heal|p1a: Carbink|280/304|[from] item: Leftovers
|-heal|p1a: Carbink|280/304|[from] item: Leftovers
|turn|12
|
|move|p1a: Carbink|Recover|p1a: Carbink
|split
|-heal|p1a: Carbink|304/304
|-heal|p1a: Carbink|304/304
|-heal|p1a: Carbink|304/304
|-heal|p1a: Carbink|304/304
|move|p2a: Gliscor|Poison Tail|p1a: Carbink
|debug|randBW(100) = 22
|debug|randBW(8) = 4
|debug|randBW(16) = 9
|split
|-damage|p1a: Carbink|277/304
|-damage|p1a: Carbink|277/304
|-damage|p1a: Carbink|277/304
|-damage|p1a: Carbink|277/304
|debug|randBW(100) = 60
|
|split
|-heal|p1a: Carbink|296/304|[from] item: Leftovers
|-heal|p1a: Carbink|296/304|[from] item: Leftovers
|-heal|p1a: Carbink|296/304|[from] item: Leftovers
|-heal|p1a: Carbink|296/304|[from] item: Leftovers
|turn|13
|
|move|p1a: Carbink|Skill Swap|p2a: Gliscor
|-activate|p1a: Carbink|move: Skill Swap|Guardian|Prioritize|[of] p2a: Gliscor
|move|p2a: Gliscor|Bulldoze|p1a: Carbink
|debug|randBW(100) = 82
|debug|randBW(16) = 7
|debug|randBW(16) = 6
|split
|-damage|p1a: Carbink|248/304
|-damage|p1a: Carbink|248/304
|-damage|p1a: Carbink|248/304
|-damage|p1a: Carbink|248/304
|debug|randBW(100) = 99
|-unboost|p1a: Carbink|spe|1
|
|split
|-heal|p1a: Carbink|267/304|[from] item: Leftovers
|-heal|p1a: Carbink|267/304|[from] item: Leftovers
|-heal|p1a: Carbink|267/304|[from] item: Leftovers
|-heal|p1a: Carbink|267/304|[from] item: Leftovers
|turn|14
|
|split
|switch|p2a: Ferrothorn|Ferrothorn, M|351/351
|switch|p2a: Ferrothorn|Ferrothorn, M|351/351
|switch|p2a: Ferrothorn|Ferrothorn, M|351/351
|switch|p2a: Ferrothorn|Ferrothorn, M|351/351
|split
|switch|p1a: Galvantula|Galvantula, M, shiny|344/344
|switch|p1a: Galvantula|Galvantula, M, shiny|344/344
|switch|p1a: Galvantula|Galvantula, M, shiny|344/344
|switch|p1a: Galvantula|Galvantula, M, shiny|344/344
|
|turn|15
|
|move|p1a: Galvantula|Bug Buzz|p2a: Ferrothorn
|debug|randBW(100) = 58
|debug|randBW(16) = 2
|debug|randBW(16) = 0
|split
|-damage|p2a: Ferrothorn|264/351
|-damage|p2a: Ferrothorn|264/351
|-damage|p2a: Ferrothorn|264/351
|-damage|p2a: Ferrothorn|264/351
|debug|randBW(100) = 56
|move|p2a: Ferrothorn|Reflect|p2a: Ferrothorn
|-sidestart|p2: IcyVines|Reflect
|
|split
|-heal|p2a: Ferrothorn|299/351|[from] ability: Rapid Growth
|-heal|p2a: Ferrothorn|299/351|[from] ability: Rapid Growth
|-heal|p2a: Ferrothorn|299/351|[from] ability: Rapid Growth
|-heal|p2a: Ferrothorn|299/351|[from] ability: Rapid Growth
|split
|-heal|p2a: Ferrothorn|320/351|[from] item: Leftovers
|-heal|p2a: Ferrothorn|320/351|[from] item: Leftovers
|-heal|p2a: Ferrothorn|320/351|[from] item: Leftovers
|-heal|p2a: Ferrothorn|320/351|[from] item: Leftovers
|turn|16
|
|move|p1a: Galvantula|Cross Poison|p2a: Ferrothorn
|debug|randBW(100) = 70
|debug|randBW(8) = 6
|debug|randBW(16) = 3
|-supereffective|p2a: Ferrothorn
|debug|Reflect weaken
|split
|-damage|p2a: Ferrothorn|288/351
|-damage|p2a: Ferrothorn|288/351
|-damage|p2a: Ferrothorn|288/351
|-damage|p2a: Ferrothorn|288/351
|debug|randBW(100) = 39
|move|p2a: Ferrothorn|Light Screen|p2a: Ferrothorn
|-sidestart|p2: IcyVines|move: Light Screen
|
|split
|-heal|p2a: Ferrothorn|323/351|[from] ability: Rapid Growth
|-heal|p2a: Ferrothorn|323/351|[from] ability: Rapid Growth
|-heal|p2a: Ferrothorn|323/351|[from] ability: Rapid Growth
|-heal|p2a: Ferrothorn|323/351|[from] ability: Rapid Growth
|split
|-heal|p2a: Ferrothorn|344/351|[from] item: Leftovers
|-heal|p2a: Ferrothorn|344/351|[from] item: Leftovers
|-heal|p2a: Ferrothorn|344/351|[from] item: Leftovers
|-heal|p2a: Ferrothorn|344/351|[from] item: Leftovers
|turn|17
|
|split
|switch|p2a: Gliscor|Gliscor, F|291/291
|switch|p2a: Gliscor|Gliscor, F|291/291
|switch|p2a: Gliscor|Gliscor, F|291/291
|switch|p2a: Gliscor|Gliscor, F|291/291
|move|p1a: Galvantula|Cross Poison|p2a: Gliscor
|debug|randBW(100) = 52
|debug|randBW(8) = 5
|debug|randBW(16) = 9
|-resisted|p2a: Gliscor
|debug|Reflect weaken
|split
|-damage|p2a: Gliscor|282/291
|-damage|p2a: Gliscor|282/291
|-damage|p2a: Gliscor|282/291
|-damage|p2a: Gliscor|282/291
|debug|randBW(100) = 29
|
|split
|-heal|p2a: Gliscor|291/291|[from] item: Leftovers
|-heal|p2a: Gliscor|291/291|[from] item: Leftovers
|-heal|p2a: Gliscor|291/291|[from] item: Leftovers
|-heal|p2a: Gliscor|291/291|[from] item: Leftovers
|turn|18
|
|split
|switch|p1a: Charizard|Charizard, M, shiny|360/360
|switch|p1a: Charizard|Charizard, M, shiny|360/360
|switch|p1a: Charizard|Charizard, M, shiny|360/360
|switch|p1a: Charizard|Charizard, M, shiny|360/360
|split
|switch|p2a: Ferrothorn|Ferrothorn, M|344/351
|switch|p2a: Ferrothorn|Ferrothorn, M|344/351
|switch|p2a: Ferrothorn|Ferrothorn, M|344/351
|switch|p2a: Ferrothorn|Ferrothorn, M|344/351
|
|split
|-heal|p2a: Ferrothorn|351/351|[from] ability: Rapid Growth
|-heal|p2a: Ferrothorn|351/351|[from] ability: Rapid Growth
|-heal|p2a: Ferrothorn|351/351|[from] ability: Rapid Growth
|-heal|p2a: Ferrothorn|351/351|[from] ability: Rapid Growth
|turn|19
|
|move|p1a: Charizard|Fire Punch|p2a: Ferrothorn
|debug|randBW(100) = 15
|debug|randBW(16) = 10
|debug|randBW(16) = 3
|-supereffective|p2a: Ferrothorn
|debug|Reflect weaken
|split
|-damage|p2a: Ferrothorn|243/351
|-damage|p2a: Ferrothorn|243/351
|-damage|p2a: Ferrothorn|243/351
|-damage|p2a: Ferrothorn|243/351
|debug|randBW(100) = 98
|move|p2a: Ferrothorn|Reflect|p2a: Ferrothorn
|-fail|p2a: Ferrothorn
|debug|move failed because it did nothing
|
|split
|-heal|p2a: Ferrothorn|278/351|[from] ability: Rapid Growth
|-heal|p2a: Ferrothorn|278/351|[from] ability: Rapid Growth
|-heal|p2a: Ferrothorn|278/351|[from] ability: Rapid Growth
|-heal|p2a: Ferrothorn|278/351|[from] ability: Rapid Growth
|split
|-heal|p2a: Ferrothorn|299/351|[from] item: Leftovers
|-heal|p2a: Ferrothorn|299/351|[from] item: Leftovers
|-heal|p2a: Ferrothorn|299/351|[from] item: Leftovers
|-heal|p2a: Ferrothorn|299/351|[from] item: Leftovers
|-sideend|p2: IcyVines|Reflect
|turn|20
|
|split
|switch|p2a: Octillery|Octillery, M|291/291
|switch|p2a: Octillery|Octillery, M|291/291
|switch|p2a: Octillery|Octillery, M|291/291
|switch|p2a: Octillery|Octillery, M|291/291
|move|p1a: Charizard|Fire Punch|p2a: Octillery
|debug|randBW(100) = 66
|debug|randBW(16) = 4
|debug|randBW(16) = 14
|-resisted|p2a: Octillery
|split
|-damage|p2a: Octillery|246/291
|-damage|p2a: Octillery|246/291
|-damage|p2a: Octillery|246/291
|-damage|p2a: Octillery|246/291
|debug|randBW(100) = 82
|
|split
|-heal|p2a: Octillery|264/291|[from] item: Leftovers
|-heal|p2a: Octillery|264/291|[from] item: Leftovers
|-heal|p2a: Octillery|264/291|[from] item: Leftovers
|-heal|p2a: Octillery|264/291|[from] item: Leftovers
|-sideend|p2: IcyVines|move: Light Screen
|turn|21
|
|move|p1a: Charizard|Fire Punch|p2a: Octillery
|debug|randBW(100) = 80
|debug|randBW(16) = 9
|debug|randBW(16) = 4
|-resisted|p2a: Octillery
|split
|-damage|p2a: Octillery|213/291
|-damage|p2a: Octillery|213/291
|-damage|p2a: Octillery|213/291
|-damage|p2a: Octillery|213/291
|debug|randBW(100) = 0
|-status|p2a: Octillery|brn
|move|p2a: Octillery|Octazooka|p1a: Charizard
|-immune|p1a: Charizard|[msg]
|
|split
|-heal|p2a: Octillery|231/291 brn|[from] item: Leftovers
|-heal|p2a: Octillery|231/291 brn|[from] item: Leftovers
|-heal|p2a: Octillery|231/291 brn|[from] item: Leftovers
|-heal|p2a: Octillery|231/291 brn|[from] item: Leftovers
|split
|-damage|p2a: Octillery|195/291 brn|[from] brn
|-damage|p2a: Octillery|195/291 brn|[from] brn
|-damage|p2a: Octillery|195/291 brn|[from] brn
|-damage|p2a: Octillery|195/291 brn|[from] brn
|turn|22
|
|move|p1a: Charizard|Fire Punch|p2a: Octillery
|debug|randBW(100) = 27
|debug|randBW(16) = 1
|debug|randBW(16) = 6
|-resisted|p2a: Octillery
|split
|-damage|p2a: Octillery|146/291 brn
|-damage|p2a: Octillery|146/291 brn
|-damage|p2a: Octillery|146/291 brn
|-damage|p2a: Octillery|146/291 brn
|debug|randBW(100) = 18
|move|p2a: Octillery|Sludge Bomb|p1a: Charizard
|
|split
|-heal|p2a: Octillery|164/291 brn|[from] item: Leftovers
|-heal|p2a: Octillery|164/291 brn|[from] item: Leftovers
|-heal|p2a: Octillery|164/291 brn|[from] item: Leftovers
|-heal|p2a: Octillery|164/291 brn|[from] item: Leftovers
|split
|-damage|p2a: Octillery|128/291 brn|[from] brn
|-damage|p2a: Octillery|128/291 brn|[from] brn
|-damage|p2a: Octillery|128/291 brn|[from] brn
|-damage|p2a: Octillery|128/291 brn|[from] brn
|turn|23
|
|move|p1a: Charizard|Fire Punch|p2a: Octillery
|debug|randBW(100) = 11
|debug|randBW(16) = 1
|debug|randBW(16) = 6
|-resisted|p2a: Octillery
|split
|-damage|p2a: Octillery|79/291 brn
|-damage|p2a: Octillery|79/291 brn
|-damage|p2a: Octillery|79/291 brn
|-damage|p2a: Octillery|79/291 brn
|debug|randBW(100) = 98
|move|p2a: Octillery|Bullet Seed|p1a: Charizard
|
|split
|-heal|p2a: Octillery|97/291 brn|[from] item: Leftovers
|-heal|p2a: Octillery|97/291 brn|[from] item: Leftovers
|-heal|p2a: Octillery|97/291 brn|[from] item: Leftovers
|-heal|p2a: Octillery|97/291 brn|[from] item: Leftovers
|split
|-damage|p2a: Octillery|61/291 brn|[from] brn
|-damage|p2a: Octillery|61/291 brn|[from] brn
|-damage|p2a: Octillery|61/291 brn|[from] brn
|-damage|p2a: Octillery|61/291 brn|[from] brn
|turn|24
|
|split
|switch|p1a: Carbink|Carbink|267/304
|switch|p1a: Carbink|Carbink|267/304
|switch|p1a: Carbink|Carbink|267/304
|switch|p1a: Carbink|Carbink|267/304
|move|p2a: Octillery|Sludge Bomb|p1a: Carbink
|debug|randBW(100) = 77
|debug|randBW(16) = 4
|debug|Guardian weaken
|debug|randBW(16) = 9
|split
|-damage|p1a: Carbink|247/304
|-damage|p1a: Carbink|247/304
|-damage|p1a: Carbink|247/304
|-damage|p1a: Carbink|247/304
|debug|randBW(100) = 84
|
|split
|-heal|p1a: Carbink|266/304|[from] item: Leftovers
|-heal|p1a: Carbink|266/304|[from] item: Leftovers
|-heal|p1a: Carbink|266/304|[from] item: Leftovers
|-heal|p1a: Carbink|266/304|[from] item: Leftovers
|split
|-heal|p2a: Octillery|79/291 brn|[from] item: Leftovers
|-heal|p2a: Octillery|79/291 brn|[from] item: Leftovers
|-heal|p2a: Octillery|79/291 brn|[from] item: Leftovers
|-heal|p2a: Octillery|79/291 brn|[from] item: Leftovers
|split
|-damage|p2a: Octillery|43/291 brn|[from] brn
|-damage|p2a: Octillery|43/291 brn|[from] brn
|-damage|p2a: Octillery|43/291 brn|[from] brn
|-damage|p2a: Octillery|43/291 brn|[from] brn
|turn|25
|
|split
|switch|p1a: Charizard|Charizard, M, shiny|360/360
|switch|p1a: Charizard|Charizard, M, shiny|360/360
|switch|p1a: Charizard|Charizard, M, shiny|360/360
|switch|p1a: Charizard|Charizard, M, shiny|360/360
|move|p2a: Octillery|Sludge Bomb|p1a: Charizard
|
|split
|-heal|p2a: Octillery|61/291 brn|[from] item: Leftovers
|-heal|p2a: Octillery|61/291 brn|[from] item: Leftovers
|-heal|p2a: Octillery|61/291 brn|[from] item: Leftovers
|-heal|p2a: Octillery|61/291 brn|[from] item: Leftovers
|split
|-damage|p2a: Octillery|25/291 brn|[from] brn
|-damage|p2a: Octillery|25/291 brn|[from] brn
|-damage|p2a: Octillery|25/291 brn|[from] brn
|-damage|p2a: Octillery|25/291 brn|[from] brn
|turn|26
|
|move|p1a: Charizard|Fire Punch|p2a: Octillery
|debug|randBW(100) = 67
|debug|randBW(16) = 7
|debug|randBW(16) = 10
|-resisted|p2a: Octillery
|split
|-damage|p2a: Octillery|0 fnt
|-damage|p2a: Octillery|0 fnt
|-damage|p2a: Octillery|0 fnt
|-damage|p2a: Octillery|0 fnt
|debug|randBW(100) = 75
|faint|p2a: Octillery
|
|
|split
|switch|p2a: Donphan|Donphan, M|280/320 brn
|switch|p2a: Donphan|Donphan, M|280/320 brn
|switch|p2a: Donphan|Donphan, M|280/320 brn
|switch|p2a: Donphan|Donphan, M|280/320 brn
|turn|27
|
|move|p1a: Charizard|Fire Punch|p2a: Donphan
|debug|randBW(100) = 66
|debug|randBW(16) = 10
|debug|randBW(16) = 3
|split
|-damage|p2a: Donphan|211/320 brn
|-damage|p2a: Donphan|211/320 brn
|-damage|p2a: Donphan|211/320 brn
|-damage|p2a: Donphan|211/320 brn
|debug|randBW(100) = 74
|move|p2a: Donphan|Hidden Power|p1a: Charizard
|
|split
|-damage|p2a: Donphan|171/320 brn|[from] brn
|-damage|p2a: Donphan|171/320 brn|[from] brn
|-damage|p2a: Donphan|171/320 brn|[from] brn
|-damage|p2a: Donphan|171/320 brn|[from] brn
|turn|28
|
|split
|switch|p1a: Lucario|Lucario, M|281/281
|switch|p1a: Lucario|Lucario, M|281/281
|switch|p1a: Lucario|Lucario, M|281/281
|switch|p1a: Lucario|Lucario, M|281/281
|move|p2a: Donphan|Recover|p2a: Donphan
|split
|-heal|p2a: Donphan|320/320 brn
|-heal|p2a: Donphan|320/320 brn
|-heal|p2a: Donphan|320/320 brn
|-heal|p2a: Donphan|320/320 brn
|
|split
|-damage|p2a: Donphan|280/320 brn|[from] brn
|-damage|p2a: Donphan|280/320 brn|[from] brn
|-damage|p2a: Donphan|280/320 brn|[from] brn
|-damage|p2a: Donphan|280/320 brn|[from] brn
|turn|29
|
|move|p1a: Lucario|Aura Sphere|p2a: Donphan
|debug|randBW(16) = 9
|html|<div class="broadcast-red"><b>The battle crashed</b><br />You can keep playing but it might crash again.</div>
|
|split
|switch|p2a: Ferrothorn|Ferrothorn, M|299/351
|switch|p2a: Ferrothorn|Ferrothorn, M|299/351
|switch|p2a: Ferrothorn|Ferrothorn, M|299/351
|switch|p2a: Ferrothorn|Ferrothorn, M|299/351
|debug|p1: Lucario INCONSISTENT STATE, ALREADY MOVED: aurasphere
|
|split
|-heal|p2a: Ferrothorn|334/351|[from] ability: Rapid Growth
|-heal|p2a: Ferrothorn|334/351|[from] ability: Rapid Growth
|-heal|p2a: Ferrothorn|334/351|[from] ability: Rapid Growth
|-heal|p2a: Ferrothorn|334/351|[from] ability: Rapid Growth
|split
|-heal|p2a: Ferrothorn|351/351|[from] item: Leftovers
|-heal|p2a: Ferrothorn|351/351|[from] item: Leftovers
|-heal|p2a: Ferrothorn|351/351|[from] item: Leftovers
|-heal|p2a: Ferrothorn|351/351|[from] item: Leftovers
|turn|30
|
|move|p1a: Lucario|Aura Sphere|p2a: Ferrothorn|[from]Fighting Spirit
|debug|randBW(16) = 5

ReferenceError: pokemon is not defined
    at Tools.exports.BattleAbilities.butterflyeffect.onBasePower (/Users/IcyVines/Desktop/Pokemon-Client/data/abilities.js:359:19)
    at Tools.Battle.runEvent (/Users/IcyVines/Desktop/Pokemon-Client/battle-engine.js:2046:38)
    at Tools.Battle.getDamage (/Users/IcyVines/Desktop/Pokemon-Client/battle-engine.js:2844:20)
    at Tools.exports.BattleScripts.moveHit (/Users/IcyVines/Desktop/Pokemon-Client/data/scripts.js:355:18)
    at Tools.exports.BattleScripts.tryMoveHit (/Users/IcyVines/Desktop/Pokemon-Client/data/scripts.js:274:18)
    at Tools.exports.BattleScripts.useMove (/Users/IcyVines/Desktop/Pokemon-Client/data/scripts.js:164:18)
    at Tools.exports.BattleScripts.runMove (/Users/IcyVines/Desktop/Pokemon-Client/data/scripts.js:45:8)
    at Tools.Battle.runDecision (/Users/IcyVines/Desktop/Pokemon-Client/battle-engine.js:3248:9)
    at Tools.Battle.go (/Users/IcyVines/Desktop/Pokemon-Client/battle-engine.js:3413:9)
    at Tools.Battle.commitDecisions (/Users/IcyVines/Desktop/Pokemon-Client/battle-engine.js:3491:8)

Additional information:
message = battle-customgame-562|choose|p1|move Smack Down|2
currentRequest = move

Log:
|player|p1|Brendan0207|266
|player|p2|IcyVines|8
|gametype|singles
|gen|6
|tier|Custom Game
|clearpoke
|poke|p1|Charizard, M, shiny
|poke|p1|Talonflame, M, shiny
|poke|p1|Aegislash, M, shiny
|poke|p1|Galvantula, M, shiny
|poke|p1|Carbink
|poke|p1|Lucario, M
|poke|p2|Feraligatr, F
|poke|p2|Smeargle, F
|poke|p2|Galvantula, M
|poke|p2|Ferrothorn, F
|poke|p2|Octillery, M
|poke|p2|Sableye, M
|teampreview
|
|start
|split
|switch|p1a: Carbink|Carbink|304/304
|switch|p1a: Carbink|Carbink|304/304
|switch|p1a: Carbink|Carbink|304/304
|switch|p1a: Carbink|Carbink|304/304
|split
|switch|p2a: Smeargle|Smeargle, F|251/251
|switch|p2a: Smeargle|Smeargle, F|251/251
|switch|p2a: Smeargle|Smeargle, F|251/251
|switch|p2a: Smeargle|Smeargle, F|251/251
|turn|1
|
|move|p2a: Smeargle|Heal Bell|p2a: Smeargle
|-cureteam|p2a: Smeargle|[from] move: HealBell
|move|p1a: Carbink|Smack Down|p2a: Smeargle
|debug|randBW(100) = 67
|debug|randBW(16) = 8

ReferenceError: pokemon is not defined
    at Tools.exports.BattleAbilities.tidal.onBasePower (/Users/IcyVines/Desktop/Pokemon-Client/data/abilities.js:3449:7)
    at Tools.Battle.runEvent (/Users/IcyVines/Desktop/Pokemon-Client/battle-engine.js:2046:38)
    at Tools.Battle.getDamage (/Users/IcyVines/Desktop/Pokemon-Client/battle-engine.js:2844:20)
    at Tools.exports.BattleScripts.moveHit (/Users/IcyVines/Desktop/Pokemon-Client/data/scripts.js:355:18)
    at Tools.exports.BattleScripts.tryMoveHit (/Users/IcyVines/Desktop/Pokemon-Client/data/scripts.js:274:18)
    at Tools.exports.BattleScripts.useMove (/Users/IcyVines/Desktop/Pokemon-Client/data/scripts.js:164:18)
    at Tools.exports.BattleScripts.runMove (/Users/IcyVines/Desktop/Pokemon-Client/data/scripts.js:45:8)
    at Tools.Battle.runDecision (/Users/IcyVines/Desktop/Pokemon-Client/battle-engine.js:3248:9)
    at Tools.Battle.go (/Users/IcyVines/Desktop/Pokemon-Client/battle-engine.js:3413:9)
    at Tools.Battle.commitDecisions (/Users/IcyVines/Desktop/Pokemon-Client/battle-engine.js:3491:8)

Additional information:
message = battle-customgame-562|choose|p2|move Shadow Claw|20
currentRequest = move

Log:
|player|p1|Brendan0207|266
|player|p2|IcyVines|8
|gametype|singles
|gen|6
|tier|Custom Game
|clearpoke
|poke|p1|Charizard, M, shiny
|poke|p1|Talonflame, M, shiny
|poke|p1|Aegislash, M, shiny
|poke|p1|Galvantula, M, shiny
|poke|p1|Carbink
|poke|p1|Lucario, M
|poke|p2|Feraligatr, F
|poke|p2|Smeargle, F
|poke|p2|Galvantula, M
|poke|p2|Ferrothorn, F
|poke|p2|Octillery, M
|poke|p2|Sableye, M
|teampreview
|
|start
|split
|switch|p1a: Carbink|Carbink|304/304
|switch|p1a: Carbink|Carbink|304/304
|switch|p1a: Carbink|Carbink|304/304
|switch|p1a: Carbink|Carbink|304/304
|split
|switch|p2a: Smeargle|Smeargle, F|251/251
|switch|p2a: Smeargle|Smeargle, F|251/251
|switch|p2a: Smeargle|Smeargle, F|251/251
|switch|p2a: Smeargle|Smeargle, F|251/251
|turn|1
|
|move|p2a: Smeargle|Heal Bell|p2a: Smeargle
|-cureteam|p2a: Smeargle|[from] move: HealBell
|move|p1a: Carbink|Smack Down|p2a: Smeargle
|debug|randBW(100) = 67
|debug|randBW(16) = 8
|html|<div class="broadcast-red"><b>The battle crashed</b><br />You can keep playing but it might crash again.</div>
|
|debug|p2: Smeargle INCONSISTENT STATE, ALREADY MOVED: healbell
|debug|p1: Carbink INCONSISTENT STATE, ALREADY MOVED: smackdown
|
|turn|2
|
|move|p2a: Smeargle|Heal Bell|p2a: Smeargle|[from]Butterfly Effect
|-cureteam|p2a: Smeargle|[from] move: HealBell
|move|p1a: Carbink|Dazzling Gleam|p2a: Smeargle|[from]Butterfly Effect
|debug|randBW(100) = 14
|debug|randBW(16) = 15
|debug|randBW(16) = 9
|-resisted|p2a: Smeargle
|split
|-damage|p2a: Smeargle|201/251
|-damage|p2a: Smeargle|201/251
|-damage|p2a: Smeargle|201/251
|-damage|p2a: Smeargle|201/251
|
|split
|-heal|p2a: Smeargle|216/251|[from] item: Leftovers
|-heal|p2a: Smeargle|216/251|[from] item: Leftovers
|-heal|p2a: Smeargle|216/251|[from] item: Leftovers
|-heal|p2a: Smeargle|216/251|[from] item: Leftovers
|turn|3
|
|split
|switch|p1a: Lucario|Lucario, M|281/281
|switch|p1a: Lucario|Lucario, M|281/281
|switch|p1a: Lucario|Lucario, M|281/281
|switch|p1a: Lucario|Lucario, M|281/281
|move|p2a: Smeargle|Heal Bell|p2a: Smeargle|[from]Butterfly Effect
|-cureteam|p2a: Smeargle|[from] move: HealBell
|
|split
|-heal|p2a: Smeargle|231/251|[from] item: Leftovers
|-heal|p2a: Smeargle|231/251|[from] item: Leftovers
|-heal|p2a: Smeargle|231/251|[from] item: Leftovers
|-heal|p2a: Smeargle|231/251|[from] item: Leftovers
|turn|4
|
|move|p1a: Lucario|Aura Sphere|p2a: Smeargle|[from]Butterfly Effect
|debug|randBW(16) = 9
|debug|Fighting Spirit Started
|debug|randBW(16) = 15
|-supereffective|p2a: Smeargle
|split
|-damage|p2a: Smeargle|1/251
|-damage|p2a: Smeargle|1/251
|-damage|p2a: Smeargle|1/251
|-damage|p2a: Smeargle|1/251
|move|p2a: Smeargle|Heal Bell|p2a: Smeargle|[from]Butterfly Effect
|-cureteam|p2a: Smeargle|[from] move: HealBell
|
|split
|-heal|p2a: Smeargle|16/251|[from] item: Leftovers
|-heal|p2a: Smeargle|16/251|[from] item: Leftovers
|-heal|p2a: Smeargle|16/251|[from] item: Leftovers
|-heal|p2a: Smeargle|16/251|[from] item: Leftovers
|turn|5
|
|move|p1a: Lucario|Aura Sphere|p2a: Smeargle|[from]Butterfly Effect
|debug|randBW(16) = 0
|debug|Fighting Spirit Started
|-crit|p2a: Smeargle
|debug|randBW(16) = 4
|-supereffective|p2a: Smeargle
|split
|-damage|p2a: Smeargle|1/251
|-damage|p2a: Smeargle|1/251
|-damage|p2a: Smeargle|1/251
|-damage|p2a: Smeargle|1/251
|move|p2a: Smeargle|Recover|p2a: Smeargle|[from]Butterfly Effect
|split
|-heal|p2a: Smeargle|127/251
|-heal|p2a: Smeargle|127/251
|-heal|p2a: Smeargle|127/251
|-heal|p2a: Smeargle|127/251
|
|split
|-heal|p2a: Smeargle|142/251|[from] item: Leftovers
|-heal|p2a: Smeargle|142/251|[from] item: Leftovers
|-heal|p2a: Smeargle|142/251|[from] item: Leftovers
|-heal|p2a: Smeargle|142/251|[from] item: Leftovers
|turn|6
|
|move|p1a: Lucario|Aura Sphere|p2a: Smeargle|[from]Butterfly Effect
|debug|randBW(16) = 13
|debug|Fighting Spirit Started
|debug|randBW(16) = 4
|-supereffective|p2a: Smeargle
|split
|-damage|p2a: Smeargle|1/251
|-damage|p2a: Smeargle|1/251
|-damage|p2a: Smeargle|1/251
|-damage|p2a: Smeargle|1/251
|move|p2a: Smeargle|Heal Bell|p2a: Smeargle|[from]Butterfly Effect
|-cureteam|p2a: Smeargle|[from] move: HealBell
|
|split
|-heal|p2a: Smeargle|16/251|[from] item: Leftovers
|-heal|p2a: Smeargle|16/251|[from] item: Leftovers
|-heal|p2a: Smeargle|16/251|[from] item: Leftovers
|-heal|p2a: Smeargle|16/251|[from] item: Leftovers
|turn|7
|
|move|p1a: Lucario|Flash Cannon|p2a: Smeargle|[from]Butterfly Effect
|debug|randBW(100) = 29
|debug|randBW(16) = 13
|debug|Fighting Spirit Started
|debug|randBW(16) = 2
|split
|-damage|p2a: Smeargle|1/251
|-damage|p2a: Smeargle|1/251
|-damage|p2a: Smeargle|1/251
|-damage|p2a: Smeargle|1/251
|debug|randBW(100) = 57
|move|p2a: Smeargle|Heal Bell|p2a: Smeargle|[from]Butterfly Effect
|-cureteam|p2a: Smeargle|[from] move: HealBell
|
|split
|-heal|p2a: Smeargle|16/251|[from] item: Leftovers
|-heal|p2a: Smeargle|16/251|[from] item: Leftovers
|-heal|p2a: Smeargle|16/251|[from] item: Leftovers
|-heal|p2a: Smeargle|16/251|[from] item: Leftovers
|turn|8
|
|split
|switch|p2a: Galvantula|Galvantula, M|281/281
|switch|p2a: Galvantula|Galvantula, M|281/281
|switch|p2a: Galvantula|Galvantula, M|281/281
|switch|p2a: Galvantula|Galvantula, M|281/281
|move|p1a: Lucario|Aura Sphere|p2a: Galvantula|[from]Butterfly Effect
|debug|randBW(16) = 12
|debug|Fighting Spirit Started
|debug|randBW(16) = 2
|split
|-damage|p2a: Galvantula|112/281
|-damage|p2a: Galvantula|112/281
|-damage|p2a: Galvantula|112/281
|-damage|p2a: Galvantula|112/281
|
|split
|-heal|p2a: Galvantula|129/281|[from] item: Leftovers
|-heal|p2a: Galvantula|129/281|[from] item: Leftovers
|-heal|p2a: Galvantula|129/281|[from] item: Leftovers
|-heal|p2a: Galvantula|129/281|[from] item: Leftovers
|turn|9
|
|move|p2a: Galvantula|Heal Bell|p2a: Galvantula|[from]Butterfly Effect
|-cureteam|p2a: Galvantula|[from] move: HealBell
|move|p1a: Lucario|Aura Sphere|p2a: Galvantula|[from]Butterfly Effect
|debug|randBW(16) = 7
|debug|Fighting Spirit Started
|debug|randBW(16) = 11
|split
|-damage|p2a: Galvantula|1/281
|-damage|p2a: Galvantula|1/281
|-damage|p2a: Galvantula|1/281
|-damage|p2a: Galvantula|1/281
|
|split
|-heal|p2a: Galvantula|18/281|[from] item: Leftovers
|-heal|p2a: Galvantula|18/281|[from] item: Leftovers
|-heal|p2a: Galvantula|18/281|[from] item: Leftovers
|-heal|p2a: Galvantula|18/281|[from] item: Leftovers
|turn|10
|
|split
|switch|p2a: Ferrothorn|Ferrothorn, F|351/351
|switch|p2a: Ferrothorn|Ferrothorn, F|351/351
|switch|p2a: Ferrothorn|Ferrothorn, F|351/351
|switch|p2a: Ferrothorn|Ferrothorn, F|351/351
|split
|switch|p1a: Galvantula|Galvantula, M, shiny|344/344
|switch|p1a: Galvantula|Galvantula, M, shiny|344/344
|switch|p1a: Galvantula|Galvantula, M, shiny|344/344
|switch|p1a: Galvantula|Galvantula, M, shiny|344/344
|
|turn|11
|
|move|p1a: Galvantula|Cross Poison|p2a: Ferrothorn|[from]Butterfly Effect
|debug|randBW(100) = 45
|debug|randBW(8) = 6
|debug|randBW(16) = 0
|-supereffective|p2a: Ferrothorn
|split
|-damage|p2a: Ferrothorn|197/351
|-damage|p2a: Ferrothorn|197/351
|-damage|p2a: Ferrothorn|197/351
|-damage|p2a: Ferrothorn|197/351
|-boost|p2a: Ferrothorn|atk|1|[from] ability: Aggravation
|-boost|p2a: Ferrothorn|spa|1|[from] ability: Aggravation
|-boost|p2a: Ferrothorn|spe|1|[from] ability: Aggravation
|debug|Aggravation boost
|debug|randBW(100) = 89
|move|p2a: Ferrothorn|Light Screen|p2a: Ferrothorn|[from]Butterfly Effect
|-sidestart|p2: IcyVines|move: Light Screen
|
|split
|-heal|p2a: Ferrothorn|218/351|[from] item: Leftovers
|-heal|p2a: Ferrothorn|218/351|[from] item: Leftovers
|-heal|p2a: Ferrothorn|218/351|[from] item: Leftovers
|-heal|p2a: Ferrothorn|218/351|[from] item: Leftovers
|turn|12
|
|split
|switch|p1a: Aegislash|Aegislash, M, shiny|324/324
|switch|p1a: Aegislash|Aegislash, M, shiny|324/324
|switch|p1a: Aegislash|Aegislash, M, shiny|324/324
|switch|p1a: Aegislash|Aegislash, M, shiny|324/324
|debug|natural immunity
|debug|natural immunity
|debug|natural immunity
|debug|natural immunity
|debug|natural immunity
|debug|natural immunity
|debug|natural immunity
|debug|natural immunity
|debug|natural immunity
|move|p2a: Ferrothorn|Reflect|p2a: Ferrothorn|[from]Butterfly Effect
|-sidestart|p2: IcyVines|Reflect
|debug|natural immunity
|debug|natural immunity
|debug|natural immunity
|debug|natural immunity
|debug|natural immunity
|debug|natural immunity
|
|split
|-heal|p2a: Ferrothorn|239/351|[from] item: Leftovers
|-heal|p2a: Ferrothorn|239/351|[from] item: Leftovers
|-heal|p2a: Ferrothorn|239/351|[from] item: Leftovers
|-heal|p2a: Ferrothorn|239/351|[from] item: Leftovers
|turn|13
|debug|natural immunity
|debug|natural immunity
|debug|natural immunity
|
|debug|natural immunity
|debug|natural immunity
|debug|natural immunity
|debug|natural immunity
|debug|natural immunity
|debug|natural immunity
|move|p2a: Ferrothorn|Protect|p2a: Ferrothorn|[from]Butterfly Effect
|debug|natural immunity
|debug|natural immunity
|debug|natural immunity
|-singleturn|p2a: Ferrothorn|Protect
|debug|natural immunity
|debug|natural immunity
|debug|natural immunity
|debug|natural immunity
|debug|natural immunity
|debug|natural immunity
|debug|natural immunity
|debug|natural immunity
|debug|natural immunity
|move|p1a: Aegislash|Hidden Power|p2a: Ferrothorn|[from]Butterfly Effect
|debug|natural immunity
|debug|natural immunity
|debug|natural immunity
|debug|natural immunity
|debug|natural immunity
|debug|natural immunity
|debug|randBW(100) = 48
|debug|randBW(16) = 2
|debug|natural immunity
|debug|natural immunity
|debug|natural immunity
|debug|Permeate Boost
|debug|randBW(16) = 5
|debug|natural immunity
|debug|natural immunity
|debug|natural immunity
|split
|-damage|p2a: Ferrothorn|209/351
|-damage|p2a: Ferrothorn|209/351
|-damage|p2a: Ferrothorn|209/351
|-damage|p2a: Ferrothorn|209/351
|-boost|p2a: Ferrothorn|atk|1|[from] ability: Aggravation
|-boost|p2a: Ferrothorn|spa|1|[from] ability: Aggravation
|-boost|p2a: Ferrothorn|spe|1|[from] ability: Aggravation
|debug|Aggravation boost
|debug|natural immunity
|debug|natural immunity
|debug|natural immunity
|
|split
|-heal|p2a: Ferrothorn|230/351|[from] item: Leftovers
|-heal|p2a: Ferrothorn|230/351|[from] item: Leftovers
|-heal|p2a: Ferrothorn|230/351|[from] item: Leftovers
|-heal|p2a: Ferrothorn|230/351|[from] item: Leftovers
|turn|14
|debug|natural immunity
|debug|natural immunity
|debug|natural immunity
|
|debug|natural immunity
|debug|natural immunity
|debug|natural immunity
|debug|natural immunity
|debug|natural immunity
|debug|natural immunity
|move|p1a: Aegislash|Shadow Sneak|p2a: Ferrothorn|[from]Butterfly Effect
|debug|natural immunity
|debug|natural immunity
|debug|natural immunity
|debug|randBW(100) = 98
|debug|randBW(16) = 5
|debug|natural immunity
|debug|natural immunity
|debug|natural immunity
|debug|Permeate Boost
|debug|randBW(16) = 12
|-resisted|p2a: Ferrothorn
|debug|natural immunity
|debug|natural immunity
|debug|natural immunity
|split
|-damage|p2a: Ferrothorn|213/351
|-damage|p2a: Ferrothorn|213/351
|-damage|p2a: Ferrothorn|213/351
|-damage|p2a: Ferrothorn|213/351
|-boost|p2a: Ferrothorn|atk|1|[from] ability: Aggravation
|-boost|p2a: Ferrothorn|spa|1|[from] ability: Aggravation
|-boost|p2a: Ferrothorn|spe|1|[from] ability: Aggravation
|debug|Aggravation boost
|debug|natural immunity
|debug|natural immunity
|debug|natural immunity
|debug|natural immunity
|debug|natural immunity
|debug|natural immunity
|debug|natural immunity
|debug|natural immunity
|debug|natural immunity
|move|p2a: Ferrothorn|Substitute|p2a: Ferrothorn|[from]Butterfly Effect
|debug|natural immunity
|debug|natural immunity
|debug|natural immunity
|-start|p2a: Ferrothorn|Substitute
|split
|-damage|p2a: Ferrothorn|126/351
|-damage|p2a: Ferrothorn|126/351
|-damage|p2a: Ferrothorn|126/351
|-damage|p2a: Ferrothorn|126/351
|debug|natural immunity
|debug|natural immunity
|debug|natural immunity
|
|split
|-heal|p2a: Ferrothorn|147/351|[from] item: Leftovers
|-heal|p2a: Ferrothorn|147/351|[from] item: Leftovers
|-heal|p2a: Ferrothorn|147/351|[from] item: Leftovers
|-heal|p2a: Ferrothorn|147/351|[from] item: Leftovers
|turn|15
|debug|natural immunity
|debug|natural immunity
|debug|natural immunity
|
|debug|natural immunity
|debug|natural immunity
|debug|natural immunity
|debug|natural immunity
|debug|natural immunity
|debug|natural immunity
|move|p2a: Ferrothorn|Protect|p2a: Ferrothorn|[from]Butterfly Effect
|debug|natural immunity
|debug|natural immunity
|debug|natural immunity
|debug|sub bypass: self hit
|-singleturn|p2a: Ferrothorn|Protect
|debug|natural immunity
|debug|natural immunity
|debug|natural immunity
|debug|natural immunity
|debug|natural immunity
|debug|natural immunity
|debug|natural immunity
|debug|natural immunity
|debug|natural immunity
|move|p1a: Aegislash|Shadow Sneak|p2a: Ferrothorn|[from]Butterfly Effect
|debug|natural immunity
|debug|natural immunity
|debug|natural immunity
|debug|randBW(100) = 28
|debug|randBW(16) = 8
|debug|natural immunity
|debug|natural immunity
|debug|natural immunity
|debug|Permeate Boost
|debug|randBW(16) = 9
|-resisted|p2a: Ferrothorn
|debug|natural immunity
|debug|natural immunity
|debug|natural immunity
|split
|-damage|p2a: Ferrothorn|129/351
|-damage|p2a: Ferrothorn|129/351
|-damage|p2a: Ferrothorn|129/351
|-damage|p2a: Ferrothorn|129/351
|debug|natural immunity
|debug|natural immunity
|debug|natural immunity
|
|split
|-heal|p2a: Ferrothorn|150/351|[from] item: Leftovers
|-heal|p2a: Ferrothorn|150/351|[from] item: Leftovers
|-heal|p2a: Ferrothorn|150/351|[from] item: Leftovers
|-heal|p2a: Ferrothorn|150/351|[from] item: Leftovers
|-sideend|p2: IcyVines|move: Light Screen
|debug|natural immunity
|debug|natural immunity
|debug|natural immunity
|turn|16
|debug|natural immunity
|debug|natural immunity
|debug|natural immunity
|
|split
|switch|p2a: Feraligatr|Feraligatr, F|310/310
|switch|p2a: Feraligatr|Feraligatr, F|310/310
|switch|p2a: Feraligatr|Feraligatr, F|310/310
|switch|p2a: Feraligatr|Feraligatr, F|310/310
|debug|natural immunity
|debug|natural immunity
|debug|natural immunity
|split
|switch|p1a: Charizard|Charizard, M, shiny|360/360
|switch|p1a: Charizard|Charizard, M, shiny|360/360
|switch|p1a: Charizard|Charizard, M, shiny|360/360
|switch|p1a: Charizard|Charizard, M, shiny|360/360
|
|-sideend|p2: IcyVines|Reflect
|turn|17
|
|move|p1a: Charizard|Fire Punch|p2a: Feraligatr|[from]Butterfly Effect
|debug|randBW(100) = 45
|debug|randBW(16) = 7
|debug|randBW(16) = 11
|-resisted|p2a: Feraligatr
|split
|-damage|p2a: Feraligatr|274/310
|-damage|p2a: Feraligatr|274/310
|-damage|p2a: Feraligatr|274/310
|-damage|p2a: Feraligatr|274/310
|debug|randBW(100) = 29
|move|p2a: Feraligatr|Waterfall|p1a: Charizard|[from]Butterfly Effect
|-immune|p1a: Charizard|[msg]
|
|split
|-heal|p2a: Feraligatr|293/310|[from] item: Leftovers
|-heal|p2a: Feraligatr|293/310|[from] item: Leftovers
|-heal|p2a: Feraligatr|293/310|[from] item: Leftovers
|-heal|p2a: Feraligatr|293/310|[from] item: Leftovers
|turn|18
|
|move|p1a: Charizard|Fire Punch|p2a: Feraligatr|[from]Butterfly Effect
|debug|randBW(100) = 30
|debug|randBW(16) = 8
|debug|randBW(16) = 11
|-resisted|p2a: Feraligatr
|split
|-damage|p2a: Feraligatr|257/310
|-damage|p2a: Feraligatr|257/310
|-damage|p2a: Feraligatr|257/310
|-damage|p2a: Feraligatr|257/310
|debug|randBW(100) = 75
|move|p2a: Feraligatr|Shadow Claw|p1a: Charizard|[from]Butterfly Effect
|debug|randBW(100) = 97
|debug|randBW(8) = 7

ReferenceError: pokemon is not defined
    at Tools.exports.BattleAbilities.tidal.onBasePower (/Users/IcyVines/Desktop/Pokemon-Client/data/abilities.js:3449:7)
    at Tools.Battle.runEvent (/Users/IcyVines/Desktop/Pokemon-Client/battle-engine.js:2046:38)
    at Tools.Battle.getDamage (/Users/IcyVines/Desktop/Pokemon-Client/battle-engine.js:2844:20)
    at Tools.exports.BattleScripts.moveHit (/Users/IcyVines/Desktop/Pokemon-Client/data/scripts.js:355:18)
    at Tools.exports.BattleScripts.tryMoveHit (/Users/IcyVines/Desktop/Pokemon-Client/data/scripts.js:274:18)
    at Tools.exports.BattleScripts.useMove (/Users/IcyVines/Desktop/Pokemon-Client/data/scripts.js:164:18)
    at Tools.exports.BattleScripts.runMove (/Users/IcyVines/Desktop/Pokemon-Client/data/scripts.js:45:8)
    at Tools.Battle.runDecision (/Users/IcyVines/Desktop/Pokemon-Client/battle-engine.js:3248:9)
    at Tools.Battle.go (/Users/IcyVines/Desktop/Pokemon-Client/battle-engine.js:3413:9)
    at Tools.Battle.commitDecisions (/Users/IcyVines/Desktop/Pokemon-Client/battle-engine.js:3491:8)

Additional information:
message = battle-customgame-562|choose|p2|move Ice Punch|22
currentRequest = move

Log:
|player|p1|Brendan0207|266
|player|p2|IcyVines|8
|gametype|singles
|gen|6
|tier|Custom Game
|clearpoke
|poke|p1|Charizard, M, shiny
|poke|p1|Talonflame, M, shiny
|poke|p1|Aegislash, M, shiny
|poke|p1|Galvantula, M, shiny
|poke|p1|Carbink
|poke|p1|Lucario, M
|poke|p2|Feraligatr, F
|poke|p2|Smeargle, F
|poke|p2|Galvantula, M
|poke|p2|Ferrothorn, F
|poke|p2|Octillery, M
|poke|p2|Sableye, M
|teampreview
|
|start
|split
|switch|p1a: Carbink|Carbink|304/304
|switch|p1a: Carbink|Carbink|304/304
|switch|p1a: Carbink|Carbink|304/304
|switch|p1a: Carbink|Carbink|304/304
|split
|switch|p2a: Smeargle|Smeargle, F|251/251
|switch|p2a: Smeargle|Smeargle, F|251/251
|switch|p2a: Smeargle|Smeargle, F|251/251
|switch|p2a: Smeargle|Smeargle, F|251/251
|turn|1
|
|move|p2a: Smeargle|Heal Bell|p2a: Smeargle
|-cureteam|p2a: Smeargle|[from] move: HealBell
|move|p1a: Carbink|Smack Down|p2a: Smeargle
|debug|randBW(100) = 67
|debug|randBW(16) = 8
|html|<div class="broadcast-red"><b>The battle crashed</b><br />You can keep playing but it might crash again.</div>
|
|debug|p2: Smeargle INCONSISTENT STATE, ALREADY MOVED: healbell
|debug|p1: Carbink INCONSISTENT STATE, ALREADY MOVED: smackdown
|
|turn|2
|
|move|p2a: Smeargle|Heal Bell|p2a: Smeargle|[from]Butterfly Effect
|-cureteam|p2a: Smeargle|[from] move: HealBell
|move|p1a: Carbink|Dazzling Gleam|p2a: Smeargle|[from]Butterfly Effect
|debug|randBW(100) = 14
|debug|randBW(16) = 15
|debug|randBW(16) = 9
|-resisted|p2a: Smeargle
|split
|-damage|p2a: Smeargle|201/251
|-damage|p2a: Smeargle|201/251
|-damage|p2a: Smeargle|201/251
|-damage|p2a: Smeargle|201/251
|
|split
|-heal|p2a: Smeargle|216/251|[from] item: Leftovers
|-heal|p2a: Smeargle|216/251|[from] item: Leftovers
|-heal|p2a: Smeargle|216/251|[from] item: Leftovers
|-heal|p2a: Smeargle|216/251|[from] item: Leftovers
|turn|3
|
|split
|switch|p1a: Lucario|Lucario, M|281/281
|switch|p1a: Lucario|Lucario, M|281/281
|switch|p1a: Lucario|Lucario, M|281/281
|switch|p1a: Lucario|Lucario, M|281/281
|move|p2a: Smeargle|Heal Bell|p2a: Smeargle|[from]Butterfly Effect
|-cureteam|p2a: Smeargle|[from] move: HealBell
|
|split
|-heal|p2a: Smeargle|231/251|[from] item: Leftovers
|-heal|p2a: Smeargle|231/251|[from] item: Leftovers
|-heal|p2a: Smeargle|231/251|[from] item: Leftovers
|-heal|p2a: Smeargle|231/251|[from] item: Leftovers
|turn|4
|
|move|p1a: Lucario|Aura Sphere|p2a: Smeargle|[from]Butterfly Effect
|debug|randBW(16) = 9
|debug|Fighting Spirit Started
|debug|randBW(16) = 15
|-supereffective|p2a: Smeargle
|split
|-damage|p2a: Smeargle|1/251
|-damage|p2a: Smeargle|1/251
|-damage|p2a: Smeargle|1/251
|-damage|p2a: Smeargle|1/251
|move|p2a: Smeargle|Heal Bell|p2a: Smeargle|[from]Butterfly Effect
|-cureteam|p2a: Smeargle|[from] move: HealBell
|
|split
|-heal|p2a: Smeargle|16/251|[from] item: Leftovers
|-heal|p2a: Smeargle|16/251|[from] item: Leftovers
|-heal|p2a: Smeargle|16/251|[from] item: Leftovers
|-heal|p2a: Smeargle|16/251|[from] item: Leftovers
|turn|5
|
|move|p1a: Lucario|Aura Sphere|p2a: Smeargle|[from]Butterfly Effect
|debug|randBW(16) = 0
|debug|Fighting Spirit Started
|-crit|p2a: Smeargle
|debug|randBW(16) = 4
|-supereffective|p2a: Smeargle
|split
|-damage|p2a: Smeargle|1/251
|-damage|p2a: Smeargle|1/251
|-damage|p2a: Smeargle|1/251
|-damage|p2a: Smeargle|1/251
|move|p2a: Smeargle|Recover|p2a: Smeargle|[from]Butterfly Effect
|split
|-heal|p2a: Smeargle|127/251
|-heal|p2a: Smeargle|127/251
|-heal|p2a: Smeargle|127/251
|-heal|p2a: Smeargle|127/251
|
|split
|-heal|p2a: Smeargle|142/251|[from] item: Leftovers
|-heal|p2a: Smeargle|142/251|[from] item: Leftovers
|-heal|p2a: Smeargle|142/251|[from] item: Leftovers
|-heal|p2a: Smeargle|142/251|[from] item: Leftovers
|turn|6
|
|move|p1a: Lucario|Aura Sphere|p2a: Smeargle|[from]Butterfly Effect
|debug|randBW(16) = 13
|debug|Fighting Spirit Started
|debug|randBW(16) = 4
|-supereffective|p2a: Smeargle
|split
|-damage|p2a: Smeargle|1/251
|-damage|p2a: Smeargle|1/251
|-damage|p2a: Smeargle|1/251
|-damage|p2a: Smeargle|1/251
|move|p2a: Smeargle|Heal Bell|p2a: Smeargle|[from]Butterfly Effect
|-cureteam|p2a: Smeargle|[from] move: HealBell
|
|split
|-heal|p2a: Smeargle|16/251|[from] item: Leftovers
|-heal|p2a: Smeargle|16/251|[from] item: Leftovers
|-heal|p2a: Smeargle|16/251|[from] item: Leftovers
|-heal|p2a: Smeargle|16/251|[from] item: Leftovers
|turn|7
|
|move|p1a: Lucario|Flash Cannon|p2a: Smeargle|[from]Butterfly Effect
|debug|randBW(100) = 29
|debug|randBW(16) = 13
|debug|Fighting Spirit Started
|debug|randBW(16) = 2
|split
|-damage|p2a: Smeargle|1/251
|-damage|p2a: Smeargle|1/251
|-damage|p2a: Smeargle|1/251
|-damage|p2a: Smeargle|1/251
|debug|randBW(100) = 57
|move|p2a: Smeargle|Heal Bell|p2a: Smeargle|[from]Butterfly Effect
|-cureteam|p2a: Smeargle|[from] move: HealBell
|
|split
|-heal|p2a: Smeargle|16/251|[from] item: Leftovers
|-heal|p2a: Smeargle|16/251|[from] item: Leftovers
|-heal|p2a: Smeargle|16/251|[from] item: Leftovers
|-heal|p2a: Smeargle|16/251|[from] item: Leftovers
|turn|8
|
|split
|switch|p2a: Galvantula|Galvantula, M|281/281
|switch|p2a: Galvantula|Galvantula, M|281/281
|switch|p2a: Galvantula|Galvantula, M|281/281
|switch|p2a: Galvantula|Galvantula, M|281/281
|move|p1a: Lucario|Aura Sphere|p2a: Galvantula|[from]Butterfly Effect
|debug|randBW(16) = 12
|debug|Fighting Spirit Started
|debug|randBW(16) = 2
|split
|-damage|p2a: Galvantula|112/281
|-damage|p2a: Galvantula|112/281
|-damage|p2a: Galvantula|112/281
|-damage|p2a: Galvantula|112/281
|
|split
|-heal|p2a: Galvantula|129/281|[from] item: Leftovers
|-heal|p2a: Galvantula|129/281|[from] item: Leftovers
|-heal|p2a: Galvantula|129/281|[from] item: Leftovers
|-heal|p2a: Galvantula|129/281|[from] item: Leftovers
|turn|9
|
|move|p2a: Galvantula|Heal Bell|p2a: Galvantula|[from]Butterfly Effect
|-cureteam|p2a: Galvantula|[from] move: HealBell
|move|p1a: Lucario|Aura Sphere|p2a: Galvantula|[from]Butterfly Effect
|debug|randBW(16) = 7
|debug|Fighting Spirit Started
|debug|randBW(16) = 11
|split
|-damage|p2a: Galvantula|1/281
|-damage|p2a: Galvantula|1/281
|-damage|p2a: Galvantula|1/281
|-damage|p2a: Galvantula|1/281
|
|split
|-heal|p2a: Galvantula|18/281|[from] item: Leftovers
|-heal|p2a: Galvantula|18/281|[from] item: Leftovers
|-heal|p2a: Galvantula|18/281|[from] item: Leftovers
|-heal|p2a: Galvantula|18/281|[from] item: Leftovers
|turn|10
|
|split
|switch|p2a: Ferrothorn|Ferrothorn, F|351/351
|switch|p2a: Ferrothorn|Ferrothorn, F|351/351
|switch|p2a: Ferrothorn|Ferrothorn, F|351/351
|switch|p2a: Ferrothorn|Ferrothorn, F|351/351
|split
|switch|p1a: Galvantula|Galvantula, M, shiny|344/344
|switch|p1a: Galvantula|Galvantula, M, shiny|344/344
|switch|p1a: Galvantula|Galvantula, M, shiny|344/344
|switch|p1a: Galvantula|Galvantula, M, shiny|344/344
|
|turn|11
|
|move|p1a: Galvantula|Cross Poison|p2a: Ferrothorn|[from]Butterfly Effect
|debug|randBW(100) = 45
|debug|randBW(8) = 6
|debug|randBW(16) = 0
|-supereffective|p2a: Ferrothorn
|split
|-damage|p2a: Ferrothorn|197/351
|-damage|p2a: Ferrothorn|197/351
|-damage|p2a: Ferrothorn|197/351
|-damage|p2a: Ferrothorn|197/351
|-boost|p2a: Ferrothorn|atk|1|[from] ability: Aggravation
|-boost|p2a: Ferrothorn|spa|1|[from] ability: Aggravation
|-boost|p2a: Ferrothorn|spe|1|[from] ability: Aggravation
|debug|Aggravation boost
|debug|randBW(100) = 89
|move|p2a: Ferrothorn|Light Screen|p2a: Ferrothorn|[from]Butterfly Effect
|-sidestart|p2: IcyVines|move: Light Screen
|
|split
|-heal|p2a: Ferrothorn|218/351|[from] item: Leftovers
|-heal|p2a: Ferrothorn|218/351|[from] item: Leftovers
|-heal|p2a: Ferrothorn|218/351|[from] item: Leftovers
|-heal|p2a: Ferrothorn|218/351|[from] item: Leftovers
|turn|12
|
|split
|switch|p1a: Aegislash|Aegislash, M, shiny|324/324
|switch|p1a: Aegislash|Aegislash, M, shiny|324/324
|switch|p1a: Aegislash|Aegislash, M, shiny|324/324
|switch|p1a: Aegislash|Aegislash, M, shiny|324/324
|debug|natural immunity
|debug|natural immunity
|debug|natural immunity
|debug|natural immunity
|debug|natural immunity
|debug|natural immunity
|debug|natural immunity
|debug|natural immunity
|debug|natural immunity
|move|p2a: Ferrothorn|Reflect|p2a: Ferrothorn|[from]Butterfly Effect
|-sidestart|p2: IcyVines|Reflect
|debug|natural immunity
|debug|natural immunity
|debug|natural immunity
|debug|natural immunity
|debug|natural immunity
|debug|natural immunity
|
|split
|-heal|p2a: Ferrothorn|239/351|[from] item: Leftovers
|-heal|p2a: Ferrothorn|239/351|[from] item: Leftovers
|-heal|p2a: Ferrothorn|239/351|[from] item: Leftovers
|-heal|p2a: Ferrothorn|239/351|[from] item: Leftovers
|turn|13
|debug|natural immunity
|debug|natural immunity
|debug|natural immunity
|
|debug|natural immunity
|debug|natural immunity
|debug|natural immunity
|debug|natural immunity
|debug|natural immunity
|debug|natural immunity
|move|p2a: Ferrothorn|Protect|p2a: Ferrothorn|[from]Butterfly Effect
|debug|natural immunity
|debug|natural immunity
|debug|natural immunity
|-singleturn|p2a: Ferrothorn|Protect
|debug|natural immunity
|debug|natural immunity
|debug|natural immunity
|debug|natural immunity
|debug|natural immunity
|debug|natural immunity
|debug|natural immunity
|debug|natural immunity
|debug|natural immunity
|move|p1a: Aegislash|Hidden Power|p2a: Ferrothorn|[from]Butterfly Effect
|debug|natural immunity
|debug|natural immunity
|debug|natural immunity
|debug|natural immunity
|debug|natural immunity
|debug|natural immunity
|debug|randBW(100) = 48
|debug|randBW(16) = 2
|debug|natural immunity
|debug|natural immunity
|debug|natural immunity
|debug|Permeate Boost
|debug|randBW(16) = 5
|debug|natural immunity
|debug|natural immunity
|debug|natural immunity
|split
|-damage|p2a: Ferrothorn|209/351
|-damage|p2a: Ferrothorn|209/351
|-damage|p2a: Ferrothorn|209/351
|-damage|p2a: Ferrothorn|209/351
|-boost|p2a: Ferrothorn|atk|1|[from] ability: Aggravation
|-boost|p2a: Ferrothorn|spa|1|[from] ability: Aggravation
|-boost|p2a: Ferrothorn|spe|1|[from] ability: Aggravation
|debug|Aggravation boost
|debug|natural immunity
|debug|natural immunity
|debug|natural immunity
|
|split
|-heal|p2a: Ferrothorn|230/351|[from] item: Leftovers
|-heal|p2a: Ferrothorn|230/351|[from] item: Leftovers
|-heal|p2a: Ferrothorn|230/351|[from] item: Leftovers
|-heal|p2a: Ferrothorn|230/351|[from] item: Leftovers
|turn|14
|debug|natural immunity
|debug|natural immunity
|debug|natural immunity
|
|debug|natural immunity
|debug|natural immunity
|debug|natural immunity
|debug|natural immunity
|debug|natural immunity
|debug|natural immunity
|move|p1a: Aegislash|Shadow Sneak|p2a: Ferrothorn|[from]Butterfly Effect
|debug|natural immunity
|debug|natural immunity
|debug|natural immunity
|debug|randBW(100) = 98
|debug|randBW(16) = 5
|debug|natural immunity
|debug|natural immunity
|debug|natural immunity
|debug|Permeate Boost
|debug|randBW(16) = 12
|-resisted|p2a: Ferrothorn
|debug|natural immunity
|debug|natural immunity
|debug|natural immunity
|split
|-damage|p2a: Ferrothorn|213/351
|-damage|p2a: Ferrothorn|213/351
|-damage|p2a: Ferrothorn|213/351
|-damage|p2a: Ferrothorn|213/351
|-boost|p2a: Ferrothorn|atk|1|[from] ability: Aggravation
|-boost|p2a: Ferrothorn|spa|1|[from] ability: Aggravation
|-boost|p2a: Ferrothorn|spe|1|[from] ability: Aggravation
|debug|Aggravation boost
|debug|natural immunity
|debug|natural immunity
|debug|natural immunity
|debug|natural immunity
|debug|natural immunity
|debug|natural immunity
|debug|natural immunity
|debug|natural immunity
|debug|natural immunity
|move|p2a: Ferrothorn|Substitute|p2a: Ferrothorn|[from]Butterfly Effect
|debug|natural immunity
|debug|natural immunity
|debug|natural immunity
|-start|p2a: Ferrothorn|Substitute
|split
|-damage|p2a: Ferrothorn|126/351
|-damage|p2a: Ferrothorn|126/351
|-damage|p2a: Ferrothorn|126/351
|-damage|p2a: Ferrothorn|126/351
|debug|natural immunity
|debug|natural immunity
|debug|natural immunity
|
|split
|-heal|p2a: Ferrothorn|147/351|[from] item: Leftovers
|-heal|p2a: Ferrothorn|147/351|[from] item: Leftovers
|-heal|p2a: Ferrothorn|147/351|[from] item: Leftovers
|-heal|p2a: Ferrothorn|147/351|[from] item: Leftovers
|turn|15
|debug|natural immunity
|debug|natural immunity
|debug|natural immunity
|
|debug|natural immunity
|debug|natural immunity
|debug|natural immunity
|debug|natural immunity
|debug|natural immunity
|debug|natural immunity
|move|p2a: Ferrothorn|Protect|p2a: Ferrothorn|[from]Butterfly Effect
|debug|natural immunity
|debug|natural immunity
|debug|natural immunity
|debug|sub bypass: self hit
|-singleturn|p2a: Ferrothorn|Protect
|debug|natural immunity
|debug|natural immunity
|debug|natural immunity
|debug|natural immunity
|debug|natural immunity
|debug|natural immunity
|debug|natural immunity
|debug|natural immunity
|debug|natural immunity
|move|p1a: Aegislash|Shadow Sneak|p2a: Ferrothorn|[from]Butterfly Effect
|debug|natural immunity
|debug|natural immunity
|debug|natural immunity
|debug|randBW(100) = 28
|debug|randBW(16) = 8
|debug|natural immunity
|debug|natural immunity
|debug|natural immunity
|debug|Permeate Boost
|debug|randBW(16) = 9
|-resisted|p2a: Ferrothorn
|debug|natural immunity
|debug|natural immunity
|debug|natural immunity
|split
|-damage|p2a: Ferrothorn|129/351
|-damage|p2a: Ferrothorn|129/351
|-damage|p2a: Ferrothorn|129/351
|-damage|p2a: Ferrothorn|129/351
|debug|natural immunity
|debug|natural immunity
|debug|natural immunity
|
|split
|-heal|p2a: Ferrothorn|150/351|[from] item: Leftovers
|-heal|p2a: Ferrothorn|150/351|[from] item: Leftovers
|-heal|p2a: Ferrothorn|150/351|[from] item: Leftovers
|-heal|p2a: Ferrothorn|150/351|[from] item: Leftovers
|-sideend|p2: IcyVines|move: Light Screen
|debug|natural immunity
|debug|natural immunity
|debug|natural immunity
|turn|16
|debug|natural immunity
|debug|natural immunity
|debug|natural immunity
|
|split
|switch|p2a: Feraligatr|Feraligatr, F|310/310
|switch|p2a: Feraligatr|Feraligatr, F|310/310
|switch|p2a: Feraligatr|Feraligatr, F|310/310
|switch|p2a: Feraligatr|Feraligatr, F|310/310
|debug|natural immunity
|debug|natural immunity
|debug|natural immunity
|split
|switch|p1a: Charizard|Charizard, M, shiny|360/360
|switch|p1a: Charizard|Charizard, M, shiny|360/360
|switch|p1a: Charizard|Charizard, M, shiny|360/360
|switch|p1a: Charizard|Charizard, M, shiny|360/360
|
|-sideend|p2: IcyVines|Reflect
|turn|17
|
|move|p1a: Charizard|Fire Punch|p2a: Feraligatr|[from]Butterfly Effect
|debug|randBW(100) = 45
|debug|randBW(16) = 7
|debug|randBW(16) = 11
|-resisted|p2a: Feraligatr
|split
|-damage|p2a: Feraligatr|274/310
|-damage|p2a: Feraligatr|274/310
|-damage|p2a: Feraligatr|274/310
|-damage|p2a: Feraligatr|274/310
|debug|randBW(100) = 29
|move|p2a: Feraligatr|Waterfall|p1a: Charizard|[from]Butterfly Effect
|-immune|p1a: Charizard|[msg]
|
|split
|-heal|p2a: Feraligatr|293/310|[from] item: Leftovers
|-heal|p2a: Feraligatr|293/310|[from] item: Leftovers
|-heal|p2a: Feraligatr|293/310|[from] item: Leftovers
|-heal|p2a: Feraligatr|293/310|[from] item: Leftovers
|turn|18
|
|move|p1a: Charizard|Fire Punch|p2a: Feraligatr|[from]Butterfly Effect
|debug|randBW(100) = 30
|debug|randBW(16) = 8
|debug|randBW(16) = 11
|-resisted|p2a: Feraligatr
|split
|-damage|p2a: Feraligatr|257/310
|-damage|p2a: Feraligatr|257/310
|-damage|p2a: Feraligatr|257/310
|-damage|p2a: Feraligatr|257/310
|debug|randBW(100) = 75
|move|p2a: Feraligatr|Shadow Claw|p1a: Charizard|[from]Butterfly Effect
|debug|randBW(100) = 97
|debug|randBW(8) = 7
|html|<div class="broadcast-red"><b>The battle crashed</b><br />You can keep playing but it might crash again.</div>
|
|debug|p1: Charizard INCONSISTENT STATE, ALREADY MOVED: firepunch
|debug|p2: Feraligatr INCONSISTENT STATE, ALREADY MOVED: shadowclaw
|
|split
|-heal|p2a: Feraligatr|276/310|[from] item: Leftovers
|-heal|p2a: Feraligatr|276/310|[from] item: Leftovers
|-heal|p2a: Feraligatr|276/310|[from] item: Leftovers
|-heal|p2a: Feraligatr|276/310|[from] item: Leftovers
|turn|19
|
|move|p1a: Charizard|Fire Punch|p2a: Feraligatr|[from]Tidal
|debug|randBW(100) = 54
|debug|randBW(16) = 14
|debug|randBW(16) = 2
|-resisted|p2a: Feraligatr
|split
|-damage|p2a: Feraligatr|236/310
|-damage|p2a: Feraligatr|236/310
|-damage|p2a: Feraligatr|236/310
|-damage|p2a: Feraligatr|236/310
|debug|randBW(100) = 68
|move|p2a: Feraligatr|Ice Punch|p1a: Charizard|[from]Tidal
|debug|randBW(100) = 53
|debug|randBW(16) = 14

ReferenceError: pokemon is not defined
    at Tools.exports.BattleAbilities.butterflyeffect.onBasePower (/Users/IcyVines/Desktop/Pokemon-Client/data/abilities.js:359:19)
    at Tools.Battle.runEvent (/Users/IcyVines/Desktop/Pokemon-Client/battle-engine.js:2046:38)
    at Tools.Battle.getDamage (/Users/IcyVines/Desktop/Pokemon-Client/battle-engine.js:2844:20)
    at Tools.exports.BattleScripts.moveHit (/Users/IcyVines/Desktop/Pokemon-Client/data/scripts.js:355:18)
    at Tools.exports.BattleScripts.tryMoveHit (/Users/IcyVines/Desktop/Pokemon-Client/data/scripts.js:274:18)
    at Tools.exports.BattleScripts.useMove (/Users/IcyVines/Desktop/Pokemon-Client/data/scripts.js:164:18)
    at Tools.exports.BattleScripts.runMove (/Users/IcyVines/Desktop/Pokemon-Client/data/scripts.js:45:8)
    at Tools.Battle.runDecision (/Users/IcyVines/Desktop/Pokemon-Client/battle-engine.js:3248:9)
    at Tools.Battle.go (/Users/IcyVines/Desktop/Pokemon-Client/battle-engine.js:3413:9)
    at Tools.Battle.commitDecisions (/Users/IcyVines/Desktop/Pokemon-Client/battle-engine.js:3491:8)

Additional information:
message = battle-customgame-562|choose|p1|move Smack Down|31
currentRequest = move

Log:
|player|p1|Brendan0207|266
|player|p2|IcyVines|8
|gametype|singles
|gen|6
|tier|Custom Game
|clearpoke
|poke|p1|Charizard, M, shiny
|poke|p1|Talonflame, M, shiny
|poke|p1|Aegislash, M, shiny
|poke|p1|Galvantula, M, shiny
|poke|p1|Carbink
|poke|p1|Lucario, M
|poke|p2|Feraligatr, F
|poke|p2|Smeargle, F
|poke|p2|Galvantula, M
|poke|p2|Ferrothorn, F
|poke|p2|Octillery, M
|poke|p2|Sableye, M
|teampreview
|
|start
|split
|switch|p1a: Carbink|Carbink|304/304
|switch|p1a: Carbink|Carbink|304/304
|switch|p1a: Carbink|Carbink|304/304
|switch|p1a: Carbink|Carbink|304/304
|split
|switch|p2a: Smeargle|Smeargle, F|251/251
|switch|p2a: Smeargle|Smeargle, F|251/251
|switch|p2a: Smeargle|Smeargle, F|251/251
|switch|p2a: Smeargle|Smeargle, F|251/251
|turn|1
|
|move|p2a: Smeargle|Heal Bell|p2a: Smeargle
|-cureteam|p2a: Smeargle|[from] move: HealBell
|move|p1a: Carbink|Smack Down|p2a: Smeargle
|debug|randBW(100) = 67
|debug|randBW(16) = 8
|html|<div class="broadcast-red"><b>The battle crashed</b><br />You can keep playing but it might crash again.</div>
|
|debug|p2: Smeargle INCONSISTENT STATE, ALREADY MOVED: healbell
|debug|p1: Carbink INCONSISTENT STATE, ALREADY MOVED: smackdown
|
|turn|2
|
|move|p2a: Smeargle|Heal Bell|p2a: Smeargle|[from]Butterfly Effect
|-cureteam|p2a: Smeargle|[from] move: HealBell
|move|p1a: Carbink|Dazzling Gleam|p2a: Smeargle|[from]Butterfly Effect
|debug|randBW(100) = 14
|debug|randBW(16) = 15
|debug|randBW(16) = 9
|-resisted|p2a: Smeargle
|split
|-damage|p2a: Smeargle|201/251
|-damage|p2a: Smeargle|201/251
|-damage|p2a: Smeargle|201/251
|-damage|p2a: Smeargle|201/251
|
|split
|-heal|p2a: Smeargle|216/251|[from] item: Leftovers
|-heal|p2a: Smeargle|216/251|[from] item: Leftovers
|-heal|p2a: Smeargle|216/251|[from] item: Leftovers
|-heal|p2a: Smeargle|216/251|[from] item: Leftovers
|turn|3
|
|split
|switch|p1a: Lucario|Lucario, M|281/281
|switch|p1a: Lucario|Lucario, M|281/281
|switch|p1a: Lucario|Lucario, M|281/281
|switch|p1a: Lucario|Lucario, M|281/281
|move|p2a: Smeargle|Heal Bell|p2a: Smeargle|[from]Butterfly Effect
|-cureteam|p2a: Smeargle|[from] move: HealBell
|
|split
|-heal|p2a: Smeargle|231/251|[from] item: Leftovers
|-heal|p2a: Smeargle|231/251|[from] item: Leftovers
|-heal|p2a: Smeargle|231/251|[from] item: Leftovers
|-heal|p2a: Smeargle|231/251|[from] item: Leftovers
|turn|4
|
|move|p1a: Lucario|Aura Sphere|p2a: Smeargle|[from]Butterfly Effect
|debug|randBW(16) = 9
|debug|Fighting Spirit Started
|debug|randBW(16) = 15
|-supereffective|p2a: Smeargle
|split
|-damage|p2a: Smeargle|1/251
|-damage|p2a: Smeargle|1/251
|-damage|p2a: Smeargle|1/251
|-damage|p2a: Smeargle|1/251
|move|p2a: Smeargle|Heal Bell|p2a: Smeargle|[from]Butterfly Effect
|-cureteam|p2a: Smeargle|[from] move: HealBell
|
|split
|-heal|p2a: Smeargle|16/251|[from] item: Leftovers
|-heal|p2a: Smeargle|16/251|[from] item: Leftovers
|-heal|p2a: Smeargle|16/251|[from] item: Leftovers
|-heal|p2a: Smeargle|16/251|[from] item: Leftovers
|turn|5
|
|move|p1a: Lucario|Aura Sphere|p2a: Smeargle|[from]Butterfly Effect
|debug|randBW(16) = 0
|debug|Fighting Spirit Started
|-crit|p2a: Smeargle
|debug|randBW(16) = 4
|-supereffective|p2a: Smeargle
|split
|-damage|p2a: Smeargle|1/251
|-damage|p2a: Smeargle|1/251
|-damage|p2a: Smeargle|1/251
|-damage|p2a: Smeargle|1/251
|move|p2a: Smeargle|Recover|p2a: Smeargle|[from]Butterfly Effect
|split
|-heal|p2a: Smeargle|127/251
|-heal|p2a: Smeargle|127/251
|-heal|p2a: Smeargle|127/251
|-heal|p2a: Smeargle|127/251
|
|split
|-heal|p2a: Smeargle|142/251|[from] item: Leftovers
|-heal|p2a: Smeargle|142/251|[from] item: Leftovers
|-heal|p2a: Smeargle|142/251|[from] item: Leftovers
|-heal|p2a: Smeargle|142/251|[from] item: Leftovers
|turn|6
|
|move|p1a: Lucario|Aura Sphere|p2a: Smeargle|[from]Butterfly Effect
|debug|randBW(16) = 13
|debug|Fighting Spirit Started
|debug|randBW(16) = 4
|-supereffective|p2a: Smeargle
|split
|-damage|p2a: Smeargle|1/251
|-damage|p2a: Smeargle|1/251
|-damage|p2a: Smeargle|1/251
|-damage|p2a: Smeargle|1/251
|move|p2a: Smeargle|Heal Bell|p2a: Smeargle|[from]Butterfly Effect
|-cureteam|p2a: Smeargle|[from] move: HealBell
|
|split
|-heal|p2a: Smeargle|16/251|[from] item: Leftovers
|-heal|p2a: Smeargle|16/251|[from] item: Leftovers
|-heal|p2a: Smeargle|16/251|[from] item: Leftovers
|-heal|p2a: Smeargle|16/251|[from] item: Leftovers
|turn|7
|
|move|p1a: Lucario|Flash Cannon|p2a: Smeargle|[from]Butterfly Effect
|debug|randBW(100) = 29
|debug|randBW(16) = 13
|debug|Fighting Spirit Started
|debug|randBW(16) = 2
|split
|-damage|p2a: Smeargle|1/251
|-damage|p2a: Smeargle|1/251
|-damage|p2a: Smeargle|1/251
|-damage|p2a: Smeargle|1/251
|debug|randBW(100) = 57
|move|p2a: Smeargle|Heal Bell|p2a: Smeargle|[from]Butterfly Effect
|-cureteam|p2a: Smeargle|[from] move: HealBell
|
|split
|-heal|p2a: Smeargle|16/251|[from] item: Leftovers
|-heal|p2a: Smeargle|16/251|[from] item: Leftovers
|-heal|p2a: Smeargle|16/251|[from] item: Leftovers
|-heal|p2a: Smeargle|16/251|[from] item: Leftovers
|turn|8
|
|split
|switch|p2a: Galvantula|Galvantula, M|281/281
|switch|p2a: Galvantula|Galvantula, M|281/281
|switch|p2a: Galvantula|Galvantula, M|281/281
|switch|p2a: Galvantula|Galvantula, M|281/281
|move|p1a: Lucario|Aura Sphere|p2a: Galvantula|[from]Butterfly Effect
|debug|randBW(16) = 12
|debug|Fighting Spirit Started
|debug|randBW(16) = 2
|split
|-damage|p2a: Galvantula|112/281
|-damage|p2a: Galvantula|112/281
|-damage|p2a: Galvantula|112/281
|-damage|p2a: Galvantula|112/281
|
|split
|-heal|p2a: Galvantula|129/281|[from] item: Leftovers
|-heal|p2a: Galvantula|129/281|[from] item: Leftovers
|-heal|p2a: Galvantula|129/281|[from] item: Leftovers
|-heal|p2a: Galvantula|129/281|[from] item: Leftovers
|turn|9
|
|move|p2a: Galvantula|Heal Bell|p2a: Galvantula|[from]Butterfly Effect
|-cureteam|p2a: Galvantula|[from] move: HealBell
|move|p1a: Lucario|Aura Sphere|p2a: Galvantula|[from]Butterfly Effect
|debug|randBW(16) = 7
|debug|Fighting Spirit Started
|debug|randBW(16) = 11
|split
|-damage|p2a: Galvantula|1/281
|-damage|p2a: Galvantula|1/281
|-damage|p2a: Galvantula|1/281
|-damage|p2a: Galvantula|1/281
|
|split
|-heal|p2a: Galvantula|18/281|[from] item: Leftovers
|-heal|p2a: Galvantula|18/281|[from] item: Leftovers
|-heal|p2a: Galvantula|18/281|[from] item: Leftovers
|-heal|p2a: Galvantula|18/281|[from] item: Leftovers
|turn|10
|
|split
|switch|p2a: Ferrothorn|Ferrothorn, F|351/351
|switch|p2a: Ferrothorn|Ferrothorn, F|351/351
|switch|p2a: Ferrothorn|Ferrothorn, F|351/351
|switch|p2a: Ferrothorn|Ferrothorn, F|351/351
|split
|switch|p1a: Galvantula|Galvantula, M, shiny|344/344
|switch|p1a: Galvantula|Galvantula, M, shiny|344/344
|switch|p1a: Galvantula|Galvantula, M, shiny|344/344
|switch|p1a: Galvantula|Galvantula, M, shiny|344/344
|
|turn|11
|
|move|p1a: Galvantula|Cross Poison|p2a: Ferrothorn|[from]Butterfly Effect
|debug|randBW(100) = 45
|debug|randBW(8) = 6
|debug|randBW(16) = 0
|-supereffective|p2a: Ferrothorn
|split
|-damage|p2a: Ferrothorn|197/351
|-damage|p2a: Ferrothorn|197/351
|-damage|p2a: Ferrothorn|197/351
|-damage|p2a: Ferrothorn|197/351
|-boost|p2a: Ferrothorn|atk|1|[from] ability: Aggravation
|-boost|p2a: Ferrothorn|spa|1|[from] ability: Aggravation
|-boost|p2a: Ferrothorn|spe|1|[from] ability: Aggravation
|debug|Aggravation boost
|debug|randBW(100) = 89
|move|p2a: Ferrothorn|Light Screen|p2a: Ferrothorn|[from]Butterfly Effect
|-sidestart|p2: IcyVines|move: Light Screen
|
|split
|-heal|p2a: Ferrothorn|218/351|[from] item: Leftovers
|-heal|p2a: Ferrothorn|218/351|[from] item: Leftovers
|-heal|p2a: Ferrothorn|218/351|[from] item: Leftovers
|-heal|p2a: Ferrothorn|218/351|[from] item: Leftovers
|turn|12
|
|split
|switch|p1a: Aegislash|Aegislash, M, shiny|324/324
|switch|p1a: Aegislash|Aegislash, M, shiny|324/324
|switch|p1a: Aegislash|Aegislash, M, shiny|324/324
|switch|p1a: Aegislash|Aegislash, M, shiny|324/324
|debug|natural immunity
|debug|natural immunity
|debug|natural immunity
|debug|natural immunity
|debug|natural immunity
|debug|natural immunity
|debug|natural immunity
|debug|natural immunity
|debug|natural immunity
|move|p2a: Ferrothorn|Reflect|p2a: Ferrothorn|[from]Butterfly Effect
|-sidestart|p2: IcyVines|Reflect
|debug|natural immunity
|debug|natural immunity
|debug|natural immunity
|debug|natural immunity
|debug|natural immunity
|debug|natural immunity
|
|split
|-heal|p2a: Ferrothorn|239/351|[from] item: Leftovers
|-heal|p2a: Ferrothorn|239/351|[from] item: Leftovers
|-heal|p2a: Ferrothorn|239/351|[from] item: Leftovers
|-heal|p2a: Ferrothorn|239/351|[from] item: Leftovers
|turn|13
|debug|natural immunity
|debug|natural immunity
|debug|natural immunity
|
|debug|natural immunity
|debug|natural immunity
|debug|natural immunity
|debug|natural immunity
|debug|natural immunity
|debug|natural immunity
|move|p2a: Ferrothorn|Protect|p2a: Ferrothorn|[from]Butterfly Effect
|debug|natural immunity
|debug|natural immunity
|debug|natural immunity
|-singleturn|p2a: Ferrothorn|Protect
|debug|natural immunity
|debug|natural immunity
|debug|natural immunity
|debug|natural immunity
|debug|natural immunity
|debug|natural immunity
|debug|natural immunity
|debug|natural immunity
|debug|natural immunity
|move|p1a: Aegislash|Hidden Power|p2a: Ferrothorn|[from]Butterfly Effect
|debug|natural immunity
|debug|natural immunity
|debug|natural immunity
|debug|natural immunity
|debug|natural immunity
|debug|natural immunity
|debug|randBW(100) = 48
|debug|randBW(16) = 2
|debug|natural immunity
|debug|natural immunity
|debug|natural immunity
|debug|Permeate Boost
|debug|randBW(16) = 5
|debug|natural immunity
|debug|natural immunity
|debug|natural immunity
|split
|-damage|p2a: Ferrothorn|209/351
|-damage|p2a: Ferrothorn|209/351
|-damage|p2a: Ferrothorn|209/351
|-damage|p2a: Ferrothorn|209/351
|-boost|p2a: Ferrothorn|atk|1|[from] ability: Aggravation
|-boost|p2a: Ferrothorn|spa|1|[from] ability: Aggravation
|-boost|p2a: Ferrothorn|spe|1|[from] ability: Aggravation
|debug|Aggravation boost
|debug|natural immunity
|debug|natural immunity
|debug|natural immunity
|
|split
|-heal|p2a: Ferrothorn|230/351|[from] item: Leftovers
|-heal|p2a: Ferrothorn|230/351|[from] item: Leftovers
|-heal|p2a: Ferrothorn|230/351|[from] item: Leftovers
|-heal|p2a: Ferrothorn|230/351|[from] item: Leftovers
|turn|14
|debug|natural immunity
|debug|natural immunity
|debug|natural immunity
|
|debug|natural immunity
|debug|natural immunity
|debug|natural immunity
|debug|natural immunity
|debug|natural immunity
|debug|natural immunity
|move|p1a: Aegislash|Shadow Sneak|p2a: Ferrothorn|[from]Butterfly Effect
|debug|natural immunity
|debug|natural immunity
|debug|natural immunity
|debug|randBW(100) = 98
|debug|randBW(16) = 5
|debug|natural immunity
|debug|natural immunity
|debug|natural immunity
|debug|Permeate Boost
|debug|randBW(16) = 12
|-resisted|p2a: Ferrothorn
|debug|natural immunity
|debug|natural immunity
|debug|natural immunity
|split
|-damage|p2a: Ferrothorn|213/351
|-damage|p2a: Ferrothorn|213/351
|-damage|p2a: Ferrothorn|213/351
|-damage|p2a: Ferrothorn|213/351
|-boost|p2a: Ferrothorn|atk|1|[from] ability: Aggravation
|-boost|p2a: Ferrothorn|spa|1|[from] ability: Aggravation
|-boost|p2a: Ferrothorn|spe|1|[from] ability: Aggravation
|debug|Aggravation boost
|debug|natural immunity
|debug|natural immunity
|debug|natural immunity
|debug|natural immunity
|debug|natural immunity
|debug|natural immunity
|debug|natural immunity
|debug|natural immunity
|debug|natural immunity
|move|p2a: Ferrothorn|Substitute|p2a: Ferrothorn|[from]Butterfly Effect
|debug|natural immunity
|debug|natural immunity
|debug|natural immunity
|-start|p2a: Ferrothorn|Substitute
|split
|-damage|p2a: Ferrothorn|126/351
|-damage|p2a: Ferrothorn|126/351
|-damage|p2a: Ferrothorn|126/351
|-damage|p2a: Ferrothorn|126/351
|debug|natural immunity
|debug|natural immunity
|debug|natural immunity
|
|split
|-heal|p2a: Ferrothorn|147/351|[from] item: Leftovers
|-heal|p2a: Ferrothorn|147/351|[from] item: Leftovers
|-heal|p2a: Ferrothorn|147/351|[from] item: Leftovers
|-heal|p2a: Ferrothorn|147/351|[from] item: Leftovers
|turn|15
|debug|natural immunity
|debug|natural immunity
|debug|natural immunity
|
|debug|natural immunity
|debug|natural immunity
|debug|natural immunity
|debug|natural immunity
|debug|natural immunity
|debug|natural immunity
|move|p2a: Ferrothorn|Protect|p2a: Ferrothorn|[from]Butterfly Effect
|debug|natural immunity
|debug|natural immunity
|debug|natural immunity
|debug|sub bypass: self hit
|-singleturn|p2a: Ferrothorn|Protect
|debug|natural immunity
|debug|natural immunity
|debug|natural immunity
|debug|natural immunity
|debug|natural immunity
|debug|natural immunity
|debug|natural immunity
|debug|natural immunity
|debug|natural immunity
|move|p1a: Aegislash|Shadow Sneak|p2a: Ferrothorn|[from]Butterfly Effect
|debug|natural immunity
|debug|natural immunity
|debug|natural immunity
|debug|randBW(100) = 28
|debug|randBW(16) = 8
|debug|natural immunity
|debug|natural immunity
|debug|natural immunity
|debug|Permeate Boost
|debug|randBW(16) = 9
|-resisted|p2a: Ferrothorn
|debug|natural immunity
|debug|natural immunity
|debug|natural immunity
|split
|-damage|p2a: Ferrothorn|129/351
|-damage|p2a: Ferrothorn|129/351
|-damage|p2a: Ferrothorn|129/351
|-damage|p2a: Ferrothorn|129/351
|debug|natural immunity
|debug|natural immunity
|debug|natural immunity
|
|split
|-heal|p2a: Ferrothorn|150/351|[from] item: Leftovers
|-heal|p2a: Ferrothorn|150/351|[from] item: Leftovers
|-heal|p2a: Ferrothorn|150/351|[from] item: Leftovers
|-heal|p2a: Ferrothorn|150/351|[from] item: Leftovers
|-sideend|p2: IcyVines|move: Light Screen
|debug|natural immunity
|debug|natural immunity
|debug|natural immunity
|turn|16
|debug|natural immunity
|debug|natural immunity
|debug|natural immunity
|
|split
|switch|p2a: Feraligatr|Feraligatr, F|310/310
|switch|p2a: Feraligatr|Feraligatr, F|310/310
|switch|p2a: Feraligatr|Feraligatr, F|310/310
|switch|p2a: Feraligatr|Feraligatr, F|310/310
|debug|natural immunity
|debug|natural immunity
|debug|natural immunity
|split
|switch|p1a: Charizard|Charizard, M, shiny|360/360
|switch|p1a: Charizard|Charizard, M, shiny|360/360
|switch|p1a: Charizard|Charizard, M, shiny|360/360
|switch|p1a: Charizard|Charizard, M, shiny|360/360
|
|-sideend|p2: IcyVines|Reflect
|turn|17
|
|move|p1a: Charizard|Fire Punch|p2a: Feraligatr|[from]Butterfly Effect
|debug|randBW(100) = 45
|debug|randBW(16) = 7
|debug|randBW(16) = 11
|-resisted|p2a: Feraligatr
|split
|-damage|p2a: Feraligatr|274/310
|-damage|p2a: Feraligatr|274/310
|-damage|p2a: Feraligatr|274/310
|-damage|p2a: Feraligatr|274/310
|debug|randBW(100) = 29
|move|p2a: Feraligatr|Waterfall|p1a: Charizard|[from]Butterfly Effect
|-immune|p1a: Charizard|[msg]
|
|split
|-heal|p2a: Feraligatr|293/310|[from] item: Leftovers
|-heal|p2a: Feraligatr|293/310|[from] item: Leftovers
|-heal|p2a: Feraligatr|293/310|[from] item: Leftovers
|-heal|p2a: Feraligatr|293/310|[from] item: Leftovers
|turn|18
|
|move|p1a: Charizard|Fire Punch|p2a: Feraligatr|[from]Butterfly Effect
|debug|randBW(100) = 30
|debug|randBW(16) = 8
|debug|randBW(16) = 11
|-resisted|p2a: Feraligatr
|split
|-damage|p2a: Feraligatr|257/310
|-damage|p2a: Feraligatr|257/310
|-damage|p2a: Feraligatr|257/310
|-damage|p2a: Feraligatr|257/310
|debug|randBW(100) = 75
|move|p2a: Feraligatr|Shadow Claw|p1a: Charizard|[from]Butterfly Effect
|debug|randBW(100) = 97
|debug|randBW(8) = 7
|html|<div class="broadcast-red"><b>The battle crashed</b><br />You can keep playing but it might crash again.</div>
|
|debug|p1: Charizard INCONSISTENT STATE, ALREADY MOVED: firepunch
|debug|p2: Feraligatr INCONSISTENT STATE, ALREADY MOVED: shadowclaw
|
|split
|-heal|p2a: Feraligatr|276/310|[from] item: Leftovers
|-heal|p2a: Feraligatr|276/310|[from] item: Leftovers
|-heal|p2a: Feraligatr|276/310|[from] item: Leftovers
|-heal|p2a: Feraligatr|276/310|[from] item: Leftovers
|turn|19
|
|move|p1a: Charizard|Fire Punch|p2a: Feraligatr|[from]Tidal
|debug|randBW(100) = 54
|debug|randBW(16) = 14
|debug|randBW(16) = 2
|-resisted|p2a: Feraligatr
|split
|-damage|p2a: Feraligatr|236/310
|-damage|p2a: Feraligatr|236/310
|-damage|p2a: Feraligatr|236/310
|-damage|p2a: Feraligatr|236/310
|debug|randBW(100) = 68
|move|p2a: Feraligatr|Ice Punch|p1a: Charizard|[from]Tidal
|debug|randBW(100) = 53
|debug|randBW(16) = 14
|html|<div class="broadcast-red"><b>The battle crashed</b><br />You can keep playing but it might crash again.</div>
|
|split
|switch|p2a: Octillery|Octillery, M|291/291
|switch|p2a: Octillery|Octillery, M|291/291
|switch|p2a: Octillery|Octillery, M|291/291
|switch|p2a: Octillery|Octillery, M|291/291
|debug|p1: Charizard INCONSISTENT STATE, ALREADY MOVED: firepunch
|
|turn|20
|
|move|p1a: Charizard|Fire Punch|p2a: Octillery|[from]Tidal
|debug|randBW(100) = 87
|debug|randBW(16) = 7
|debug|randBW(16) = 3
|-resisted|p2a: Octillery
|split
|-damage|p2a: Octillery|240/291
|-damage|p2a: Octillery|240/291
|-damage|p2a: Octillery|240/291
|-damage|p2a: Octillery|240/291
|debug|randBW(100) = 80
|move|p2a: Octillery|Sludge Bomb|p1a: Charizard|[from]Tidal
|debug|randBW(100) = 63
|debug|randBW(16) = 12
|debug|Advanced Artillery Boost
|debug|randBW(16) = 13
|split
|-damage|p1a: Charizard|269/360
|-damage|p1a: Charizard|269/360
|-damage|p1a: Charizard|269/360
|-damage|p1a: Charizard|269/360
|debug|randBW(100) = 90
|
|split
|-heal|p2a: Octillery|258/291|[from] item: Leftovers
|-heal|p2a: Octillery|258/291|[from] item: Leftovers
|-heal|p2a: Octillery|258/291|[from] item: Leftovers
|-heal|p2a: Octillery|258/291|[from] item: Leftovers
|turn|21
|
|move|p1a: Charizard|Fire Punch|p2a: Octillery|[from]Tidal
|debug|randBW(100) = 79
|debug|randBW(16) = 6
|debug|randBW(16) = 10
|-resisted|p2a: Octillery
|split
|-damage|p2a: Octillery|211/291
|-damage|p2a: Octillery|211/291
|-damage|p2a: Octillery|211/291
|-damage|p2a: Octillery|211/291
|debug|randBW(100) = 50
|move|p2a: Octillery|Energy Ball|p1a: Charizard|[from]Tidal
|debug|randBW(100) = 97
|debug|randBW(16) = 14
|debug|Advanced Artillery Boost
|debug|randBW(16) = 4
|-resisted|p1a: Charizard
|split
|-damage|p1a: Charizard|244/360
|-damage|p1a: Charizard|244/360
|-damage|p1a: Charizard|244/360
|-damage|p1a: Charizard|244/360
|debug|randBW(100) = 50
|
|split
|-heal|p2a: Octillery|229/291|[from] item: Leftovers
|-heal|p2a: Octillery|229/291|[from] item: Leftovers
|-heal|p2a: Octillery|229/291|[from] item: Leftovers
|-heal|p2a: Octillery|229/291|[from] item: Leftovers
|turn|22
|
|move|p1a: Charizard|Power-Up Punch|p2a: Octillery|[from]Tidal
|debug|randBW(100) = 15
|debug|randBW(16) = 1
|debug|randBW(16) = 3
|split
|-damage|p2a: Octillery|193/291
|-damage|p2a: Octillery|193/291
|-damage|p2a: Octillery|193/291
|-damage|p2a: Octillery|193/291
|debug|randBW(100) = 67
|-boost|p1a: Charizard|atk|1
|move|p2a: Octillery|Bullet Seed|p1a: Charizard|[from]Tidal
|debug|randBW(100) = 36
|debug|randBW(6) = 5
|debug|randBW(16) = 14
|debug|Advanced Artillery Boost
|debug|randBW(16) = 12
|-resisted|p1a: Charizard
|split
|-damage|p1a: Charizard|235/360
|-damage|p1a: Charizard|235/360
|-damage|p1a: Charizard|235/360
|-damage|p1a: Charizard|235/360
|debug|randBW(16) = 0
|debug|Advanced Artillery Boost
|-crit|p1a: Charizard
|debug|randBW(16) = 12
|-resisted|p1a: Charizard
|split
|-damage|p1a: Charizard|222/360
|-damage|p1a: Charizard|222/360
|-damage|p1a: Charizard|222/360
|-damage|p1a: Charizard|222/360
|debug|randBW(16) = 0
|debug|Advanced Artillery Boost
|-crit|p1a: Charizard
|debug|randBW(16) = 5
|-resisted|p1a: Charizard
|split
|-damage|p1a: Charizard|208/360
|-damage|p1a: Charizard|208/360
|-damage|p1a: Charizard|208/360
|-damage|p1a: Charizard|208/360
|debug|randBW(16) = 10
|debug|Advanced Artillery Boost
|debug|randBW(16) = 14
|-resisted|p1a: Charizard
|split
|-damage|p1a: Charizard|200/360
|-damage|p1a: Charizard|200/360
|-damage|p1a: Charizard|200/360
|-damage|p1a: Charizard|200/360
|debug|randBW(16) = 5
|debug|Advanced Artillery Boost
|debug|randBW(16) = 13
|-resisted|p1a: Charizard
|split
|-damage|p1a: Charizard|192/360
|-damage|p1a: Charizard|192/360
|-damage|p1a: Charizard|192/360
|-damage|p1a: Charizard|192/360
|-hitcount|p1a: Charizard|5
|
|split
|-heal|p2a: Octillery|211/291|[from] item: Leftovers
|-heal|p2a: Octillery|211/291|[from] item: Leftovers
|-heal|p2a: Octillery|211/291|[from] item: Leftovers
|-heal|p2a: Octillery|211/291|[from] item: Leftovers
|turn|23
|
|split
|switch|p1a: Galvantula|Galvantula, M, shiny|344/344
|switch|p1a: Galvantula|Galvantula, M, shiny|344/344
|switch|p1a: Galvantula|Galvantula, M, shiny|344/344
|switch|p1a: Galvantula|Galvantula, M, shiny|344/344
|split
|switch|p2a: Sableye|Sableye, M|304/304
|switch|p2a: Sableye|Sableye, M|304/304
|switch|p2a: Sableye|Sableye, M|304/304
|switch|p2a: Sableye|Sableye, M|304/304
|debug|natural immunity
|debug|natural immunity
|debug|natural immunity
|debug|natural immunity
|
|turn|24
|debug|natural immunity
|debug|natural immunity
|debug|natural immunity
|debug|natural immunity
|
|debug|natural immunity
|debug|natural immunity
|debug|natural immunity
|debug|natural immunity
|debug|natural immunity
|debug|natural immunity
|debug|natural immunity
|debug|natural immunity
|move|p1a: Galvantula|Cross Poison|p2a: Sableye|[from]Tidal
|debug|natural immunity
|debug|natural immunity
|debug|natural immunity
|debug|natural immunity
|debug|randBW(100) = 68
|debug|randBW(8) = 2
|debug|randBW(16) = 9
|-resisted|p2a: Sableye
|split
|-damage|p2a: Sableye|292/304
|-damage|p2a: Sableye|292/304
|-damage|p2a: Sableye|292/304
|-damage|p2a: Sableye|292/304
|debug|randBW(100) = 30
|debug|natural immunity
|debug|natural immunity
|debug|natural immunity
|debug|natural immunity
|debug|natural immunity
|debug|natural immunity
|debug|natural immunity
|debug|natural immunity
|debug|natural immunity
|debug|natural immunity
|debug|natural immunity
|debug|natural immunity
|move|p2a: Sableye|Brick Break|p1a: Galvantula|[from]Tidal
|debug|natural immunity
|debug|natural immunity
|debug|natural immunity
|debug|natural immunity
|debug|randBW(100) = 51
|debug|randBW(16) = 6
|debug|Dethrone Attack Boost
|debug|randBW(16) = 1
|split
|-damage|p1a: Galvantula|255/344
|-damage|p1a: Galvantula|255/344
|-damage|p1a: Galvantula|255/344
|-damage|p1a: Galvantula|255/344
|debug|natural immunity
|debug|natural immunity
|debug|natural immunity
|debug|natural immunity
|
|split
|-heal|p1a: Galvantula|276/344|[from] item: Leftovers
|-heal|p1a: Galvantula|276/344|[from] item: Leftovers
|-heal|p1a: Galvantula|276/344|[from] item: Leftovers
|-heal|p1a: Galvantula|276/344|[from] item: Leftovers
|split
|-heal|p2a: Sableye|304/304|[from] item: Leftovers
|-heal|p2a: Sableye|304/304|[from] item: Leftovers
|-heal|p2a: Sableye|304/304|[from] item: Leftovers
|-heal|p2a: Sableye|304/304|[from] item: Leftovers
|turn|25
|debug|natural immunity
|debug|natural immunity
|debug|natural immunity
|debug|natural immunity
|
|debug|natural immunity
|debug|natural immunity
|debug|natural immunity
|debug|natural immunity
|debug|natural immunity
|debug|natural immunity
|debug|natural immunity
|debug|natural immunity
|move|p1a: Galvantula|Cross Poison|p2a: Sableye|[from]Tidal
|debug|natural immunity
|debug|natural immunity
|debug|natural immunity
|debug|natural immunity
|debug|randBW(100) = 38
|debug|randBW(8) = 2
|debug|randBW(16) = 1
|-resisted|p2a: Sableye
|split
|-damage|p2a: Sableye|291/304
|-damage|p2a: Sableye|291/304
|-damage|p2a: Sableye|291/304
|-damage|p2a: Sableye|291/304
|debug|randBW(100) = 96
|debug|natural immunity
|debug|natural immunity
|debug|natural immunity
|debug|natural immunity
|debug|natural immunity
|debug|natural immunity
|debug|natural immunity
|debug|natural immunity
|debug|natural immunity
|debug|natural immunity
|debug|natural immunity
|debug|natural immunity
|move|p2a: Sableye|Shadow Ball|p1a: Galvantula|[from]Tidal
|debug|natural immunity
|debug|natural immunity
|debug|natural immunity
|debug|natural immunity
|debug|randBW(100) = 70
|debug|randBW(16) = 10
|debug|Dethrone Special Attack Boost
|debug|randBW(16) = 10
|split
|-damage|p1a: Galvantula|129/344
|-damage|p1a: Galvantula|129/344
|-damage|p1a: Galvantula|129/344
|-damage|p1a: Galvantula|129/344
|debug|randBW(100) = 99
|debug|natural immunity
|debug|natural immunity
|debug|natural immunity
|debug|natural immunity
|
|split
|-heal|p1a: Galvantula|150/344|[from] item: Leftovers
|-heal|p1a: Galvantula|150/344|[from] item: Leftovers
|-heal|p1a: Galvantula|150/344|[from] item: Leftovers
|-heal|p1a: Galvantula|150/344|[from] item: Leftovers
|split
|-heal|p2a: Sableye|304/304|[from] item: Leftovers
|-heal|p2a: Sableye|304/304|[from] item: Leftovers
|-heal|p2a: Sableye|304/304|[from] item: Leftovers
|-heal|p2a: Sableye|304/304|[from] item: Leftovers
|turn|26
|debug|natural immunity
|debug|natural immunity
|debug|natural immunity
|debug|natural immunity
|
|split
|switch|p1a: Carbink|Carbink|304/304
|switch|p1a: Carbink|Carbink|304/304
|switch|p1a: Carbink|Carbink|304/304
|switch|p1a: Carbink|Carbink|304/304
|debug|natural immunity
|debug|natural immunity
|debug|natural immunity
|debug|natural immunity
|debug|natural immunity
|debug|natural immunity
|move|p2a: Sableye|Shadow Ball|p1a: Carbink|[from]Tidal
|debug|natural immunity
|debug|natural immunity
|debug|natural immunity
|debug|randBW(100) = 96
|debug|randBW(16) = 9
|debug|randBW(16) = 10
|split
|-damage|p1a: Carbink|268/304
|-damage|p1a: Carbink|268/304
|-damage|p1a: Carbink|268/304
|-damage|p1a: Carbink|268/304
|debug|randBW(100) = 19
|-unboost|p1a: Carbink|spd|1
|debug|natural immunity
|debug|natural immunity
|debug|natural immunity
|
|split
|-heal|p1a: Carbink|287/304|[from] item: Leftovers
|-heal|p1a: Carbink|287/304|[from] item: Leftovers
|-heal|p1a: Carbink|287/304|[from] item: Leftovers
|-heal|p1a: Carbink|287/304|[from] item: Leftovers
|turn|27
|debug|natural immunity
|debug|natural immunity
|debug|natural immunity
|
|debug|natural immunity
|debug|natural immunity
|debug|natural immunity
|debug|natural immunity
|debug|natural immunity
|debug|natural immunity
|move|p1a: Carbink|Smack Down|p2a: Sableye|[from]Tidal
|debug|natural immunity
|debug|natural immunity
|debug|natural immunity
|debug|randBW(100) = 55
|debug|randBW(16) = 7

ReferenceError: target is not defined
    at Tools.exports.BattleAbilities.cyclone.onStart (/Users/IcyVines/Desktop/Pokemon-Client/data/abilities.js:568:100)
    at Tools.Battle.singleEvent (/Users/IcyVines/Desktop/Pokemon-Client/battle-engine.js:1843:37)
    at Tools.Battle.runDecision (/Users/IcyVines/Desktop/Pokemon-Client/battle-engine.js:3330:10)
    at Tools.Battle.go (/Users/IcyVines/Desktop/Pokemon-Client/battle-engine.js:3413:9)
    at Tools.Battle.commitDecisions (/Users/IcyVines/Desktop/Pokemon-Client/battle-engine.js:3491:8)
    at Tools.Battle.choose (/Users/IcyVines/Desktop/Pokemon-Client/battle-engine.js:3473:9)
    at Tools.Battle.receive (/Users/IcyVines/Desktop/Pokemon-Client/battle-engine.js:3817:9)
    at process.BattlePokemon.side (/Users/IcyVines/Desktop/Pokemon-Client/battle-engine.js:144:12)
    at process.EventEmitter.emit (events.js:98:17)
    at handleMessage (child_process.js:318:10)

Additional information:
message = battle-customgame-573|choose|p2|move Waterfall|11
currentRequest = move

Log:
|player|p1|SirDanMan|216
|player|p2|IcyVines|8
|gametype|singles
|gen|6
|tier|Custom Game
|clearpoke
|poke|p1|Typhlosion, M
|poke|p1|Typhlosion, F
|poke|p1|Butterfree, F
|poke|p1|Dragonite, M
|poke|p1|Meganium, M
|poke|p1|Blissey, F
|poke|p2|Feraligatr, F
|poke|p2|Smeargle, M
|poke|p2|Galvantula, M
|poke|p2|Ferrothorn, M
|poke|p2|Octillery, F
|poke|p2|Sylveon, F
|teampreview
|
|start
|split
|switch|p1a: Butterfree|Butterfree, F|324/324
|switch|p1a: Butterfree|Butterfree, F|324/324
|switch|p1a: Butterfree|Butterfree, F|324/324
|switch|p1a: Butterfree|Butterfree, F|324/324
|split
|switch|p2a: Smeargle|Smeargle, M|251/251
|switch|p2a: Smeargle|Smeargle, M|251/251
|switch|p2a: Smeargle|Smeargle, M|251/251
|switch|p2a: Smeargle|Smeargle, M|251/251
|turn|1
|
|move|p2a: Smeargle|Stealth Rock|p1a: Butterfree
|-sidestart|p1: SirDanMan|move: Stealth Rock
|move|p1a: Butterfree|Gust|p2a: Smeargle
|debug|randBW(100) = 21
|debug|randBW(16) = 15
|debug|Butterfly Effect 1
|debug|randBW(7) = 2
|-boost|p1a: Butterfree|x|1|[from] ability: Butterfly Effect
|debug|randBW(16) = 12
|split
|-damage|p2a: Smeargle|175/251
|-damage|p2a: Smeargle|175/251
|-damage|p2a: Smeargle|175/251
|-damage|p2a: Smeargle|175/251
|
|split
|-heal|p2a: Smeargle|190/251|[from] item: Leftovers
|-heal|p2a: Smeargle|190/251|[from] item: Leftovers
|-heal|p2a: Smeargle|190/251|[from] item: Leftovers
|-heal|p2a: Smeargle|190/251|[from] item: Leftovers
|turn|2
|
|move|p2a: Smeargle|Rain Dance|p2a: Smeargle
|-weather|RainDance
|move|p1a: Butterfree|Gust|p2a: Smeargle
|debug|randBW(100) = 57
|debug|randBW(16) = 8
|debug|Butterfly Effect 1
|debug|randBW(7) = 4
|-boost|p1a: Butterfree|x|1|[from] ability: Butterfly Effect
|debug|randBW(16) = 0
|split
|-damage|p2a: Smeargle|102/251
|-damage|p2a: Smeargle|102/251
|-damage|p2a: Smeargle|102/251
|-damage|p2a: Smeargle|102/251
|
|-weather|RainDance|[upkeep]
|split
|-heal|p2a: Smeargle|117/251|[from] item: Leftovers
|-heal|p2a: Smeargle|117/251|[from] item: Leftovers
|-heal|p2a: Smeargle|117/251|[from] item: Leftovers
|-heal|p2a: Smeargle|117/251|[from] item: Leftovers
|turn|3
|
|move|p2a: Smeargle|Recover|p2a: Smeargle
|split
|-heal|p2a: Smeargle|243/251
|-heal|p2a: Smeargle|243/251
|-heal|p2a: Smeargle|243/251
|-heal|p2a: Smeargle|243/251
|move|p1a: Butterfree|Gust|p2a: Smeargle
|debug|randBW(100) = 11
|debug|randBW(16) = 6
|debug|Butterfly Effect 1
|debug|randBW(7) = 4
|-boost|p1a: Butterfree|x|1|[from] ability: Butterfly Effect
|debug|randBW(16) = 0
|split
|-damage|p2a: Smeargle|155/251
|-damage|p2a: Smeargle|155/251
|-damage|p2a: Smeargle|155/251
|-damage|p2a: Smeargle|155/251
|
|-weather|RainDance|[upkeep]
|split
|-heal|p2a: Smeargle|170/251|[from] item: Leftovers
|-heal|p2a: Smeargle|170/251|[from] item: Leftovers
|-heal|p2a: Smeargle|170/251|[from] item: Leftovers
|-heal|p2a: Smeargle|170/251|[from] item: Leftovers
|turn|4
|
|move|p2a: Smeargle|Recover|p2a: Smeargle
|split
|-heal|p2a: Smeargle|251/251
|-heal|p2a: Smeargle|251/251
|-heal|p2a: Smeargle|251/251
|-heal|p2a: Smeargle|251/251
|move|p1a: Butterfree|Gust|p2a: Smeargle
|debug|randBW(100) = 87
|debug|randBW(16) = 1
|debug|Butterfly Effect 1
|debug|randBW(7) = 4
|-boost|p1a: Butterfree|x|1|[from] ability: Butterfly Effect
|debug|Butterfly Effect 2
|debug|randBW(7) = 4
|-boost|p1a: Butterfree|x|1|[from] ability: Butterfly Effect
|debug|randBW(16) = 13
|split
|-damage|p2a: Smeargle|175/251
|-damage|p2a: Smeargle|175/251
|-damage|p2a: Smeargle|175/251
|-damage|p2a: Smeargle|175/251
|
|-weather|RainDance|[upkeep]
|split
|-heal|p2a: Smeargle|190/251|[from] item: Leftovers
|-heal|p2a: Smeargle|190/251|[from] item: Leftovers
|-heal|p2a: Smeargle|190/251|[from] item: Leftovers
|-heal|p2a: Smeargle|190/251|[from] item: Leftovers
|turn|5
|
|move|p2a: Smeargle|Recover|p2a: Smeargle
|split
|-heal|p2a: Smeargle|251/251
|-heal|p2a: Smeargle|251/251
|-heal|p2a: Smeargle|251/251
|-heal|p2a: Smeargle|251/251
|move|p1a: Butterfree|Energy Ball|p2a: Smeargle
|debug|randBW(100) = 42
|debug|randBW(16) = 5
|debug|randBW(16) = 15
|split
|-damage|p2a: Smeargle|140/251
|-damage|p2a: Smeargle|140/251
|-damage|p2a: Smeargle|140/251
|-damage|p2a: Smeargle|140/251
|debug|randBW(100) = 35
|
|-weather|RainDance|[upkeep]
|split
|-heal|p2a: Smeargle|155/251|[from] item: Leftovers
|-heal|p2a: Smeargle|155/251|[from] item: Leftovers
|-heal|p2a: Smeargle|155/251|[from] item: Leftovers
|-heal|p2a: Smeargle|155/251|[from] item: Leftovers
|turn|6
|
|move|p2a: Smeargle|Rain Dance|p2a: Smeargle
|-fail|p2a: Smeargle
|debug|move failed because it did nothing
|move|p1a: Butterfree|Energy Ball|p2a: Smeargle
|debug|randBW(100) = 45
|debug|randBW(16) = 5
|debug|randBW(16) = 4
|split
|-damage|p2a: Smeargle|30/251
|-damage|p2a: Smeargle|30/251
|-damage|p2a: Smeargle|30/251
|-damage|p2a: Smeargle|30/251
|debug|randBW(100) = 52
|
|-weather|none
|split
|-heal|p2a: Smeargle|45/251|[from] item: Leftovers
|-heal|p2a: Smeargle|45/251|[from] item: Leftovers
|-heal|p2a: Smeargle|45/251|[from] item: Leftovers
|-heal|p2a: Smeargle|45/251|[from] item: Leftovers
|turn|7
|
|move|p2a: Smeargle|Rain Dance|p2a: Smeargle
|-weather|RainDance
|move|p1a: Butterfree|Energy Ball|p2a: Smeargle
|debug|randBW(100) = 8
|debug|randBW(16) = 10
|debug|randBW(16) = 8
|-boost|p2a: Smeargle|atk|1|[from] ability: Last Stand
|-boost|p2a: Smeargle|spa|1|[from] ability: Last Stand
|debug|Last Stand Boost
|split
|-damage|p2a: Smeargle|1/251
|-damage|p2a: Smeargle|1/251
|-damage|p2a: Smeargle|1/251
|-damage|p2a: Smeargle|1/251
|debug|randBW(100) = 44
|
|-weather|RainDance|[upkeep]
|split
|-heal|p2a: Smeargle|16/251|[from] item: Leftovers
|-heal|p2a: Smeargle|16/251|[from] item: Leftovers
|-heal|p2a: Smeargle|16/251|[from] item: Leftovers
|-heal|p2a: Smeargle|16/251|[from] item: Leftovers
|turn|8
|
|move|p2a: Smeargle|Heal Bell|p2a: Smeargle
|-cureteam|p2a: Smeargle|[from] move: HealBell
|move|p1a: Butterfree|Energy Ball|p2a: Smeargle
|debug|randBW(100) = 54
|debug|randBW(16) = 15
|debug|randBW(16) = 14
|split
|-damage|p2a: Smeargle|0 fnt
|-damage|p2a: Smeargle|0 fnt
|-damage|p2a: Smeargle|0 fnt
|-damage|p2a: Smeargle|0 fnt
|debug|randBW(100) = 10
|faint|p2a: Smeargle
|
|-weather|RainDance|[upkeep]
|
|split
|switch|p2a: Feraligatr|Feraligatr, F|310/310
|switch|p2a: Feraligatr|Feraligatr, F|310/310
|switch|p2a: Feraligatr|Feraligatr, F|310/310
|switch|p2a: Feraligatr|Feraligatr, F|310/310
|turn|9
|
|split
|switch|p1a: Dragonite|Dragonite, M|323/323
|switch|p1a: Dragonite|Dragonite, M|323/323
|switch|p1a: Dragonite|Dragonite, M|323/323
|switch|p1a: Dragonite|Dragonite, M|323/323
|split
|-damage|p1a: Dragonite|243/323|[from] Stealth Rock
|-damage|p1a: Dragonite|243/323|[from] Stealth Rock
|-damage|p1a: Dragonite|243/323|[from] Stealth Rock
|-damage|p1a: Dragonite|243/323|[from] Stealth Rock

TypeError: Cannot call method 'removeSideCondition' of undefined
    at Tools.exports.BattleAbilities.cyclone.onStart (/Users/IcyVines/Desktop/Pokemon-Client/data/abilities.js:573:18)
    at Tools.Battle.singleEvent (/Users/IcyVines/Desktop/Pokemon-Client/battle-engine.js:1843:37)
    at Tools.Battle.runDecision (/Users/IcyVines/Desktop/Pokemon-Client/battle-engine.js:3330:10)
    at Tools.Battle.go (/Users/IcyVines/Desktop/Pokemon-Client/battle-engine.js:3413:9)
    at Tools.Battle.commitDecisions (/Users/IcyVines/Desktop/Pokemon-Client/battle-engine.js:3491:8)
    at Tools.Battle.choose (/Users/IcyVines/Desktop/Pokemon-Client/battle-engine.js:3473:9)
    at Tools.Battle.receive (/Users/IcyVines/Desktop/Pokemon-Client/battle-engine.js:3817:9)
    at process.BattlePokemon.side (/Users/IcyVines/Desktop/Pokemon-Client/battle-engine.js:144:12)
    at process.EventEmitter.emit (events.js:98:17)
    at handleMessage (child_process.js:318:10)

Additional information:
message = battle-customgame-573|choose|p2|move Substitute|13
currentRequest = move

Log:
|player|p1|SirDanMan|216
|player|p2|IcyVines|8
|gametype|singles
|gen|6
|tier|Custom Game
|clearpoke
|poke|p1|Typhlosion, M
|poke|p1|Typhlosion, F
|poke|p1|Butterfree, F
|poke|p1|Dragonite, M
|poke|p1|Meganium, M
|poke|p1|Blissey, F
|poke|p2|Feraligatr, F
|poke|p2|Smeargle, M
|poke|p2|Galvantula, M
|poke|p2|Ferrothorn, M
|poke|p2|Octillery, F
|poke|p2|Sylveon, F
|teampreview
|
|start
|split
|switch|p1a: Butterfree|Butterfree, F|324/324
|switch|p1a: Butterfree|Butterfree, F|324/324
|switch|p1a: Butterfree|Butterfree, F|324/324
|switch|p1a: Butterfree|Butterfree, F|324/324
|split
|switch|p2a: Smeargle|Smeargle, M|251/251
|switch|p2a: Smeargle|Smeargle, M|251/251
|switch|p2a: Smeargle|Smeargle, M|251/251
|switch|p2a: Smeargle|Smeargle, M|251/251
|turn|1
|
|move|p2a: Smeargle|Stealth Rock|p1a: Butterfree
|-sidestart|p1: SirDanMan|move: Stealth Rock
|move|p1a: Butterfree|Gust|p2a: Smeargle
|debug|randBW(100) = 21
|debug|randBW(16) = 15
|debug|Butterfly Effect 1
|debug|randBW(7) = 2
|-boost|p1a: Butterfree|x|1|[from] ability: Butterfly Effect
|debug|randBW(16) = 12
|split
|-damage|p2a: Smeargle|175/251
|-damage|p2a: Smeargle|175/251
|-damage|p2a: Smeargle|175/251
|-damage|p2a: Smeargle|175/251
|
|split
|-heal|p2a: Smeargle|190/251|[from] item: Leftovers
|-heal|p2a: Smeargle|190/251|[from] item: Leftovers
|-heal|p2a: Smeargle|190/251|[from] item: Leftovers
|-heal|p2a: Smeargle|190/251|[from] item: Leftovers
|turn|2
|
|move|p2a: Smeargle|Rain Dance|p2a: Smeargle
|-weather|RainDance
|move|p1a: Butterfree|Gust|p2a: Smeargle
|debug|randBW(100) = 57
|debug|randBW(16) = 8
|debug|Butterfly Effect 1
|debug|randBW(7) = 4
|-boost|p1a: Butterfree|x|1|[from] ability: Butterfly Effect
|debug|randBW(16) = 0
|split
|-damage|p2a: Smeargle|102/251
|-damage|p2a: Smeargle|102/251
|-damage|p2a: Smeargle|102/251
|-damage|p2a: Smeargle|102/251
|
|-weather|RainDance|[upkeep]
|split
|-heal|p2a: Smeargle|117/251|[from] item: Leftovers
|-heal|p2a: Smeargle|117/251|[from] item: Leftovers
|-heal|p2a: Smeargle|117/251|[from] item: Leftovers
|-heal|p2a: Smeargle|117/251|[from] item: Leftovers
|turn|3
|
|move|p2a: Smeargle|Recover|p2a: Smeargle
|split
|-heal|p2a: Smeargle|243/251
|-heal|p2a: Smeargle|243/251
|-heal|p2a: Smeargle|243/251
|-heal|p2a: Smeargle|243/251
|move|p1a: Butterfree|Gust|p2a: Smeargle
|debug|randBW(100) = 11
|debug|randBW(16) = 6
|debug|Butterfly Effect 1
|debug|randBW(7) = 4
|-boost|p1a: Butterfree|x|1|[from] ability: Butterfly Effect
|debug|randBW(16) = 0
|split
|-damage|p2a: Smeargle|155/251
|-damage|p2a: Smeargle|155/251
|-damage|p2a: Smeargle|155/251
|-damage|p2a: Smeargle|155/251
|
|-weather|RainDance|[upkeep]
|split
|-heal|p2a: Smeargle|170/251|[from] item: Leftovers
|-heal|p2a: Smeargle|170/251|[from] item: Leftovers
|-heal|p2a: Smeargle|170/251|[from] item: Leftovers
|-heal|p2a: Smeargle|170/251|[from] item: Leftovers
|turn|4
|
|move|p2a: Smeargle|Recover|p2a: Smeargle
|split
|-heal|p2a: Smeargle|251/251
|-heal|p2a: Smeargle|251/251
|-heal|p2a: Smeargle|251/251
|-heal|p2a: Smeargle|251/251
|move|p1a: Butterfree|Gust|p2a: Smeargle
|debug|randBW(100) = 87
|debug|randBW(16) = 1
|debug|Butterfly Effect 1
|debug|randBW(7) = 4
|-boost|p1a: Butterfree|x|1|[from] ability: Butterfly Effect
|debug|Butterfly Effect 2
|debug|randBW(7) = 4
|-boost|p1a: Butterfree|x|1|[from] ability: Butterfly Effect
|debug|randBW(16) = 13
|split
|-damage|p2a: Smeargle|175/251
|-damage|p2a: Smeargle|175/251
|-damage|p2a: Smeargle|175/251
|-damage|p2a: Smeargle|175/251
|
|-weather|RainDance|[upkeep]
|split
|-heal|p2a: Smeargle|190/251|[from] item: Leftovers
|-heal|p2a: Smeargle|190/251|[from] item: Leftovers
|-heal|p2a: Smeargle|190/251|[from] item: Leftovers
|-heal|p2a: Smeargle|190/251|[from] item: Leftovers
|turn|5
|
|move|p2a: Smeargle|Recover|p2a: Smeargle
|split
|-heal|p2a: Smeargle|251/251
|-heal|p2a: Smeargle|251/251
|-heal|p2a: Smeargle|251/251
|-heal|p2a: Smeargle|251/251
|move|p1a: Butterfree|Energy Ball|p2a: Smeargle
|debug|randBW(100) = 42
|debug|randBW(16) = 5
|debug|randBW(16) = 15
|split
|-damage|p2a: Smeargle|140/251
|-damage|p2a: Smeargle|140/251
|-damage|p2a: Smeargle|140/251
|-damage|p2a: Smeargle|140/251
|debug|randBW(100) = 35
|
|-weather|RainDance|[upkeep]
|split
|-heal|p2a: Smeargle|155/251|[from] item: Leftovers
|-heal|p2a: Smeargle|155/251|[from] item: Leftovers
|-heal|p2a: Smeargle|155/251|[from] item: Leftovers
|-heal|p2a: Smeargle|155/251|[from] item: Leftovers
|turn|6
|
|move|p2a: Smeargle|Rain Dance|p2a: Smeargle
|-fail|p2a: Smeargle
|debug|move failed because it did nothing
|move|p1a: Butterfree|Energy Ball|p2a: Smeargle
|debug|randBW(100) = 45
|debug|randBW(16) = 5
|debug|randBW(16) = 4
|split
|-damage|p2a: Smeargle|30/251
|-damage|p2a: Smeargle|30/251
|-damage|p2a: Smeargle|30/251
|-damage|p2a: Smeargle|30/251
|debug|randBW(100) = 52
|
|-weather|none
|split
|-heal|p2a: Smeargle|45/251|[from] item: Leftovers
|-heal|p2a: Smeargle|45/251|[from] item: Leftovers
|-heal|p2a: Smeargle|45/251|[from] item: Leftovers
|-heal|p2a: Smeargle|45/251|[from] item: Leftovers
|turn|7
|
|move|p2a: Smeargle|Rain Dance|p2a: Smeargle
|-weather|RainDance
|move|p1a: Butterfree|Energy Ball|p2a: Smeargle
|debug|randBW(100) = 8
|debug|randBW(16) = 10
|debug|randBW(16) = 8
|-boost|p2a: Smeargle|atk|1|[from] ability: Last Stand
|-boost|p2a: Smeargle|spa|1|[from] ability: Last Stand
|debug|Last Stand Boost
|split
|-damage|p2a: Smeargle|1/251
|-damage|p2a: Smeargle|1/251
|-damage|p2a: Smeargle|1/251
|-damage|p2a: Smeargle|1/251
|debug|randBW(100) = 44
|
|-weather|RainDance|[upkeep]
|split
|-heal|p2a: Smeargle|16/251|[from] item: Leftovers
|-heal|p2a: Smeargle|16/251|[from] item: Leftovers
|-heal|p2a: Smeargle|16/251|[from] item: Leftovers
|-heal|p2a: Smeargle|16/251|[from] item: Leftovers
|turn|8
|
|move|p2a: Smeargle|Heal Bell|p2a: Smeargle
|-cureteam|p2a: Smeargle|[from] move: HealBell
|move|p1a: Butterfree|Energy Ball|p2a: Smeargle
|debug|randBW(100) = 54
|debug|randBW(16) = 15
|debug|randBW(16) = 14
|split
|-damage|p2a: Smeargle|0 fnt
|-damage|p2a: Smeargle|0 fnt
|-damage|p2a: Smeargle|0 fnt
|-damage|p2a: Smeargle|0 fnt
|debug|randBW(100) = 10
|faint|p2a: Smeargle
|
|-weather|RainDance|[upkeep]
|
|split
|switch|p2a: Feraligatr|Feraligatr, F|310/310
|switch|p2a: Feraligatr|Feraligatr, F|310/310
|switch|p2a: Feraligatr|Feraligatr, F|310/310
|switch|p2a: Feraligatr|Feraligatr, F|310/310
|turn|9
|
|split
|switch|p1a: Dragonite|Dragonite, M|323/323
|switch|p1a: Dragonite|Dragonite, M|323/323
|switch|p1a: Dragonite|Dragonite, M|323/323
|switch|p1a: Dragonite|Dragonite, M|323/323
|split
|-damage|p1a: Dragonite|243/323|[from] Stealth Rock
|-damage|p1a: Dragonite|243/323|[from] Stealth Rock
|-damage|p1a: Dragonite|243/323|[from] Stealth Rock
|-damage|p1a: Dragonite|243/323|[from] Stealth Rock
|html|<div class="broadcast-red"><b>The battle crashed</b><br />You can keep playing but it might crash again.</div>
|
|split
|switch|p1a: Typhlosion|Typhlosion, F|301/301
|switch|p1a: Typhlosion|Typhlosion, F|301/301
|switch|p1a: Typhlosion|Typhlosion, F|301/301
|switch|p1a: Typhlosion|Typhlosion, F|301/301
|split
|switch|p2a: Ferrothorn|Ferrothorn, M|351/351
|switch|p2a: Ferrothorn|Ferrothorn, M|351/351
|switch|p2a: Ferrothorn|Ferrothorn, M|351/351
|switch|p2a: Ferrothorn|Ferrothorn, M|351/351
|
|-weather|RainDance|[upkeep]
|turn|10
|
|split
|switch|p1a: Dragonite|Dragonite, M|243/323
|switch|p1a: Dragonite|Dragonite, M|243/323
|switch|p1a: Dragonite|Dragonite, M|243/323
|switch|p1a: Dragonite|Dragonite, M|243/323

TypeError: Cannot call method 'removeSideCondition' of undefined
    at Tools.exports.BattleAbilities.cyclone.onStart (/Users/IcyVines/Desktop/Pokemon-Client/data/abilities.js:577:18)
    at Tools.Battle.singleEvent (/Users/IcyVines/Desktop/Pokemon-Client/battle-engine.js:1843:37)
    at Tools.Battle.runDecision (/Users/IcyVines/Desktop/Pokemon-Client/battle-engine.js:3330:10)
    at Tools.Battle.go (/Users/IcyVines/Desktop/Pokemon-Client/battle-engine.js:3413:9)
    at Tools.Battle.commitDecisions (/Users/IcyVines/Desktop/Pokemon-Client/battle-engine.js:3491:8)
    at Tools.Battle.choose (/Users/IcyVines/Desktop/Pokemon-Client/battle-engine.js:3473:9)
    at Tools.Battle.receive (/Users/IcyVines/Desktop/Pokemon-Client/battle-engine.js:3817:9)
    at process.BattlePokemon.side (/Users/IcyVines/Desktop/Pokemon-Client/battle-engine.js:144:12)
    at process.EventEmitter.emit (events.js:98:17)
    at handleMessage (child_process.js:318:10)

Additional information:
message = battle-customgame-584|choose|p2|move Energy Ball|26
currentRequest = move

Log:
|player|p1|SirDanMan|216
|player|p2|IcyVines|8
|gametype|singles
|gen|6
|tier|Custom Game
|clearpoke
|poke|p1|Typhlosion, M
|poke|p1|Typhlosion, F
|poke|p1|Butterfree, F
|poke|p1|Dragonite, F
|poke|p1|Meganium, M
|poke|p1|Blissey, F
|poke|p2|Feraligatr, M
|poke|p2|Smeargle, M
|poke|p2|Galvantula, F
|poke|p2|Ferrothorn, F
|poke|p2|Octillery, M
|poke|p2|Sylveon, F
|teampreview
|
|start
|split
|switch|p1a: Typhlosion|Typhlosion, M|301/301
|switch|p1a: Typhlosion|Typhlosion, M|301/301
|switch|p1a: Typhlosion|Typhlosion, M|301/301
|switch|p1a: Typhlosion|Typhlosion, M|301/301
|split
|switch|p2a: Sylveon|Sylveon, F|404/404
|switch|p2a: Sylveon|Sylveon, F|404/404
|switch|p2a: Sylveon|Sylveon, F|404/404
|switch|p2a: Sylveon|Sylveon, F|404/404
|turn|1
|
|move|p1a: Typhlosion|Flamethrower|p2a: Sylveon
|debug|randBW(100) = 16
|debug|randBW(16) = 12
|debug|randBW(16) = 3
|split
|-damage|p2a: Sylveon|319/404
|-damage|p2a: Sylveon|319/404
|-damage|p2a: Sylveon|319/404
|-damage|p2a: Sylveon|319/404
|debug|randBW(100) = 10
|move|p2a: Sylveon|Recover|p2a: Sylveon
|split
|-heal|p2a: Sylveon|404/404
|-heal|p2a: Sylveon|404/404
|-heal|p2a: Sylveon|404/404
|-heal|p2a: Sylveon|404/404
|
|turn|2
|
|split
|switch|p1a: Typhlosion|Typhlosion, F|301/301
|switch|p1a: Typhlosion|Typhlosion, F|301/301
|switch|p1a: Typhlosion|Typhlosion, F|301/301
|switch|p1a: Typhlosion|Typhlosion, F|301/301
|move|p2a: Sylveon|Heal Bell|p2a: Sylveon
|-cureteam|p2a: Sylveon|[from] move: HealBell
|
|turn|3
|
|move|p1a: Typhlosion|Flamethrower|p2a: Sylveon
|debug|randBW(100) = 93
|debug|randBW(16) = 15
|debug|randBW(16) = 7
|split
|-damage|p2a: Sylveon|323/404
|-damage|p2a: Sylveon|323/404
|-damage|p2a: Sylveon|323/404
|-damage|p2a: Sylveon|323/404
|debug|randBW(100) = 2
|-status|p2a: Sylveon|brn
|move|p2a: Sylveon|Recover|p2a: Sylveon
|split
|-heal|p2a: Sylveon|404/404 brn
|-heal|p2a: Sylveon|404/404 brn
|-heal|p2a: Sylveon|404/404 brn
|-heal|p2a: Sylveon|404/404 brn
|
|split
|-damage|p2a: Sylveon|354/404 brn|[from] brn
|-damage|p2a: Sylveon|354/404 brn|[from] brn
|-damage|p2a: Sylveon|354/404 brn|[from] brn
|-damage|p2a: Sylveon|354/404 brn|[from] brn
|turn|4
|
|split
|switch|p2a: Ferrothorn|Ferrothorn, F|351/351
|switch|p2a: Ferrothorn|Ferrothorn, F|351/351
|switch|p2a: Ferrothorn|Ferrothorn, F|351/351
|switch|p2a: Ferrothorn|Ferrothorn, F|351/351
|move|p1a: Typhlosion|Recover|p1a: Typhlosion
|-fail|p1a: Typhlosion
|debug|heal interrupted
|
|turn|5
|
|move|p1a: Typhlosion|Earthquake|p2a: Ferrothorn
|debug|randBW(100) = 96
|debug|randBW(16) = 15
|debug|randBW(16) = 2
|split
|-damage|p2a: Ferrothorn|293/351
|-damage|p2a: Ferrothorn|293/351
|-damage|p2a: Ferrothorn|293/351
|-damage|p2a: Ferrothorn|293/351
|move|p2a: Ferrothorn|Air Slash|p1a: Typhlosion
|debug|Hit by flying (Unwavering)
|-immune|p1a: Typhlosion|[msg]
|debug|Hit by flying heal (Unwavering)
|debug|returning null (Unwavering)
|
|split
|-heal|p2a: Ferrothorn|314/351|[from] item: Leftovers
|-heal|p2a: Ferrothorn|314/351|[from] item: Leftovers
|-heal|p2a: Ferrothorn|314/351|[from] item: Leftovers
|-heal|p2a: Ferrothorn|314/351|[from] item: Leftovers
|turn|6
|
|split
|switch|p2a: Sylveon|Sylveon, F|354/404 brn
|switch|p2a: Sylveon|Sylveon, F|354/404 brn
|switch|p2a: Sylveon|Sylveon, F|354/404 brn
|switch|p2a: Sylveon|Sylveon, F|354/404 brn
|move|p1a: Typhlosion|Recover|p1a: Typhlosion
|-fail|p1a: Typhlosion
|debug|heal interrupted
|
|split
|-heal|p2a: Sylveon|379/404 brn|[from] item: Leftovers
|-heal|p2a: Sylveon|379/404 brn|[from] item: Leftovers
|-heal|p2a: Sylveon|379/404 brn|[from] item: Leftovers
|-heal|p2a: Sylveon|379/404 brn|[from] item: Leftovers
|split
|-damage|p2a: Sylveon|329/404 brn|[from] brn
|-damage|p2a: Sylveon|329/404 brn|[from] brn
|-damage|p2a: Sylveon|329/404 brn|[from] brn
|-damage|p2a: Sylveon|329/404 brn|[from] brn
|turn|7
|
|move|p1a: Typhlosion|Flamethrower|p2a: Sylveon
|debug|randBW(100) = 94
|debug|randBW(16) = 11
|debug|randBW(16) = 11
|split
|-damage|p2a: Sylveon|251/404 brn
|-damage|p2a: Sylveon|251/404 brn
|-damage|p2a: Sylveon|251/404 brn
|-damage|p2a: Sylveon|251/404 brn
|debug|randBW(100) = 44
|move|p2a: Sylveon|Shadow Ball|p1a: Typhlosion
|debug|randBW(100) = 93
|debug|randBW(16) = 1
|debug|randBW(16) = 6
|split
|-damage|p1a: Typhlosion|222/301
|-damage|p1a: Typhlosion|222/301
|-damage|p1a: Typhlosion|222/301
|-damage|p1a: Typhlosion|222/301
|debug|randBW(100) = 34
|
|split
|-heal|p1a: Typhlosion|240/301|[from] item: Leftovers
|-heal|p1a: Typhlosion|240/301|[from] item: Leftovers
|-heal|p1a: Typhlosion|240/301|[from] item: Leftovers
|-heal|p1a: Typhlosion|240/301|[from] item: Leftovers
|split
|-heal|p2a: Sylveon|276/404 brn|[from] item: Leftovers
|-heal|p2a: Sylveon|276/404 brn|[from] item: Leftovers
|-heal|p2a: Sylveon|276/404 brn|[from] item: Leftovers
|-heal|p2a: Sylveon|276/404 brn|[from] item: Leftovers
|split
|-damage|p2a: Sylveon|226/404 brn|[from] brn
|-damage|p2a: Sylveon|226/404 brn|[from] brn
|-damage|p2a: Sylveon|226/404 brn|[from] brn
|-damage|p2a: Sylveon|226/404 brn|[from] brn
|turn|8
|
|split
|switch|p2a: Ferrothorn|Ferrothorn, F|314/351
|switch|p2a: Ferrothorn|Ferrothorn, F|314/351
|switch|p2a: Ferrothorn|Ferrothorn, F|314/351
|switch|p2a: Ferrothorn|Ferrothorn, F|314/351
|move|p1a: Typhlosion|Earthquake|p2a: Ferrothorn
|debug|randBW(100) = 86
|debug|randBW(16) = 7
|debug|randBW(16) = 13
|split
|-damage|p2a: Ferrothorn|262/351
|-damage|p2a: Ferrothorn|262/351
|-damage|p2a: Ferrothorn|262/351
|-damage|p2a: Ferrothorn|262/351
|
|split
|-heal|p1a: Typhlosion|258/301|[from] item: Leftovers
|-heal|p1a: Typhlosion|258/301|[from] item: Leftovers
|-heal|p1a: Typhlosion|258/301|[from] item: Leftovers
|-heal|p1a: Typhlosion|258/301|[from] item: Leftovers
|split
|-heal|p2a: Ferrothorn|283/351|[from] item: Leftovers
|-heal|p2a: Ferrothorn|283/351|[from] item: Leftovers
|-heal|p2a: Ferrothorn|283/351|[from] item: Leftovers
|-heal|p2a: Ferrothorn|283/351|[from] item: Leftovers
|turn|9
|
|move|p1a: Typhlosion|Earthquake|p2a: Ferrothorn
|debug|randBW(100) = 89
|debug|randBW(16) = 3
|debug|randBW(16) = 11
|split
|-damage|p2a: Ferrothorn|230/351
|-damage|p2a: Ferrothorn|230/351
|-damage|p2a: Ferrothorn|230/351
|-damage|p2a: Ferrothorn|230/351
|move|p2a: Ferrothorn|Air Slash|p1a: Typhlosion
|debug|Hit by flying (Unwavering)
|split
|-heal|p1a: Typhlosion|301/301|[from] ability: Unwavering|[of] p2a: Ferrothorn
|-heal|p1a: Typhlosion|301/301|[from] ability: Unwavering|[of] p2a: Ferrothorn
|-heal|p1a: Typhlosion|301/301|[from] ability: Unwavering|[of] p2a: Ferrothorn
|-heal|p1a: Typhlosion|301/301|[from] ability: Unwavering|[of] p2a: Ferrothorn
|debug|returning null (Unwavering)
|
|split
|-heal|p2a: Ferrothorn|251/351|[from] item: Leftovers
|-heal|p2a: Ferrothorn|251/351|[from] item: Leftovers
|-heal|p2a: Ferrothorn|251/351|[from] item: Leftovers
|-heal|p2a: Ferrothorn|251/351|[from] item: Leftovers
|turn|10
|
|move|p1a: Typhlosion|Earthquake|p2a: Ferrothorn
|debug|randBW(100) = 12
|debug|randBW(16) = 2
|debug|randBW(16) = 6
|split
|-damage|p2a: Ferrothorn|195/351
|-damage|p2a: Ferrothorn|195/351
|-damage|p2a: Ferrothorn|195/351
|-damage|p2a: Ferrothorn|195/351
|move|p2a: Ferrothorn|Substitute|p2a: Ferrothorn
|-start|p2a: Ferrothorn|Substitute
|split
|-damage|p2a: Ferrothorn|108/351
|-damage|p2a: Ferrothorn|108/351
|-damage|p2a: Ferrothorn|108/351
|-damage|p2a: Ferrothorn|108/351
|
|split
|-heal|p2a: Ferrothorn|129/351|[from] item: Leftovers
|-heal|p2a: Ferrothorn|129/351|[from] item: Leftovers
|-heal|p2a: Ferrothorn|129/351|[from] item: Leftovers
|-heal|p2a: Ferrothorn|129/351|[from] item: Leftovers
|turn|11
|
|move|p1a: Typhlosion|Earthquake|p2a: Ferrothorn
|debug|randBW(100) = 72
|debug|randBW(16) = 9
|debug|randBW(16) = 3
|-activate|p2a: Ferrothorn|Substitute|[damage]
|move|p2a: Ferrothorn|Air Slash|p1a: Typhlosion
|debug|Hit by flying (Unwavering)
|-immune|p1a: Typhlosion|[msg]
|debug|Hit by flying heal (Unwavering)
|debug|returning null (Unwavering)
|
|split
|-heal|p2a: Ferrothorn|150/351|[from] item: Leftovers
|-heal|p2a: Ferrothorn|150/351|[from] item: Leftovers
|-heal|p2a: Ferrothorn|150/351|[from] item: Leftovers
|-heal|p2a: Ferrothorn|150/351|[from] item: Leftovers
|turn|12
|
|move|p1a: Typhlosion|Earthquake|p2a: Ferrothorn
|debug|randBW(100) = 79
|debug|randBW(16) = 6
|debug|randBW(16) = 8
|-end|p2a: Ferrothorn|Substitute
|move|p2a: Ferrothorn|Air Slash|p1a: Typhlosion
|debug|Hit by flying (Unwavering)
|-immune|p1a: Typhlosion|[msg]
|debug|Hit by flying heal (Unwavering)
|debug|returning null (Unwavering)
|
|split
|-heal|p2a: Ferrothorn|171/351|[from] item: Leftovers
|-heal|p2a: Ferrothorn|171/351|[from] item: Leftovers
|-heal|p2a: Ferrothorn|171/351|[from] item: Leftovers
|-heal|p2a: Ferrothorn|171/351|[from] item: Leftovers
|turn|13
|
|move|p1a: Typhlosion|Earthquake|p2a: Ferrothorn
|debug|randBW(100) = 44
|debug|randBW(16) = 4
|debug|randBW(16) = 10
|split
|-damage|p2a: Ferrothorn|117/351
|-damage|p2a: Ferrothorn|117/351
|-damage|p2a: Ferrothorn|117/351
|-damage|p2a: Ferrothorn|117/351
|move|p2a: Ferrothorn|Light Screen|p2a: Ferrothorn
|-sidestart|p2: IcyVines|move: Light Screen
|
|split
|-heal|p2a: Ferrothorn|138/351|[from] item: Leftovers
|-heal|p2a: Ferrothorn|138/351|[from] item: Leftovers
|-heal|p2a: Ferrothorn|138/351|[from] item: Leftovers
|-heal|p2a: Ferrothorn|138/351|[from] item: Leftovers
|turn|14
|
|split
|switch|p1a: Typhlosion|Typhlosion, M|301/301
|switch|p1a: Typhlosion|Typhlosion, M|301/301
|switch|p1a: Typhlosion|Typhlosion, M|301/301
|switch|p1a: Typhlosion|Typhlosion, M|301/301
|move|p2a: Ferrothorn|Light Screen|p2a: Ferrothorn
|-fail|p2a: Ferrothorn
|debug|move failed because it did nothing
|
|split
|-heal|p2a: Ferrothorn|159/351|[from] item: Leftovers
|-heal|p2a: Ferrothorn|159/351|[from] item: Leftovers
|-heal|p2a: Ferrothorn|159/351|[from] item: Leftovers
|-heal|p2a: Ferrothorn|159/351|[from] item: Leftovers
|turn|15
|
|move|p1a: Typhlosion|Recover|p1a: Typhlosion
|-fail|p1a: Typhlosion
|debug|heal interrupted
|move|p2a: Ferrothorn|Light Screen|p2a: Ferrothorn
|-fail|p2a: Ferrothorn
|debug|move failed because it did nothing
|
|split
|-heal|p2a: Ferrothorn|180/351|[from] item: Leftovers
|-heal|p2a: Ferrothorn|180/351|[from] item: Leftovers
|-heal|p2a: Ferrothorn|180/351|[from] item: Leftovers
|-heal|p2a: Ferrothorn|180/351|[from] item: Leftovers
|turn|16
|
|move|p1a: Typhlosion|Earthquake|p2a: Ferrothorn
|debug|randBW(100) = 36
|debug|randBW(16) = 0
|-crit|p2a: Ferrothorn
|debug|randBW(16) = 4
|split
|-damage|p2a: Ferrothorn|94/351
|-damage|p2a: Ferrothorn|94/351
|-damage|p2a: Ferrothorn|94/351
|-damage|p2a: Ferrothorn|94/351
|-boost|p2a: Ferrothorn|atk|1|[from] ability: Aggravation
|-boost|p2a: Ferrothorn|spa|1|[from] ability: Aggravation
|-boost|p2a: Ferrothorn|spe|1|[from] ability: Aggravation
|debug|Aggravation boost
|move|p2a: Ferrothorn|Air Slash|p1a: Typhlosion
|debug|randBW(100) = 83
|debug|randBW(16) = 10
|debug|randBW(16) = 9
|-supereffective|p1a: Typhlosion
|split
|-damage|p1a: Typhlosion|179/301
|-damage|p1a: Typhlosion|179/301
|-damage|p1a: Typhlosion|179/301
|-damage|p1a: Typhlosion|179/301
|debug|randBW(100) = 27
|
|split
|-heal|p1a: Typhlosion|197/301|[from] item: Leftovers
|-heal|p1a: Typhlosion|197/301|[from] item: Leftovers
|-heal|p1a: Typhlosion|197/301|[from] item: Leftovers
|-heal|p1a: Typhlosion|197/301|[from] item: Leftovers
|split
|-heal|p2a: Ferrothorn|115/351|[from] item: Leftovers
|-heal|p2a: Ferrothorn|115/351|[from] item: Leftovers
|-heal|p2a: Ferrothorn|115/351|[from] item: Leftovers
|-heal|p2a: Ferrothorn|115/351|[from] item: Leftovers
|turn|17
|
|split
|switch|p2a: Smeargle|Smeargle, M|251/251
|switch|p2a: Smeargle|Smeargle, M|251/251
|switch|p2a: Smeargle|Smeargle, M|251/251
|switch|p2a: Smeargle|Smeargle, M|251/251
|move|p1a: Typhlosion|Recover|p1a: Typhlosion
|split
|-heal|p1a: Typhlosion|301/301
|-heal|p1a: Typhlosion|301/301
|-heal|p1a: Typhlosion|301/301
|-heal|p1a: Typhlosion|301/301
|
|-sideend|p2: IcyVines|move: Light Screen
|turn|18
|
|move|p1a: Typhlosion|Recover|p1a: Typhlosion
|-fail|p1a: Typhlosion
|debug|heal interrupted
|move|p2a: Smeargle|Stealth Rock|p1a: Typhlosion
|-sidestart|p1: SirDanMan|move: Stealth Rock
|
|turn|19
|
|split
|switch|p2a: Octillery|Octillery, M|291/291
|switch|p2a: Octillery|Octillery, M|291/291
|switch|p2a: Octillery|Octillery, M|291/291
|switch|p2a: Octillery|Octillery, M|291/291
|move|p1a: Typhlosion|Recover|p1a: Typhlosion
|-fail|p1a: Typhlosion
|debug|heal interrupted
|
|turn|20
|
|move|p1a: Typhlosion|Recover|p1a: Typhlosion
|-fail|p1a: Typhlosion
|debug|heal interrupted
|move|p2a: Octillery|Octazooka|p1a: Typhlosion
|debug|Hit by water (Intense Flames)
|-immune|p1a: Typhlosion|[msg]
|-sideend|p1: SirDanMan|Stealth Rock|[from] ability: Intense Flames|[of] p1a: Typhlosion
|debug|Removed target's side (Unwavering)
|debug|Passed removal
|
|turn|21
|
|split
|switch|p1a: Butterfree|Butterfree, F|324/324
|switch|p1a: Butterfree|Butterfree, F|324/324
|switch|p1a: Butterfree|Butterfree, F|324/324
|switch|p1a: Butterfree|Butterfree, F|324/324
|split
|switch|p2a: Smeargle|Smeargle, M|251/251
|switch|p2a: Smeargle|Smeargle, M|251/251
|switch|p2a: Smeargle|Smeargle, M|251/251
|switch|p2a: Smeargle|Smeargle, M|251/251
|
|turn|22
|
|move|p2a: Smeargle|Rain Dance|p2a: Smeargle
|-weather|RainDance
|move|p1a: Butterfree|Confusion|p2a: Smeargle
|debug|randBW(100) = 39
|debug|randBW(16) = 7
|debug|Butterfly Effect 1
|debug|randBW(7) = 4
|debug|Butterfly Effect 2
|debug|randBW(7) = 2
|debug|randBW(16) = 14
|-supereffective|p2a: Smeargle
|split
|-damage|p2a: Smeargle|125/251
|-damage|p2a: Smeargle|125/251
|-damage|p2a: Smeargle|125/251
|-damage|p2a: Smeargle|125/251
|debug|randBW(100) = 86
|
|-weather|RainDance|[upkeep]
|split
|-heal|p2a: Smeargle|140/251|[from] item: Leftovers
|-heal|p2a: Smeargle|140/251|[from] item: Leftovers
|-heal|p2a: Smeargle|140/251|[from] item: Leftovers
|-heal|p2a: Smeargle|140/251|[from] item: Leftovers
|turn|23
|
|move|p2a: Smeargle|Stealth Rock|p1a: Butterfree
|-sidestart|p1: SirDanMan|move: Stealth Rock
|move|p1a: Butterfree|Confusion|p2a: Smeargle
|debug|randBW(100) = 72
|debug|randBW(16) = 7
|debug|Butterfly Effect 1
|debug|randBW(7) = 3
|debug|randBW(16) = 0
|-supereffective|p2a: Smeargle
|split
|-damage|p2a: Smeargle|0 fnt
|-damage|p2a: Smeargle|0 fnt
|-damage|p2a: Smeargle|0 fnt
|-damage|p2a: Smeargle|0 fnt
|debug|randBW(100) = 72
|faint|p2a: Smeargle
|
|-weather|RainDance|[upkeep]
|
|split
|switch|p2a: Octillery|Octillery, M|291/291
|switch|p2a: Octillery|Octillery, M|291/291
|switch|p2a: Octillery|Octillery, M|291/291
|switch|p2a: Octillery|Octillery, M|291/291
|turn|24
|
|split
|switch|p1a: Dragonite|Dragonite, F|323/323
|switch|p1a: Dragonite|Dragonite, F|323/323
|switch|p1a: Dragonite|Dragonite, F|323/323
|switch|p1a: Dragonite|Dragonite, F|323/323
|split
|-damage|p1a: Dragonite|243/323|[from] Stealth Rock
|-damage|p1a: Dragonite|243/323|[from] Stealth Rock
|-damage|p1a: Dragonite|243/323|[from] Stealth Rock
|-damage|p1a: Dragonite|243/323|[from] Stealth Rock
|-sideend|p1: SirDanMan|Stealth Rock|[from] ability: Cyclone|[of] p1a: Dragonite
|debug|Removed target side (Cyclone)

TypeError: Object p2a: Typhlosion has no method 'boost'
    at Tools.exports.BattleAbilities.butterflyeffect.onHit (/Users/IcyVines/Desktop/Pokemon-Client/data/abilities.js:423:15)
    at Tools.Battle.singleEvent (/Users/IcyVines/Desktop/Pokemon-Client/battle-engine.js:1843:37)
    at Tools.exports.BattleScripts.moveHit (/Users/IcyVines/Desktop/Pokemon-Client/data/scripts.js:457:41)
    at Tools.exports.BattleScripts.tryMoveHit (/Users/IcyVines/Desktop/Pokemon-Client/data/scripts.js:274:18)
    at Tools.exports.BattleScripts.useMove (/Users/IcyVines/Desktop/Pokemon-Client/data/scripts.js:164:18)
    at Tools.exports.BattleScripts.runMove (/Users/IcyVines/Desktop/Pokemon-Client/data/scripts.js:45:8)
    at Tools.Battle.runDecision (/Users/IcyVines/Desktop/Pokemon-Client/battle-engine.js:3248:9)
    at Tools.Battle.go (/Users/IcyVines/Desktop/Pokemon-Client/battle-engine.js:3413:9)
    at Tools.Battle.commitDecisions (/Users/IcyVines/Desktop/Pokemon-Client/battle-engine.js:3491:8)
    at Tools.Battle.choose (/Users/IcyVines/Desktop/Pokemon-Client/battle-engine.js:3473:9)

Additional information:
message = battle-customgame-706|choose|p1|move Recover|2
currentRequest = move

Log:
|player|p1|asdfnasdf|265
|player|p2|IcyVines|170
|gametype|singles
|gen|6
|tier|Custom Game
|clearpoke
|poke|p1|Blissey, F
|poke|p2|Azurill, F
|poke|p2|Flareon, F
|poke|p2|Espeon, F
|poke|p2|Typhlosion, M
|poke|p2|Meganium, M
|poke|p2|Glaceon, M
|teampreview
|
|start
|split
|switch|p1a: Blissey|Blissey, F|714/714
|switch|p1a: Blissey|Blissey, F|714/714
|switch|p1a: Blissey|Blissey, F|714/714
|switch|p1a: Blissey|Blissey, F|714/714
|split
|switch|p2a: Typhlosion|Typhlosion, M|302/302
|switch|p2a: Typhlosion|Typhlosion, M|302/302
|switch|p2a: Typhlosion|Typhlosion, M|302/302
|switch|p2a: Typhlosion|Typhlosion, M|302/302
|-item|p2a: Typhlosion|Air Balloon
|turn|1
|
|move|p2a: Typhlosion|Ember|p1a: Blissey
|debug|randBW(100) = 34
|debug|randBW(16) = 1
|debug|randBW(16) = 3
|split
|-damage|p1a: Blissey|669/714
|-damage|p1a: Blissey|669/714
|-damage|p1a: Blissey|669/714
|-damage|p1a: Blissey|669/714
|debug|Butterfly Effect 1
|debug|Stat name: atk
|debug|Stat name: def
|debug|Stat name: spa
|debug|Stat name: spd
|debug|Stat name: spe
|debug|randBW(5) = 3

TypeError: Cannot call method 'boost' of undefined
    at Tools.exports.BattleAbilities.butterflyeffect.onHit (/Users/IcyVines/Desktop/Pokemon-Client/data/abilities.js:423:20)
    at Tools.Battle.singleEvent (/Users/IcyVines/Desktop/Pokemon-Client/battle-engine.js:1843:37)
    at Tools.exports.BattleScripts.moveHit (/Users/IcyVines/Desktop/Pokemon-Client/data/scripts.js:457:41)
    at Tools.exports.BattleScripts.tryMoveHit (/Users/IcyVines/Desktop/Pokemon-Client/data/scripts.js:274:18)
    at Tools.exports.BattleScripts.useMove (/Users/IcyVines/Desktop/Pokemon-Client/data/scripts.js:164:18)
    at Tools.exports.BattleScripts.runMove (/Users/IcyVines/Desktop/Pokemon-Client/data/scripts.js:45:8)
    at Tools.Battle.runDecision (/Users/IcyVines/Desktop/Pokemon-Client/battle-engine.js:3248:9)
    at Tools.Battle.go (/Users/IcyVines/Desktop/Pokemon-Client/battle-engine.js:3413:9)
    at Tools.Battle.commitDecisions (/Users/IcyVines/Desktop/Pokemon-Client/battle-engine.js:3491:8)
    at Tools.Battle.choose (/Users/IcyVines/Desktop/Pokemon-Client/battle-engine.js:3473:9)

Additional information:
message = battle-customgame-708|choose|p1|move Recover|2
currentRequest = move

Log:
|player|p1|asdfnasdf|265
|player|p2|IcyVines|170
|gametype|singles
|gen|6
|tier|Custom Game
|clearpoke
|poke|p1|Blissey, F
|poke|p2|Azurill, F
|poke|p2|Flareon, M
|poke|p2|Espeon, F
|poke|p2|Typhlosion, F
|poke|p2|Meganium, M
|poke|p2|Glaceon, M
|teampreview
|
|start
|split
|switch|p1a: Blissey|Blissey, F|714/714
|switch|p1a: Blissey|Blissey, F|714/714
|switch|p1a: Blissey|Blissey, F|714/714
|switch|p1a: Blissey|Blissey, F|714/714
|split
|switch|p2a: Typhlosion|Typhlosion, F|302/302
|switch|p2a: Typhlosion|Typhlosion, F|302/302
|switch|p2a: Typhlosion|Typhlosion, F|302/302
|switch|p2a: Typhlosion|Typhlosion, F|302/302
|-item|p2a: Typhlosion|Air Balloon
|turn|1
|
|move|p2a: Typhlosion|Ember|p1a: Blissey
|debug|randBW(100) = 44
|debug|randBW(16) = 5
|debug|randBW(16) = 6
|split
|-damage|p1a: Blissey|671/714
|-damage|p1a: Blissey|671/714
|-damage|p1a: Blissey|671/714
|-damage|p1a: Blissey|671/714
|debug|Butterfly Effect 1
|debug|Stat name: atk
|debug|Stat name: def
|debug|Stat name: spa
|debug|Stat name: spd
|debug|Stat name: spe
|debug|randBW(5) = 3

TypeError: Cannot read property 'hit' of null
    at Tools.exports.BattleMovedex.sparklerburns.onModifyMove (/Users/IcyVines/Desktop/Pokemon-Client/data/moves.js:9673:35)
    at Tools.Battle.singleEvent (/Users/IcyVines/Desktop/Pokemon-Client/battle-engine.js:1843:37)
    at Tools.exports.BattleScripts.useMove (/Users/IcyVines/Desktop/Pokemon-Client/data/scripts.js:62:8)
    at Tools.exports.BattleScripts.runMove (/Users/IcyVines/Desktop/Pokemon-Client/data/scripts.js:45:8)
    at Tools.Battle.runDecision (/Users/IcyVines/Desktop/Pokemon-Client/battle-engine.js:3248:9)
    at Tools.Battle.go (/Users/IcyVines/Desktop/Pokemon-Client/battle-engine.js:3413:9)
    at Tools.Battle.commitDecisions (/Users/IcyVines/Desktop/Pokemon-Client/battle-engine.js:3491:8)
    at Tools.Battle.choose (/Users/IcyVines/Desktop/Pokemon-Client/battle-engine.js:3473:9)
    at Tools.Battle.receive (/Users/IcyVines/Desktop/Pokemon-Client/battle-engine.js:3817:9)
    at process.BattlePokemon.side (/Users/IcyVines/Desktop/Pokemon-Client/battle-engine.js:144:12)

Additional information:
message = battle-customgame-804|choose|p2|move Sparkler Burns|2
currentRequest = move

Log:
|player|p1|SirDanMan|216
|player|p2|IcyVines|8
|gametype|singles
|gen|6
|tier|Custom Game
|clearpoke
|poke|p1|Typhlosion, M
|poke|p1|Typhlosion, F
|poke|p1|Butterfree, M
|poke|p1|Dragonite, F
|poke|p1|Meganium, F
|poke|p1|Blissey, F
|poke|p2|Dragonite, F
|poke|p2|Gliscor, F
|poke|p2|Ferrothorn, F
|poke|p2|Heracross, M
|teampreview
|
|start
|split
|switch|p1a: Typhlosion|Typhlosion, M|301/301
|switch|p1a: Typhlosion|Typhlosion, M|301/301
|switch|p1a: Typhlosion|Typhlosion, M|301/301
|switch|p1a: Typhlosion|Typhlosion, M|301/301
|split
|switch|p2a: Heracross|Heracross, M|364/364
|switch|p2a: Heracross|Heracross, M|364/364
|switch|p2a: Heracross|Heracross, M|364/364
|switch|p2a: Heracross|Heracross, M|364/364
|turn|1
|
|move|p1a: Typhlosion|Eruption|p2a: Heracross
|debug|randBW(100) = 74
|debug|randBW(16) = 9
|debug|randBW(16) = 10
|-supereffective|p2a: Heracross
|split
|-damage|p2a: Heracross|14/364
|-damage|p2a: Heracross|14/364
|-damage|p2a: Heracross|14/364
|-damage|p2a: Heracross|14/364
|debug|in modify move section

TypeError: Object Battle: customgame has no method 'setPseudoWeather'
    at Tools.exports.BattleAbilities.terraformer.onStart (/Users/IcyVines/Desktop/Pokemon-Client/data/abilities.js:3424:23)
    at Tools.Battle.singleEvent (/Users/IcyVines/Desktop/Pokemon-Client/battle-engine.js:1843:37)
    at Tools.Battle.runDecision (/Users/IcyVines/Desktop/Pokemon-Client/battle-engine.js:3330:10)
    at Tools.Battle.go (/Users/IcyVines/Desktop/Pokemon-Client/battle-engine.js:3413:9)
    at Tools.Battle.commitDecisions (/Users/IcyVines/Desktop/Pokemon-Client/battle-engine.js:3491:8)
    at Tools.Battle.choose (/Users/IcyVines/Desktop/Pokemon-Client/battle-engine.js:3473:9)
    at Tools.Battle.receive (/Users/IcyVines/Desktop/Pokemon-Client/battle-engine.js:3817:9)
    at process.BattlePokemon.side (/Users/IcyVines/Desktop/Pokemon-Client/battle-engine.js:144:12)
    at process.EventEmitter.emit (events.js:98:17)
    at handleMessage (child_process.js:318:10)

Additional information:
message = battle-customgame-904|choose|p1|team 1|1
currentRequest = teampreview

Log:
|player|p1|akjsdfnasdf|265
|player|p2|ashdfsdaf|169
|gametype|singles
|gen|6
|tier|Custom Game
|clearpoke
|poke|p1|Blissey, F
|poke|p2|Flareon, F
|teampreview
|
|start
|split
|switch|p1a: Blissey|Blissey, F|714/714
|switch|p1a: Blissey|Blissey, F|714/714
|switch|p1a: Blissey|Blissey, F|714/714
|switch|p1a: Blissey|Blissey, F|714/714
|split
|switch|p2a: Flareon|Flareon, F|344/344
|switch|p2a: Flareon|Flareon, F|344/344
|switch|p2a: Flareon|Flareon, F|344/344
|switch|p2a: Flareon|Flareon, F|344/344

ReferenceError: pokemon is not defined
    at Tools.exports.BattleAbilities.fullbloom.onWeather (/Users/IcyVines/Desktop/Pokemon-Client/data/abilities.js:1174:26)
    at Tools.Battle.runEvent (/Users/IcyVines/Desktop/Pokemon-Client/battle-engine.js:2046:38)
    at Tools.Battle.eachEvent (/Users/IcyVines/Desktop/Pokemon-Client/battle-engine.js:1777:10)
    at Tools.exports.BattleStatuses.sunnyday.onResidual (/Users/IcyVines/Desktop/Pokemon-Client/data/statuses.js:407:9)
    at Tools.Battle.singleEvent (/Users/IcyVines/Desktop/Pokemon-Client/battle-engine.js:1843:37)
    at Tools.Battle.residualEvent (/Users/IcyVines/Desktop/Pokemon-Client/battle-engine.js:1795:9)
    at Tools.Battle.runDecision (/Users/IcyVines/Desktop/Pokemon-Client/battle-engine.js:3340:9)
    at Tools.Battle.go (/Users/IcyVines/Desktop/Pokemon-Client/battle-engine.js:3413:9)
    at Tools.Battle.commitDecisions (/Users/IcyVines/Desktop/Pokemon-Client/battle-engine.js:3491:8)
    at Tools.Battle.choose (/Users/IcyVines/Desktop/Pokemon-Client/battle-engine.js:3473:9)

Additional information:
message = battle-customgame-915|choose|p1|move Dragoon|5
currentRequest = move

Log:
|player|p1|Brendan0207|1
|player|p2|IcyVines|8
|gametype|singles
|gen|6
|tier|Custom Game
|clearpoke
|poke|p1|Charizard, M, shiny
|poke|p1|Talonflame, M, shiny
|poke|p1|Aegislash, M, shiny
|poke|p1|Trevenant, M, shiny
|poke|p1|Carbink
|poke|p1|Lucario, M
|poke|p2|Feraligatr, F
|poke|p2|Sceptile, F
|poke|p2|Dragonite, M
|poke|p2|Meganium, M
|poke|p2|Serperior, M
|poke|p2|Samurott, M
|teampreview
|
|start
|split
|switch|p1a: Charizard|Charizard, M, shiny|302/302
|switch|p1a: Charizard|Charizard, M, shiny|302/302
|switch|p1a: Charizard|Charizard, M, shiny|302/302
|switch|p1a: Charizard|Charizard, M, shiny|302/302
|split
|switch|p2a: Sceptile|Sceptile, F|344/344
|switch|p2a: Sceptile|Sceptile, F|344/344
|switch|p2a: Sceptile|Sceptile, F|344/344
|switch|p2a: Sceptile|Sceptile, F|344/344
|turn|1
|
|-formechange|p1a: Charizard|Charizard-Mega-X
|message|Charizard has Mega Evolved into Mega Charizard!
|move|p1a: Charizard|Dragoon|p2a: Sceptile
|debug|randBW(100) = 3
|debug|randBW(16) = 0
|-message|Sceptile refuses to believe in 'magic'
|-crit|p2a: Sceptile
|debug|randBW(16) = 7
|split
|-damage|p2a: Sceptile|190/344
|-damage|p2a: Sceptile|190/344
|-damage|p2a: Sceptile|190/344
|-damage|p2a: Sceptile|190/344
|move|p2a: Sceptile|Synthesis|p2a: Sceptile
|split
|-heal|p2a: Sceptile|344/344
|-heal|p2a: Sceptile|344/344
|-heal|p2a: Sceptile|344/344
|-heal|p2a: Sceptile|344/344
|
|turn|2
|
|move|p2a: Sceptile|Synthesis|p2a: Sceptile
|move|p1a: Charizard|Dragon Claw|p2a: Sceptile
|debug|randBW(100) = 8
|debug|randBW(16) = 9
|-message|Sceptile refuses to believe in 'magic'
|debug|randBW(16) = 15
|split
|-damage|p2a: Sceptile|220/344
|-damage|p2a: Sceptile|220/344
|-damage|p2a: Sceptile|220/344
|-damage|p2a: Sceptile|220/344
|
|split
|-heal|p2a: Sceptile|241/344|[from] item: Leftovers
|-heal|p2a: Sceptile|241/344|[from] item: Leftovers
|-heal|p2a: Sceptile|241/344|[from] item: Leftovers
|-heal|p2a: Sceptile|241/344|[from] item: Leftovers
|turn|3
|
|split
|switch|p2a: Meganium|Meganium, M|364/364
|switch|p2a: Meganium|Meganium, M|364/364
|switch|p2a: Meganium|Meganium, M|364/364
|switch|p2a: Meganium|Meganium, M|364/364
|move|p1a: Charizard|Dragoon|p2a: Meganium
|debug|natural immunity
|-immune|p2a: Meganium|[msg]
|
|turn|4
|
|move|p1a: Charizard|Dragoon|p2a: Meganium
|debug|natural immunity
|-immune|p2a: Meganium|[msg]
|move|p2a: Meganium|Sunny Day|p2a: Meganium
|-weather|SunnyDay
|
|-weather|SunnyDay|[upkeep]

TypeError: Cannot read property 'side' of undefined
    at Tools.exports.BattleAbilities.cyclone.onBeforeSwitchIn (/Users/IcyVines/Desktop/Pokemon-Client/data/abilities.js:591:12)
    at Tools.Battle.runEvent (/Users/IcyVines/Desktop/Pokemon-Client/battle-engine.js:2046:38)
    at Tools.Battle.switchIn (/Users/IcyVines/Desktop/Pokemon-Client/battle-engine.js:2391:8)
    at Tools.Battle.runDecision (/Users/IcyVines/Desktop/Pokemon-Client/battle-engine.js:3324:9)
    at Tools.Battle.go (/Users/IcyVines/Desktop/Pokemon-Client/battle-engine.js:3413:9)
    at Tools.Battle.commitDecisions (/Users/IcyVines/Desktop/Pokemon-Client/battle-engine.js:3491:8)
    at Tools.Battle.choose (/Users/IcyVines/Desktop/Pokemon-Client/battle-engine.js:3473:9)
    at Tools.Battle.receive (/Users/IcyVines/Desktop/Pokemon-Client/battle-engine.js:3817:9)
    at process.BattlePokemon.side (/Users/IcyVines/Desktop/Pokemon-Client/battle-engine.js:144:12)
    at process.EventEmitter.emit (events.js:98:17)

Additional information:
message = battle-customgame-915|choose|p2|switch 3|16
currentRequest = move

Log:
|player|p1|Brendan0207|1
|player|p2|IcyVines|8
|gametype|singles
|gen|6
|tier|Custom Game
|clearpoke
|poke|p1|Charizard, M, shiny
|poke|p1|Talonflame, M, shiny
|poke|p1|Aegislash, M, shiny
|poke|p1|Trevenant, M, shiny
|poke|p1|Carbink
|poke|p1|Lucario, M
|poke|p2|Feraligatr, F
|poke|p2|Sceptile, F
|poke|p2|Dragonite, M
|poke|p2|Meganium, M
|poke|p2|Serperior, M
|poke|p2|Samurott, M
|teampreview
|
|start
|split
|switch|p1a: Charizard|Charizard, M, shiny|302/302
|switch|p1a: Charizard|Charizard, M, shiny|302/302
|switch|p1a: Charizard|Charizard, M, shiny|302/302
|switch|p1a: Charizard|Charizard, M, shiny|302/302
|split
|switch|p2a: Sceptile|Sceptile, F|344/344
|switch|p2a: Sceptile|Sceptile, F|344/344
|switch|p2a: Sceptile|Sceptile, F|344/344
|switch|p2a: Sceptile|Sceptile, F|344/344
|turn|1
|
|-formechange|p1a: Charizard|Charizard-Mega-X
|message|Charizard has Mega Evolved into Mega Charizard!
|move|p1a: Charizard|Dragoon|p2a: Sceptile
|debug|randBW(100) = 3
|debug|randBW(16) = 0
|-message|Sceptile refuses to believe in 'magic'
|-crit|p2a: Sceptile
|debug|randBW(16) = 7
|split
|-damage|p2a: Sceptile|190/344
|-damage|p2a: Sceptile|190/344
|-damage|p2a: Sceptile|190/344
|-damage|p2a: Sceptile|190/344
|move|p2a: Sceptile|Synthesis|p2a: Sceptile
|split
|-heal|p2a: Sceptile|344/344
|-heal|p2a: Sceptile|344/344
|-heal|p2a: Sceptile|344/344
|-heal|p2a: Sceptile|344/344
|
|turn|2
|
|move|p2a: Sceptile|Synthesis|p2a: Sceptile
|move|p1a: Charizard|Dragon Claw|p2a: Sceptile
|debug|randBW(100) = 8
|debug|randBW(16) = 9
|-message|Sceptile refuses to believe in 'magic'
|debug|randBW(16) = 15
|split
|-damage|p2a: Sceptile|220/344
|-damage|p2a: Sceptile|220/344
|-damage|p2a: Sceptile|220/344
|-damage|p2a: Sceptile|220/344
|
|split
|-heal|p2a: Sceptile|241/344|[from] item: Leftovers
|-heal|p2a: Sceptile|241/344|[from] item: Leftovers
|-heal|p2a: Sceptile|241/344|[from] item: Leftovers
|-heal|p2a: Sceptile|241/344|[from] item: Leftovers
|turn|3
|
|split
|switch|p2a: Meganium|Meganium, M|364/364
|switch|p2a: Meganium|Meganium, M|364/364
|switch|p2a: Meganium|Meganium, M|364/364
|switch|p2a: Meganium|Meganium, M|364/364
|move|p1a: Charizard|Dragoon|p2a: Meganium
|debug|natural immunity
|-immune|p2a: Meganium|[msg]
|
|turn|4
|
|move|p1a: Charizard|Dragoon|p2a: Meganium
|debug|natural immunity
|-immune|p2a: Meganium|[msg]
|move|p2a: Meganium|Sunny Day|p2a: Meganium
|-weather|SunnyDay
|
|-weather|SunnyDay|[upkeep]
|html|<div class="broadcast-red"><b>The battle crashed</b><br />You can keep playing but it might crash again.</div>
|
|split
|switch|p2a: Feraligatr|Feraligatr, F|374/374
|switch|p2a: Feraligatr|Feraligatr, F|374/374
|switch|p2a: Feraligatr|Feraligatr, F|374/374
|switch|p2a: Feraligatr|Feraligatr, F|374/374
|debug|p1: Charizard INCONSISTENT STATE, ALREADY MOVED: dragoon
|turn|5
|
|move|p2a: Feraligatr|Aqua Jet|p1a: Charizard|[from]Full Bloom
|debug|randBW(100) = 0
|debug|randBW(16) = 3
|-message|Water rises on the field.
|debug|Sunny Day water suppress
|debug|randBW(16) = 15
|split
|-damage|p1a: Charizard|269/302
|-damage|p1a: Charizard|269/302
|-damage|p1a: Charizard|269/302
|-damage|p1a: Charizard|269/302
|move|p1a: Charizard|Fire Punch|p2a: Feraligatr|[from]Full Bloom
|debug|randBW(100) = 6
|debug|randBW(16) = 11
|debug|Sunny Day fire boost
|debug|randBW(16) = 2
|-resisted|p2a: Feraligatr
|split
|-damage|p2a: Feraligatr|233/374
|-damage|p2a: Feraligatr|233/374
|-damage|p2a: Feraligatr|233/374
|-damage|p2a: Feraligatr|233/374
|debug|randBW(100) = 59
|
|-weather|SunnyDay|[upkeep]
|split
|-heal|p2a: Feraligatr|256/374|[from] item: Leftovers
|-heal|p2a: Feraligatr|256/374|[from] item: Leftovers
|-heal|p2a: Feraligatr|256/374|[from] item: Leftovers
|-heal|p2a: Feraligatr|256/374|[from] item: Leftovers
|turn|6
|
|move|p2a: Feraligatr|Aqua Jet|p1a: Charizard|[from]Full Bloom
|debug|randBW(100) = 22
|debug|randBW(16) = 14
|-message|Water recedes from the field.
|debug|Sunny Day water suppress
|debug|randBW(16) = 13
|split
|-damage|p1a: Charizard|254/302
|-damage|p1a: Charizard|254/302
|-damage|p1a: Charizard|254/302
|-damage|p1a: Charizard|254/302
|move|p1a: Charizard|Fire Punch|p2a: Feraligatr|[from]Full Bloom
|debug|randBW(100) = 0
|debug|randBW(16) = 5
|debug|Sunny Day fire boost
|debug|randBW(16) = 1
|-resisted|p2a: Feraligatr
|split
|-damage|p2a: Feraligatr|113/374
|-damage|p2a: Feraligatr|113/374
|-damage|p2a: Feraligatr|113/374
|-damage|p2a: Feraligatr|113/374
|debug|randBW(100) = 7
|-status|p2a: Feraligatr|brn
|
|-weather|SunnyDay|[upkeep]
|split
|-heal|p2a: Feraligatr|136/374 brn|[from] item: Leftovers
|-heal|p2a: Feraligatr|136/374 brn|[from] item: Leftovers
|-heal|p2a: Feraligatr|136/374 brn|[from] item: Leftovers
|-heal|p2a: Feraligatr|136/374 brn|[from] item: Leftovers
|split
|-damage|p2a: Feraligatr|90/374 brn|[from] brn
|-damage|p2a: Feraligatr|90/374 brn|[from] brn
|-damage|p2a: Feraligatr|90/374 brn|[from] brn
|-damage|p2a: Feraligatr|90/374 brn|[from] brn
|turn|7
|
|move|p1a: Charizard|Earthquake|p2a: Feraligatr|[from]Full Bloom
|debug|randBW(100) = 32
|debug|randBW(16) = 10
|debug|randBW(16) = 15
|split
|-damage|p2a: Feraligatr|0 fnt
|-damage|p2a: Feraligatr|0 fnt
|-damage|p2a: Feraligatr|0 fnt
|-damage|p2a: Feraligatr|0 fnt
|faint|p2a: Feraligatr
|
|-weather|SunnyDay|[upkeep]
|
|split
|switch|p2a: Serperior|Serperior, M|291/291
|switch|p2a: Serperior|Serperior, M|291/291
|switch|p2a: Serperior|Serperior, M|291/291
|switch|p2a: Serperior|Serperior, M|291/291
|turn|8
|
|move|p2a: Serperior|Outrage|p1a: Charizard|[from]Full Bloom
|debug|randBW(100) = 66
|debug|randBW(16) = 10
|debug|randBW(16) = 10
|-supereffective|p1a: Charizard
|split
|-damage|p1a: Charizard|0 fnt
|-damage|p1a: Charizard|0 fnt
|-damage|p1a: Charizard|0 fnt
|-damage|p1a: Charizard|0 fnt
|debug|randBW(2,4) = 3
|split
|-damage|p2a: Serperior|262/291|[from] item: Life Orb
|-damage|p2a: Serperior|262/291|[from] item: Life Orb
|-damage|p2a: Serperior|262/291|[from] item: Life Orb
|-damage|p2a: Serperior|262/291|[from] item: Life Orb
|faint|p1a: Charizard
|
|-weather|none
|
|split
|switch|p1a: Trevenant|Trevenant, M, shiny|374/374
|switch|p1a: Trevenant|Trevenant, M, shiny|374/374
|switch|p1a: Trevenant|Trevenant, M, shiny|374/374
|switch|p1a: Trevenant|Trevenant, M, shiny|374/374
|debug|natural immunity
|debug|natural immunity
|debug|natural immunity
|turn|9
|debug|natural immunity
|debug|natural immunity
|debug|natural immunity
|
|debug|natural immunity
|debug|natural immunity
|debug|natural immunity
|split
|switch|p1a: Carbink|Carbink|324/324
|switch|p1a: Carbink|Carbink|324/324
|switch|p1a: Carbink|Carbink|324/324
|switch|p1a: Carbink|Carbink|324/324
|-fieldstart|move: Trick Room|[of] p1a: Carbink
|move|p2a: Serperior|Outrage|p1a: Carbink|[from]Full Bloom
|debug|natural immunity
|-immune|p1a: Carbink|[msg]
|
|turn|10
|
|split
|switch|p2a: Samurott|Samurott, M|394/394
|switch|p2a: Samurott|Samurott, M|394/394
|switch|p2a: Samurott|Samurott, M|394/394
|switch|p2a: Samurott|Samurott, M|394/394
|move|p1a: Carbink|Light Screen|p1a: Carbink|[from]Full Bloom
|-sidestart|p1: Brendan0207|move: Light Screen
|
|turn|11
|
|move|p2a: Samurott|Skewer|p1a: Carbink|[from]Full Bloom
|debug|randBW(100) = 74
|debug|randBW(16) = 9
|debug|Rock, -1
|debug|Fairy, 1
|-message|Samurott attacks with all of its spirit!
|debug|randBW(16) = 6
|split
|-damage|p1a: Carbink|249/324
|-damage|p1a: Carbink|249/324
|-damage|p1a: Carbink|249/324
|-damage|p1a: Carbink|249/324
|move|p1a: Carbink|Reflect|p1a: Carbink|[from]Full Bloom
|-sidestart|p1: Brendan0207|Reflect
|
|split
|-heal|p1a: Carbink|269/324|[from] item: Leftovers
|-heal|p1a: Carbink|269/324|[from] item: Leftovers
|-heal|p1a: Carbink|269/324|[from] item: Leftovers
|-heal|p1a: Carbink|269/324|[from] item: Leftovers
|turn|12
|
|-message|Wind blasts across the field.

TypeError: Cannot read property 'side' of undefined
    at Tools.exports.BattleAbilities.cyclone.onBeforeSwitchIn (/Users/IcyVines/Desktop/Pokemon-Client/data/abilities.js:591:12)
    at Tools.Battle.runEvent (/Users/IcyVines/Desktop/Pokemon-Client/battle-engine.js:2046:38)
    at Tools.Battle.switchIn (/Users/IcyVines/Desktop/Pokemon-Client/battle-engine.js:2391:8)
    at Tools.Battle.runDecision (/Users/IcyVines/Desktop/Pokemon-Client/battle-engine.js:3324:9)
    at Tools.Battle.go (/Users/IcyVines/Desktop/Pokemon-Client/battle-engine.js:3413:9)
    at Tools.Battle.commitDecisions (/Users/IcyVines/Desktop/Pokemon-Client/battle-engine.js:3491:8)
    at Tools.Battle.choose (/Users/IcyVines/Desktop/Pokemon-Client/battle-engine.js:3473:9)
    at Tools.Battle.receive (/Users/IcyVines/Desktop/Pokemon-Client/battle-engine.js:3817:9)
    at process.BattlePokemon.side (/Users/IcyVines/Desktop/Pokemon-Client/battle-engine.js:144:12)
    at process.EventEmitter.emit (events.js:98:17)

Additional information:
message = battle-customgame-925|choose|p2|switch 3|5
currentRequest = move

Log:
|player|p1|Brendan0207|102
|player|p2|IcyVines|8
|gametype|singles
|gen|6
|tier|Custom Game
|clearpoke
|poke|p1|Charizard, M, shiny
|poke|p1|Talonflame, M, shiny
|poke|p1|Aegislash, M, shiny
|poke|p1|Trevenant, M, shiny
|poke|p1|Carbink
|poke|p1|Lucario, M
|poke|p2|Feraligatr, F
|poke|p2|Sceptile, M
|poke|p2|Dragonite, M
|poke|p2|Meganium, M
|poke|p2|Serperior, F
|poke|p2|Samurott, F
|teampreview
|
|start
|split
|switch|p1a: Charizard|Charizard, M, shiny|302/302
|switch|p1a: Charizard|Charizard, M, shiny|302/302
|switch|p1a: Charizard|Charizard, M, shiny|302/302
|switch|p1a: Charizard|Charizard, M, shiny|302/302
|split
|switch|p2a: Serperior|Serperior, F|291/291
|switch|p2a: Serperior|Serperior, F|291/291
|switch|p2a: Serperior|Serperior, F|291/291
|switch|p2a: Serperior|Serperior, F|291/291
|turn|1
|
|-formechange|p1a: Charizard|Charizard-Mega-X
|message|Charizard has Mega Evolved into Mega Charizard!
|move|p2a: Serperior|Outrage|p1a: Charizard
|debug|randBW(100) = 55
|debug|randBW(16) = 9
|debug|randBW(16) = 10
|-supereffective|p1a: Charizard
|split
|-damage|p1a: Charizard|0 fnt
|-damage|p1a: Charizard|0 fnt
|-damage|p1a: Charizard|0 fnt
|-damage|p1a: Charizard|0 fnt
|debug|randBW(2,4) = 2
|split
|-damage|p2a: Serperior|262/291|[from] item: Life Orb
|-damage|p2a: Serperior|262/291|[from] item: Life Orb
|-damage|p2a: Serperior|262/291|[from] item: Life Orb
|-damage|p2a: Serperior|262/291|[from] item: Life Orb
|faint|p1a: Charizard
|-message|Charizard has been dethroned!
|
|
|split
|switch|p1a: Carbink|Carbink|324/324
|switch|p1a: Carbink|Carbink|324/324
|switch|p1a: Carbink|Carbink|324/324
|switch|p1a: Carbink|Carbink|324/324
|-fieldstart|move: Trick Room|[of] p1a: Carbink
|turn|2
|
|move|p1a: Carbink|Reflect|p1a: Carbink
|-sidestart|p1: Brendan0207|Reflect
|move|p2a: Serperior|Outrage|p1a: Carbink
|debug|natural immunity
|-immune|p1a: Carbink|[msg]
|
|-end|p2a: Serperior|rampage
|-start|p2a: Serperior|confusion
|debug|randBW(2,6) = 3
|turn|3
|
|-message|Wind blasts across the field.

TypeError: Object Battle: customgame has no method 'removeTerrain'
    at Tools.exports.BattleAbilities.terraformer.onStart (/Users/IcyVines/Desktop/Pokemon-Client/data/abilities.js:3424:9)
    at Tools.Battle.singleEvent (/Users/IcyVines/Desktop/Pokemon-Client/battle-engine.js:1843:37)
    at Tools.Battle.runDecision (/Users/IcyVines/Desktop/Pokemon-Client/battle-engine.js:3330:10)
    at Tools.Battle.go (/Users/IcyVines/Desktop/Pokemon-Client/battle-engine.js:3413:9)
    at Tools.Battle.commitDecisions (/Users/IcyVines/Desktop/Pokemon-Client/battle-engine.js:3491:8)
    at Tools.Battle.choose (/Users/IcyVines/Desktop/Pokemon-Client/battle-engine.js:3473:9)
    at Tools.Battle.receive (/Users/IcyVines/Desktop/Pokemon-Client/battle-engine.js:3817:9)
    at process.BattlePokemon.side (/Users/IcyVines/Desktop/Pokemon-Client/battle-engine.js:144:12)
    at process.EventEmitter.emit (events.js:98:17)
    at handleMessage (child_process.js:318:10)

Additional information:
message = battle-customgame-1101|choose|p2|team 1|1
currentRequest = teampreview

Log:
|player|p1|IcyVines|265
|player|p2|asdjbfasdf|1
|gametype|singles
|gen|6
|tier|Custom Game
|clearpoke
|poke|p1|Azurill, F
|poke|p1|Flareon, F
|poke|p1|Espeon, M
|poke|p1|Typhlosion, F
|poke|p1|Meganium, F
|poke|p1|Glaceon, M
|poke|p2|Flareon, F
|poke|p2|Blastoise, F
|teampreview
|
|start
|split
|switch|p1a: Dragon Rape|Azurill, F|384/384
|switch|p1a: Dragon Rape|Azurill, F|384/384
|switch|p1a: Dragon Rape|Azurill, F|384/384
|switch|p1a: Dragon Rape|Azurill, F|384/384
|split
|switch|p2a: Flareon|Flareon, F|344/344
|switch|p2a: Flareon|Flareon, F|344/344
|switch|p2a: Flareon|Flareon, F|344/344
|switch|p2a: Flareon|Flareon, F|344/344
|-message|Flareon affects the environment.

ReferenceError: source is not defined
    at Tools.exports.BattleMovedex.lightscreen.effect.onFoeBeforeMove (/Users/IcyVines/Desktop/Pokemon-Client/data/moves.js:7672:8)
    at Tools.Battle.runEvent (/Users/IcyVines/Desktop/Pokemon-Client/battle-engine.js:2048:38)
    at Tools.exports.BattleScripts.runMove (/Users/IcyVines/Desktop/Pokemon-Client/data/scripts.js:24:13)
    at Tools.Battle.runDecision (/Users/IcyVines/Desktop/Pokemon-Client/battle-engine.js:3250:9)
    at Tools.Battle.go (/Users/IcyVines/Desktop/Pokemon-Client/battle-engine.js:3415:9)
    at Tools.Battle.commitDecisions (/Users/IcyVines/Desktop/Pokemon-Client/battle-engine.js:3493:8)
    at Tools.Battle.choose (/Users/IcyVines/Desktop/Pokemon-Client/battle-engine.js:3475:9)
    at Tools.Battle.receive (/Users/IcyVines/Desktop/Pokemon-Client/battle-engine.js:3819:9)
    at process.BattlePokemon.side (/Users/IcyVines/Desktop/Pokemon-Client/battle-engine.js:144:12)
    at process.EventEmitter.emit (events.js:98:17)

Additional information:
message = battle-customgame-1266|choose|p2|move Struggle Bug|3
currentRequest = move

Log:
|player|p1|Brendan0207|265
|player|p2|IcyVines|8
|gametype|singles
|gen|6
|tier|Custom Game
|clearpoke
|poke|p1|Lucario, M
|poke|p1|Chandelure, M, shiny
|poke|p1|Dragonite, M
|poke|p1|Forretress, M, shiny
|poke|p1|Trevenant, F, shiny
|poke|p1|Rotom-Wash, shiny
|poke|p2|Sceptile, M, shiny
|poke|p2|Butterfree, F
|poke|p2|Azurill, F
|poke|p2|Gardevoir, F, shiny
|poke|p2|Heracross, M
|poke|p2|Luxray, M, shiny
|teampreview
|
|start
|split
|switch|p1a: Gluttony|Rotom-Wash, shiny|304/304
|switch|p1a: Gluttony|Rotom-Wash, shiny|304/304
|switch|p1a: Gluttony|Rotom-Wash, shiny|304/304
|switch|p1a: Gluttony|Rotom-Wash, shiny|304/304
|split
|switch|p2a: Butterfree|Butterfree, F|262/262
|switch|p2a: Butterfree|Butterfree, F|262/262
|switch|p2a: Butterfree|Butterfree, F|262/262
|switch|p2a: Butterfree|Butterfree, F|262/262
|-item|p2a: Butterfree|Air Balloon
|turn|1
|
|move|p2a: Butterfree|Struggle Bug|p1a: Gluttony
|debug|randBW(100) = 96
|debug|randBW(16) = 13
|debug|randBW(16) = 4
|split
|-damage|p1a: Gluttony|247/304
|-damage|p1a: Gluttony|247/304
|-damage|p1a: Gluttony|247/304
|-damage|p1a: Gluttony|247/304
|debug|randBW(100) = 49
|-unboost|p1a: Gluttony|spa|1
|move|p1a: Gluttony|Light Screen|p1a: Gluttony
|-sidestart|p1: Brendan0207|move: Light Screen
|
|-message|Even the smallest of actions can grow...
|debug|randBW(5) = 4
|-boost|p2a: Butterfree|spe|1|[from] ability: Butterfly Effect
|-message|And grow larger...
|debug|randBW(5) = 3
|-boost|p2a: Butterfree|spd|1|[from] ability: Butterfly Effect
|turn|2
|
